Component: ARM Compiler 5.06 update 7 (build 960) Tool: armlink [4d3601]

==============================================================================

Section Cross References

    stm32f10x_adc.o(i.ADC_DeInit) refers to stm32f10x_rcc.o(i.RCC_APB2PeriphResetCmd) for RCC_APB2PeriphResetCmd
    stm32f10x_bkp.o(i.BKP_DeInit) refers to stm32f10x_rcc.o(i.RCC_BackupResetCmd) for RCC_BackupResetCmd
    stm32f10x_can.o(i.CAN_DeInit) refers to stm32f10x_rcc.o(i.RCC_APB1PeriphResetCmd) for RCC_APB1PeriphResetCmd
    stm32f10x_can.o(i.CAN_GetITStatus) refers to stm32f10x_can.o(i.CheckITStatus) for CheckITStatus
    stm32f10x_cec.o(i.CEC_DeInit) refers to stm32f10x_rcc.o(i.RCC_APB1PeriphResetCmd) for RCC_APB1PeriphResetCmd
    stm32f10x_dac.o(i.DAC_DeInit) refers to stm32f10x_rcc.o(i.RCC_APB1PeriphResetCmd) for RCC_APB1PeriphResetCmd
    stm32f10x_flash.o(i.FLASH_EnableWriteProtection) refers to stm32f10x_flash.o(i.FLASH_WaitForLastOperation) for FLASH_WaitForLastOperation
    stm32f10x_flash.o(i.FLASH_EraseAllBank1Pages) refers to stm32f10x_flash.o(i.FLASH_WaitForLastBank1Operation) for FLASH_WaitForLastBank1Operation
    stm32f10x_flash.o(i.FLASH_EraseAllPages) refers to stm32f10x_flash.o(i.FLASH_WaitForLastOperation) for FLASH_WaitForLastOperation
    stm32f10x_flash.o(i.FLASH_EraseOptionBytes) refers to stm32f10x_flash.o(i.FLASH_GetReadOutProtectionStatus) for FLASH_GetReadOutProtectionStatus
    stm32f10x_flash.o(i.FLASH_EraseOptionBytes) refers to stm32f10x_flash.o(i.FLASH_WaitForLastOperation) for FLASH_WaitForLastOperation
    stm32f10x_flash.o(i.FLASH_ErasePage) refers to stm32f10x_flash.o(i.FLASH_WaitForLastOperation) for FLASH_WaitForLastOperation
    stm32f10x_flash.o(i.FLASH_ProgramHalfWord) refers to stm32f10x_flash.o(i.FLASH_WaitForLastOperation) for FLASH_WaitForLastOperation
    stm32f10x_flash.o(i.FLASH_ProgramOptionByteData) refers to stm32f10x_flash.o(i.FLASH_WaitForLastOperation) for FLASH_WaitForLastOperation
    stm32f10x_flash.o(i.FLASH_ProgramWord) refers to stm32f10x_flash.o(i.FLASH_WaitForLastOperation) for FLASH_WaitForLastOperation
    stm32f10x_flash.o(i.FLASH_ReadOutProtection) refers to stm32f10x_flash.o(i.FLASH_WaitForLastOperation) for FLASH_WaitForLastOperation
    stm32f10x_flash.o(i.FLASH_UserOptionByteConfig) refers to stm32f10x_flash.o(i.FLASH_WaitForLastOperation) for FLASH_WaitForLastOperation
    stm32f10x_flash.o(i.FLASH_WaitForLastBank1Operation) refers to stm32f10x_flash.o(i.FLASH_GetBank1Status) for FLASH_GetBank1Status
    stm32f10x_flash.o(i.FLASH_WaitForLastOperation) refers to stm32f10x_flash.o(i.FLASH_GetBank1Status) for FLASH_GetBank1Status
    stm32f10x_gpio.o(i.GPIO_AFIODeInit) refers to stm32f10x_rcc.o(i.RCC_APB2PeriphResetCmd) for RCC_APB2PeriphResetCmd
    stm32f10x_gpio.o(i.GPIO_DeInit) refers to stm32f10x_rcc.o(i.RCC_APB2PeriphResetCmd) for RCC_APB2PeriphResetCmd
    stm32f10x_i2c.o(i.I2C_DeInit) refers to stm32f10x_rcc.o(i.RCC_APB1PeriphResetCmd) for RCC_APB1PeriphResetCmd
    stm32f10x_i2c.o(i.I2C_Init) refers to stm32f10x_rcc.o(i.RCC_GetClocksFreq) for RCC_GetClocksFreq
    stm32f10x_pwr.o(i.PWR_DeInit) refers to stm32f10x_rcc.o(i.RCC_APB1PeriphResetCmd) for RCC_APB1PeriphResetCmd
    stm32f10x_rcc.o(i.RCC_GetClocksFreq) refers to stm32f10x_rcc.o(.data) for APBAHBPrescTable
    stm32f10x_rcc.o(i.RCC_WaitForHSEStartUp) refers to stm32f10x_rcc.o(i.RCC_GetFlagStatus) for RCC_GetFlagStatus
    stm32f10x_rtc.o(i.RTC_SetAlarm) refers to stm32f10x_rtc.o(i.RTC_EnterConfigMode) for RTC_EnterConfigMode
    stm32f10x_rtc.o(i.RTC_SetAlarm) refers to stm32f10x_rtc.o(i.RTC_ExitConfigMode) for RTC_ExitConfigMode
    stm32f10x_rtc.o(i.RTC_SetCounter) refers to stm32f10x_rtc.o(i.RTC_EnterConfigMode) for RTC_EnterConfigMode
    stm32f10x_rtc.o(i.RTC_SetCounter) refers to stm32f10x_rtc.o(i.RTC_ExitConfigMode) for RTC_ExitConfigMode
    stm32f10x_rtc.o(i.RTC_SetPrescaler) refers to stm32f10x_rtc.o(i.RTC_EnterConfigMode) for RTC_EnterConfigMode
    stm32f10x_rtc.o(i.RTC_SetPrescaler) refers to stm32f10x_rtc.o(i.RTC_ExitConfigMode) for RTC_ExitConfigMode
    stm32f10x_spi.o(i.I2S_Init) refers to stm32f10x_rcc.o(i.RCC_GetClocksFreq) for RCC_GetClocksFreq
    stm32f10x_spi.o(i.SPI_I2S_DeInit) refers to stm32f10x_rcc.o(i.RCC_APB2PeriphResetCmd) for RCC_APB2PeriphResetCmd
    stm32f10x_spi.o(i.SPI_I2S_DeInit) refers to stm32f10x_rcc.o(i.RCC_APB1PeriphResetCmd) for RCC_APB1PeriphResetCmd
    stm32f10x_tim.o(i.TIM_DeInit) refers to stm32f10x_rcc.o(i.RCC_APB2PeriphResetCmd) for RCC_APB2PeriphResetCmd
    stm32f10x_tim.o(i.TIM_DeInit) refers to stm32f10x_rcc.o(i.RCC_APB1PeriphResetCmd) for RCC_APB1PeriphResetCmd
    stm32f10x_tim.o(i.TIM_ETRClockMode1Config) refers to stm32f10x_tim.o(i.TIM_ETRConfig) for TIM_ETRConfig
    stm32f10x_tim.o(i.TIM_ETRClockMode2Config) refers to stm32f10x_tim.o(i.TIM_ETRConfig) for TIM_ETRConfig
    stm32f10x_tim.o(i.TIM_ICInit) refers to stm32f10x_tim.o(i.TI1_Config) for TI1_Config
[...]
    _printf_u                                0x0800016d   Thumb Code     0  _printf_u.o(.ARM.Collect$$_printf_percent$$0000000A)
    _printf_s                                0x08000173   Thumb Code     0  _printf_s.o(.ARM.Collect$$_printf_percent$$00000014)
    _printf_percent_end                      0x08000179   Thumb Code     0  _printf_percent_end.o(.ARM.Collect$$_printf_percent$$00000017)
    __rt_lib_init                            0x0800017d   Thumb Code     0  libinit.o(.ARM.Collect$$libinit$$00000000)
    __rt_lib_init_fp_1                       0x0800017f   Thumb Code     0  libinit2.o(.ARM.Collect$$libinit$$00000002)
    __rt_lib_init_heap_1                     0x0800017f   Thumb Code     0  libinit2.o(.ARM.Collect$$libinit$$0000000A)
    __rt_lib_init_lc_common                  0x0800017f   Thumb Code     0  libinit2.o(.ARM.Collect$$libinit$$0000000F)
    __rt_lib_init_preinit_1                  0x0800017f   Thumb Code     0  libinit2.o(.ARM.Collect$$libinit$$00000004)
    __rt_lib_init_rand_1                     0x0800017f   Thumb Code     0  libinit2.o(.ARM.Collect$$libinit$$0000000E)
    __rt_lib_init_user_alloc_1               0x0800017f   Thumb Code     0  libinit2.o(.ARM.Collect$$libinit$$0000000C)
    __rt_lib_init_lc_collate_1               0x08000185   Thumb Code     0  libinit2.o(.ARM.Collect$$libinit$$00000011)
    __rt_lib_init_lc_ctype_1                 0x08000185   Thumb Code     0  libinit2.o(.ARM.Collect$$libinit$$00000013)
    __rt_lib_init_lc_monetary_1              0x08000185   Thumb Code     0  libinit2.o(.ARM.Collect$$libinit$$00000015)
    __rt_lib_init_lc_numeric_2               0x08000185   Thumb Code     0  libinit2.o(.ARM.Collect$$libinit$$00000016)
    __rt_lib_init_alloca_1                   0x0800018f   Thumb Code     0  libinit2.o(.ARM.Collect$$libinit$$0000002E)
    __rt_lib_init_argv_1                     0x0800018f   Thumb Code     0  libinit2.o(.ARM.Collect$$libinit$$0000002C)
    __rt_lib_init_atexit_1                   0x0800018f   Thumb Code     0  libinit2.o(.ARM.Collect$$libinit$$0000001B)
    __rt_lib_init_clock_1                    0x0800018f   Thumb Code     0  libinit2.o(.ARM.Collect$$libinit$$00000021)
    __rt_lib_init_cpp_1                      0x0800018f   Thumb Code     0  libinit2.o(.ARM.Collect$$libinit$$00000032)
    __rt_lib_init_exceptions_1               0x0800018f   Thumb Code     0  libinit2.o(.ARM.Collect$$libinit$$00000030)
    __rt_lib_init_fp_trap_1                  0x0800018f   Thumb Code     0  libinit2.o(.ARM.Collect$$libinit$$0000001F)
    __rt_lib_init_getenv_1                   0x0800018f   Thumb Code     0  libinit2.o(.ARM.Collect$$libinit$$00000023)
    __rt_lib_init_lc_numeric_1               0x0800018f   Thumb Code     0  libinit2.o(.ARM.Collect$$libinit$$00000017)
    __rt_lib_init_lc_time_1                  0x0800018f   Thumb Code     0  libinit2.o(.ARM.Collect$$libinit$$00000019)
    __rt_lib_init_return                     0x0800018f   Thumb Code     0  libinit2.o(.ARM.Collect$$libinit$$00000033)
    __rt_lib_init_signal_1                   0x0800018f   Thumb Code     0  libinit2.o(.ARM.Collect$$libinit$$0000001D)
    __rt_lib_init_stdio_1                    0x0800018f   Thumb Code     0  libinit2.o(.ARM.Collect$$libinit$$00000025)
    __rt_lib_shutdown                        0x08000191   Thumb Code     0  libshutdown.o(.ARM.Collect$$libshutdown$$00000000)
    __rt_lib_shutdown_cpp_1                  0x08000193   Thumb Code     0  libshutdown2.o(.ARM.Collect$$libshutdown$$00000004)
    __rt_lib_shutdown_fini_1                 0x08000193   Thumb Code     0  libshutdown2.o(.ARM.Collect$$libshutdown$$00000002)
    __rt_lib_shutdown_fp_trap_1              0x08000193   Thumb Code     0  libshutdown2.o(.ARM.Collect$$libshutdown$$00000009)
    __rt_lib_shutdown_heap_1                 0x08000193   Thumb Code     0  libshutdown2.o(.ARM.Collect$$libshutdown$$00000011)
    __rt_lib_shutdown_return                 0x08000193   Thumb Code     0  libshutdown2.o(.ARM.Collect$$libshutdown$$00000012)
    __rt_lib_shutdown_signal_1               0x08000193   Thumb Code     0  libshutdown2.o(.ARM.Collect$$libshutdown$$0000000C)
    __rt_lib_shutdown_stdio_1                0x08000193   Thumb Code     0  libshutdown2.o(.ARM.Collect$$libshutdown$$00000006)
    __rt_lib_shutdown_user_alloc_1           0x08000193   Thumb Code     0  libshutdown2.o(.ARM.Collect$$libshutdown$$0000000E)
    __rt_entry                               0x08000195   Thumb Code     0  __rtentry.o(.ARM.Collect$$rtentry$$00000000)
    __rt_entry_presh_1                       0x08000195   Thumb Code     0  __rtentry2.o(.ARM.Collect$$rtentry$$00000002)
    __rt_entry_sh                            0x08000195   Thumb Code     0  __rtentry4.o(.ARM.Collect$$rtentry$$00000004)
    __rt_entry_li                            0x0800019b   Thumb Code     0  __rtentry2.o(.ARM.Collect$$rtentry$$0000000A)
    __rt_entry_postsh_1                      0x0800019b   Thumb Code     0  __rtentry2.o(.ARM.Collect$$rtentry$$00000009)
    __rt_entry_main                          0x0800019f   Thumb Code     0  __rtentry2.o(.ARM.Collect$$rtentry$$0000000D)
    __rt_entry_postli_1                      0x0800019f   Thumb Code     0  __rtentry2.o(.ARM.Collect$$rtentry$$0000000C)
    __rt_exit                                0x080001a7   Thumb Code     0  rtexit.o(.ARM.Collect$$rtexit$$00000000)
    __rt_exit_ls                             0x080001a9   Thumb Code     0  rtexit2.o(.ARM.Collect$$rtexit$$00000003)
    __rt_exit_prels_1                        0x080001a9   Thumb Code     0  rtexit2.o(.ARM.Collect$$rtexit$$00000002)
    __rt_exit_exit                           0x080001ad   Thumb Code     0  rtexit2.o(.ARM.Collect$$rtexit$$00000004)
    SVC_Handler                              0x080001b5   Thumb Code    32  port.o(.emb_text)
    __asm___6_port_c_39a90d8d__prvStartFirstTask 0x080001d9   Thumb Code    28  port.o(.emb_text)
    PendSV_Handler                           0x080001f9   Thumb Code    72  port.o(.emb_text)
    vPortGetIPSR                             0x08000245   Thumb Code     6  port.o(.emb_text)
    Reset_Handler                            0x0800024d   Thumb Code     8  startup_stm32f10x_md.o(.text)
    ADC1_2_IRQHandler                        0x08000267   Thumb Code     0  startup_stm32f10x_md.o(.text)
    CAN1_RX1_IRQHandler                      0x08000267   Thumb Code     0  startup_stm32f10x_md.o(.text)
    CAN1_SCE_IRQHandler                      0x08000267   Thumb Code     0  startup_stm32f10x_md.o(.text)
    DMA1_Channel1_IRQHandler                 0x08000267   Thumb Code     0  startup_stm32f10x_md.o(.text)
    DMA1_Channel2_IRQHandler                 0x08000267   Thumb Code     0  startup_stm32f10x_md.o(.text)
    DMA1_Channel3_IRQHandler                 0x08000267   Thumb Code     0  startup_stm32f10x_md.o(.text)
    DMA1_Channel4_IRQHandler                 0x08000267   Thumb Code     0  startup_stm32f10x_md.o(.text)
    DMA1_Channel5_IRQHandler                 0x08000267   Thumb Code     0  startup_stm32f10x_md.o(.text)
    DMA1_Channel6_IRQHandler                 0x08000267   Thumb Code     0  startup_stm32f10x_md.o(.text)
    DMA1_Channel7_IRQHandler                 0x08000267   Thumb Code     0  startup_stm32f10x_md.o(.text)
    EXTI0_IRQHandler                         0x08000267   Thumb Code     0  startup_stm32f10x_md.o(.text)
    EXTI15_10_IRQHandler                     0x08000267   Thumb Code     0  startup_stm32f10x_md.o(.text)
    EXTI1_IRQHandler                         0x08000267   Thumb Code     0  startup_stm32f10x_md.o(.text)
    EXTI2_IRQHandler                         0x08000267   Thumb Code     0  startup_stm32f10x_md.o(.text)
    EXTI3_IRQHandler                         0x08000267   Thumb Code     0  startup_stm32f10x_md.o(.text)
    EXTI4_IRQHandler                         0x08000267   Thumb Code     0  startup_stm32f10x_md.o(.text)
    EXTI9_5_IRQHandler                       0x08000267   Thumb Code     0  startup_stm32f10x_md.o(.text)
    FLASH_IRQHandler                         0x08000267   Thumb Code     0  startup_stm32f10x_md.o(.text)
    I2C1_ER_IRQHandler                       0x08000267   Thumb Code     0  startup_stm32f10x_md.o(.text)
    I2C1_EV_IRQHandler                       0x08000267   Thumb Code     0  startup_stm32f10x_md.o(.text)
    I2C2_ER_IRQHandler                       0x08000267   Thumb Code     0  startup_stm32f10x_md.o(.text)
    I2C2_EV_IRQHandler                       0x08000267   Thumb Code     0  startup_stm32f10x_md.o(.text)
    PVD_IRQHandler                           0x08000267   Thumb Code     0  startup_stm32f10x_md.o(.text)
    RCC_IRQHandler                           0x08000267   Thumb Code     0  startup_stm32f10x_md.o(.text)
    RTCAlarm_IRQHandler                      0x08000267   Thumb Code     0  startup_stm32f10x_md.o(.text)
    RTC_IRQHandler                           0x08000267   Thumb Code     0  startup_stm32f10x_md.o(.text)
    SPI1_IRQHandler                          0x08000267   Thumb Code     0  startup_stm32f10x_md.o(.text)
    SPI2_IRQHandler                          0x08000267   Thumb Code     0  startup_stm32f10x_md.o(.text)
    TAMPER_IRQHandler                        0x08000267   Thumb Code     0  startup_stm32f10x_md.o(.text)
    TIM1_BRK_IRQHandler                      0x08000267   Thumb Code     0  startup_stm32f10x_md.o(.text)
    TIM1_CC_IRQHandler                       0x08000267   Thumb Code     0  startup_stm32f10x_md.o(.text)
    TIM1_TRG_COM_IRQHandler                  0x08000267   Thumb Code     0  startup_stm32f10x_md.o(.text)
    TIM1_UP_IRQHandler                       0x08000267   Thumb Code     0  startup_stm32f10x_md.o(.text)
    TIM2_IRQHandler                          0x08000267   Thumb Code     0  startup_stm32f10x_md.o(.text)
    TIM3_IRQHandler                          0x08000267   Thumb Code     0  startup_stm32f10x_md.o(.text)
    TIM4_IRQHandler                          0x08000267   Thumb Code     0  startup_stm32f10x_md.o(.text)
    USART3_IRQHandler                        0x08000267   Thumb Code     0  startup_stm32f10x_md.o(.text)
    USBWakeUp_IRQHandler                     0x08000267   Thumb Code     0  startup_stm32f10x_md.o(.text)
    USB_HP_CAN1_TX_IRQHandler                0x08000267   Thumb Code     0  startup_stm32f10x_md.o(.text)
    USB_LP_CAN1_RX0_IRQHandler               0x08000267   Thumb Code     0  startup_stm32f10x_md.o(.text)
    WWDG_IRQHandler                          0x08000267   Thumb Code     0  startup_stm32f10x_md.o(.text)
    __user_initial_stackheap                 0x08000269   Thumb Code     0  startup_stm32f10x_md.o(.text)
    __use_no_semihosting                     0x0800028d   Thumb Code     2  use_no_semi_2.o(.text)
    __2printf                                0x08000291   Thumb Code    20  noretval__2printf.o(.text)
    __2snprintf                              0x080002a9   Thumb Code    48  noretval__2snprintf.o(.text)
    _printf_str                              0x080002dd   Thumb Code    82  _printf_str.o(.text)
    _printf_int_dec                          0x08000331   Thumb Code   104  _printf_dec.o(.text)
    __printf                                 0x080003a9   Thumb Code   270  __printf_wp.o(.text)
    strstr                                   0x080004b7   Thumb Code    36  strstr.o(.text)
    strlen                                   0x080004db   Thumb Code    62  strlen.o(.text)
    __aeabi_memcpy                           0x08000519   Thumb Code     0  rt_memcpy_v6.o(.text)
    __rt_memcpy                              0x08000519   Thumb Code   138  rt_memcpy_v6.o(.text)
    _memcpy_lastbytes                        0x0800057f   Thumb Code     0  rt_memcpy_v6.o(.text)
    __aeabi_memset                           0x080005a3   Thumb Code    16  aeabi_memset.o(.text)
    __aeabi_memclr                           0x080005b3   Thumb Code     0  rt_memclr.o(.text)
    __rt_memclr                              0x080005b3   Thumb Code    68  rt_memclr.o(.text)
    _memset                                  0x080005b7   Thumb Code     0  rt_memclr.o(.text)
    __aeabi_memclr4                          0x080005f7   Thumb Code     0  rt_memclr_w.o(.text)
    __aeabi_memclr8                          0x080005f7   Thumb Code     0  rt_memclr_w.o(.text)
    __rt_memclr_w                            0x080005f7   Thumb Code    78  rt_memclr_w.o(.text)
    _memset_w                                0x080005fb   Thumb Code     0  rt_memclr_w.o(.text)
    __use_two_region_memory                  0x08000645   Thumb Code     2  heapauxi.o(.text)
    __rt_heap_escrow$2region                 0x08000647   Thumb Code     2  heapauxi.o(.text)
    __rt_heap_expand$2region                 0x08000649   Thumb Code     2  heapauxi.o(.text)
    __I$use$semihosting                      0x0800064b   Thumb Code     0  use_no_semi.o(.text)
    __use_no_semihosting_swi                 0x0800064b   Thumb Code     2  use_no_semi.o(.text)
    __read_errno                             0x0800064d   Thumb Code    10  _rserrno.o(.text)
    __set_errno                              0x08000657   Thumb Code    12  _rserrno.o(.text)
    _printf_int_common                       0x08000663   Thumb Code   178  _printf_intcommon.o(.text)
    __lib_sel_fp_printf                      0x08000715   Thumb Code     2  _printf_fp_dec.o(.text)
    _printf_fp_dec_real                      0x080008c7   Thumb Code   620  _printf_fp_dec.o(.text)
    _printf_char_common                      0x08000b3f   Thumb Code    32  _printf_char_common.o(.text)
    _sputc                                   0x08000b65   Thumb Code    10  _sputc.o(.text)
    _snputc                                  0x08000b6f   Thumb Code    16  _snputc.o(.text)
    _printf_cs_common                        0x08000b7f   Thumb Code    20  _printf_char.o(.text)
    _printf_char                             0x08000b93   Thumb Code    16  _printf_char.o(.text)
    _printf_string                           0x08000ba3   Thumb Code     8  _printf_char.o(.text)
    _printf_char_file                        0x08000bad   Thumb Code    32  _printf_char_file.o(.text)
    __aeabi_memcpy4                          0x08000bd1   Thumb Code     0  rt_memcpy_w.o(.text)
    __aeabi_memcpy8                          0x08000bd1   Thumb Code     0  rt_memcpy_w.o(.text)
    __rt_memcpy_w                            0x08000bd1   Thumb Code   100  rt_memcpy_w.o(.text)
    _memcpy_lastbytes_aligned                0x08000c19   Thumb Code     0  rt_memcpy_w.o(.text)
    __rt_locale                              0x08000c35   Thumb Code     8  rt_locale_intlibspace.o(.text)
    __aeabi_errno_addr                       0x08000c3d   Thumb Code     8  rt_errno_addr_intlibspace.o(.text)
    __errno$intlibspace                      0x08000c3d   Thumb Code     0  rt_errno_addr_intlibspace.o(.text)
    __rt_errno_addr$intlibspace              0x08000c3d   Thumb Code     0  rt_errno_addr_intlibspace.o(.text)
    _ll_udiv10                               0x08000c45   Thumb Code   138  lludiv10.o(.text)
    _printf_fp_infnan                        0x08000cd1   Thumb Code   112  _printf_fp_infnan.o(.text)
    _btod_etento                             0x08000d51   Thumb Code   224  bigflt0.o(.text)
    ferror                                   0x08000e35   Thumb Code     8  ferror.o(.text)
    __user_libspace                          0x08000e3d   Thumb Code     8  libspace.o(.text)
    __user_perproc_libspace                  0x08000e3d   Thumb Code     0  libspace.o(.text)
    __user_perthread_libspace                0x08000e3d   Thumb Code     0  libspace.o(.text)
    __user_setup_stackheap                   0x08000e45   Thumb Code    74  sys_stackheap_outer.o(.text)
    exit                                     0x08000e8f   Thumb Code    18  exit.o(.text)
    strcmp                                   0x08000ea1   Thumb Code   128  strcmpv7m.o(.text)
    _btod_d2e                                0x08000f21   Thumb Code    62  btod.o(CL$$btod_d2e)
    _d2e_denorm_low                          0x08000f5f   Thumb Code    70  btod.o(CL$$btod_d2e_denorm_low)
    _d2e_norm_op1                            0x08000fa5   Thumb Code    96  btod.o(CL$$btod_d2e_norm_op1)
    __btod_div_common                        0x08001005   Thumb Code   696  btod.o(CL$$btod_div_common)
    _e2e                                     0x0800133d   Thumb Code   220  btod.o(CL$$btod_e2e)
    _btod_ediv                               0x08001419   Thumb Code    42  btod.o(CL$$btod_ediv)
    _btod_emul                               0x08001443   Thumb Code    42  btod.o(CL$$btod_emul)
    __btod_mult_common                       0x0800146d   Thumb Code   580  btod.o(CL$$btod_mult_common)
    ADC_Cmd                                  0x080016b1   Thumb Code    22  stm32f10x_adc.o(i.ADC_Cmd)
    ADC_DeInit                               0x080016c9   Thumb Code    78  stm32f10x_adc.o(i.ADC_DeInit)
    ADC_GetCalibrationStatus                 0x08001725   Thumb Code    20  stm32f10x_adc.o(i.ADC_GetCalibrationStatus)
    ADC_GetConversionValue                   0x08001739   Thumb Code     8  stm32f10x_adc.o(i.ADC_GetConversionValue)
    ADC_GetFlagStatus                        0x08001741   Thumb Code    18  stm32f10x_adc.o(i.ADC_GetFlagStatus)
    ADC_GetResetCalibrationStatus            0x08001753   Thumb Code    20  stm32f10x_adc.o(i.ADC_GetResetCalibrationStatus)
    ADC_Init                                 0x08001769   Thumb Code    70  stm32f10x_adc.o(i.ADC_Init)
    ADC_RegularChannelConfig                 0x080017b9   Thumb Code   184  stm32f10x_adc.o(i.ADC_RegularChannelConfig)
    ADC_ResetCalibration                     0x08001871   Thumb Code    10  stm32f10x_adc.o(i.ADC_ResetCalibration)
    ADC_SoftwareStartConvCmd                 0x0800187b   Thumb Code    22  stm32f10x_adc.o(i.ADC_SoftwareStartConvCmd)
    ADC_StartCalibration                     0x08001891   Thumb Code    10  stm32f10x_adc.o(i.ADC_StartCalibration)
    AHT20_Init                               0x0800189b   Thumb Code    40  aht20.o(i.AHT20_Init)
    AHT20_ReadState                          0x080018ef   Thumb Code    38  aht20.o(i.AHT20_ReadState)
    AHT20_ReadTemperatureHumidity            0x08001915   Thumb Code   260  aht20.o(i.AHT20_ReadTemperatureHumidity)
    AHT20_WriteHalfword                      0x08001a29   Thumb Code    58  aht20.o(i.AHT20_WriteHalfword)
    AHT20_WriteInit                          0x08001a63   Thumb Code    14  aht20.o(i.AHT20_WriteInit)
    AHT20_WriteMeasure                       0x08001a71   Thumb Code    14  aht20.o(i.AHT20_WriteMeasure)
    BH1750_Init                              0x08001a7f   Thumb Code    76  aht20.o(i.BH1750_Init)
    BH1750_ReadLux                           0x08001acd   Thumb Code    68  aht20.o(i.BH1750_ReadLux)
    BusFault_Handler                         0x08001b15   Thumb Code     4  stm32f10x_it.o(i.BusFault_Handler)
    DebugMon_Handler                         0x08001b19   Thumb Code     2  stm32f10x_it.o(i.DebugMon_Handler)
    Delay_ms                                 0x08001b1b   Thumb Code    24  delay.o(i.Delay_ms)
    Delay_us                                 0x08001b33   Thumb Code    46  delay.o(i.Delay_us)
    ESP8266_ClearRxBuffer                    0x08001b95   Thumb Code    28  esp8266.o(i.ESP8266_ClearRxBuffer)
    ESP8266_ConnectWiFi                      0x08001bb9   Thumb Code    90  esp8266.o(i.ESP8266_ConnectWiFi)
    ESP8266_CopyRxBuffer                     0x08001c41   Thumb Code    46  esp8266.o(i.ESP8266_CopyRxBuffer)
    ESP8266_GetRxBuffer                      0x08001c79   Thumb Code    24  esp8266.o(i.ESP8266_GetRxBuffer)
    ESP8266_Init                             0x08001c99   Thumb Code   158  esp8266.o(i.ESP8266_Init)
    ESP8266_SendAT                           0x08001d41   Thumb Code    34  esp8266.o(i.ESP8266_SendAT)
    ESP8266_SendByte                         0x08001d69   Thumb Code    28  esp8266.o(i.ESP8266_SendByte)
    ESP8266_SendRaw                          0x08001d89   Thumb Code    90  esp8266.o(i.ESP8266_SendRaw)
    ESP8266_SendString                       0x08001e01   Thumb Code    22  esp8266.o(i.ESP8266_SendString)
    ESP8266_SetModeStation                   0x08001e19   Thumb Code    24  esp8266.o(i.ESP8266_SetModeStation)
    ESP8266_StartTCP                         0x08001e65   Thumb Code    64  esp8266.o(i.ESP8266_StartTCP)
    ESP8266_Test                             0x08001edd   Thumb Code    16  esp8266.o(i.ESP8266_Test)
    GPIO_Init                                0x08001f31   Thumb Code   278  stm32f10x_gpio.o(i.GPIO_Init)
    GPIO_ReadInputDataBit                    0x08002047   Thumb Code    18  stm32f10x_gpio.o(i.GPIO_ReadInputDataBit)
    GPIO_ResetBits                           0x08002059   Thumb Code     4  stm32f10x_gpio.o(i.GPIO_ResetBits)
    GPIO_SetBits                             0x0800205d   Thumb Code     4  stm32f10x_gpio.o(i.GPIO_SetBits)
    GPIO_WriteBit                            0x08002061   Thumb Code    10  stm32f10x_gpio.o(i.GPIO_WriteBit)
    HC_SR501_Init                            0x0800206d   Thumb Code    40  hc_sr501.o(i.HC_SR501_Init)
    HC_SR501_ReadState                       0x08002099   Thumb Code    14  hc_sr501.o(i.HC_SR501_ReadState)
    HardFault_Handler                        0x080020ad   Thumb Code     4  stm32f10x_it.o(i.HardFault_Handler)
    LCD_Clear                                0x080020b1   Thumb Code    84  lcd.o(i.LCD_Clear)
    LCD_DrawPoint                            0x08002111   Thumb Code    24  lcd.o(i.LCD_DrawPoint)
    LCD_Fill                                 0x0800212d   Thumb Code   110  gui.o(i.LCD_Fill)
    LCD_GPIOInit                             0x080021a1   Thumb Code    40  lcd.o(i.LCD_GPIOInit)
    LCD_Init                                 0x080021cd   Thumb Code   570  lcd.o(i.LCD_Init)
    LCD_RESET                                0x0800240d   Thumb Code    34  lcd.o(i.LCD_RESET)
    LCD_SetCursor                            0x08002435   Thumb Code    20  lcd.o(i.LCD_SetCursor)
    LCD_SetWindows                           0x08002449   Thumb Code   108  lcd.o(i.LCD_SetWindows)
    LCD_ShowChar                             0x080024b9   Thumb Code   276  gui.o(i.LCD_ShowChar)
    LCD_ShowNum                              0x080025dd   Thumb Code   168  gui.o(i.LCD_ShowNum)
    LCD_ShowString                           0x0800268d   Thumb Code    94  gui.o(i.LCD_ShowString)
    LCD_WR_DATA                              0x080026f9   Thumb Code    34  lcd.o(i.LCD_WR_DATA)
    LCD_WR_REG                               0x08002729   Thumb Code    34  lcd.o(i.LCD_WR_REG)
    LCD_WriteRAM_Prepare                     0x08002759   Thumb Code    12  lcd.o(i.LCD_WriteRAM_Prepare)
    LCD_WriteReg                             0x08002769   Thumb Code    20  lcd.o(i.LCD_WriteReg)
    LCD_direction                            0x0800277d   Thumb Code   144  lcd.o(i.LCD_direction)
    LED_Init                                 0x08002811   Thumb Code    40  led.o(i.LED_Init)
    LED_OFF                                  0x0800283d   Thumb Code    14  led.o(i.LED_OFF)
    LED_ON                                   0x08002851   Thumb Code    14  led.o(i.LED_ON)
    Lcd_WriteData_16Bit                      0x08002865   Thumb Code    42  lcd.o(i.Lcd_WriteData_16Bit)
    MQ4_ReadAO                               0x0800289d   Thumb Code    10  mq.o(i.MQ4_ReadAO)
    MQ4_ReadAO_Avg                           0x080028a7   Thumb Code    36  mq.o(i.MQ4_ReadAO_Avg)
    MQ4_ReadDO                               0x080028cd   Thumb Code    12  mq.o(i.MQ4_ReadDO)
    MQ4_ReadPPM_FromAO                       0x080028dd   Thumb Code    66  mq.o(i.MQ4_ReadPPM_FromAO)
    MQ7_ReadAO                               0x08002931   Thumb Code    10  mq.o(i.MQ7_ReadAO)
    MQ7_ReadAO_Avg                           0x0800293b   Thumb Code    36  mq.o(i.MQ7_ReadAO_Avg)
    MQ7_ReadDO                               0x08002961   Thumb Code    12  mq.o(i.MQ7_ReadDO)
    MQ7_ReadPPM_FromAO                       0x08002971   Thumb Code    66  mq.o(i.MQ7_ReadPPM_FromAO)
    MQ_Init                                  0x08002aa9   Thumb Code   144  mq.o(i.MQ_Init)
    MemManage_Handler                        0x08002c05   Thumb Code     4  stm32f10x_it.o(i.MemManage_Handler)
    MyI2C_Init                               0x08002c29   Thumb Code    46  myi2c.o(i.MyI2C_Init)
    MyI2C_R_SDA                              0x08002c5d   Thumb Code    20  myi2c.o(i.MyI2C_R_SDA)
    MyI2C_ReceiveAck                         0x08002c75   Thumb Code    30  myi2c.o(i.MyI2C_ReceiveAck)
    MyI2C_ReceiveByte                        0x08002c93   Thumb Code    52  myi2c.o(i.MyI2C_ReceiveByte)
    MyI2C_SendAck                            0x08002cc7   Thumb Code    24  myi2c.o(i.MyI2C_SendAck)
    MyI2C_SendByte                           0x08002cdf   Thumb Code    42  myi2c.o(i.MyI2C_SendByte)
    MyI2C_Start                              0x08002d09   Thumb Code    28  myi2c.o(i.MyI2C_Start)
    MyI2C_Stop                               0x08002d25   Thumb Code    22  myi2c.o(i.MyI2C_Stop)
    MyI2C_W_SCL                              0x08002d3d   Thumb Code    20  myi2c.o(i.MyI2C_W_SCL)
    MyI2C_W_SDA                              0x08002d55   Thumb Code    20  myi2c.o(i.MyI2C_W_SDA)
    MySPI_Init                               0x08002d6d   Thumb Code   144  myspi.o(i.MySPI_Init)
    MySPI_W_SS                               0x08002e05   Thumb Code    16  myspi.o(i.MySPI_W_SS)
    MySPI_WriteByte                          0x08002e19   Thumb Code    52  myspi.o(i.MySPI_WriteByte)
    NMI_Handler                              0x08002e4d   Thumb Code     2  stm32f10x_it.o(i.NMI_Handler)
    NVIC_Init                                0x08002e51   Thumb Code   100  misc.o(i.NVIC_Init)
    OneNet_MQTT_Connect                      0x08002ee5   Thumb Code   414  onenet.o(i.OneNet_MQTT_Connect)
    OneNet_MQTT_GetConnAckCode               0x080032ed   Thumb Code     8  onenet.o(i.OneNet_MQTT_GetConnAckCode)
    OneNet_MQTT_GetLastError                 0x080032f9   Thumb Code     6  onenet.o(i.OneNet_MQTT_GetLastError)
    OneNet_MQTT_Publish                      0x08003305   Thumb Code   260  onenet.o(i.OneNet_MQTT_Publish)
    RCC_APB1PeriphClockCmd                   0x08003431   Thumb Code    26  stm32f10x_rcc.o(i.RCC_APB1PeriphClockCmd)
    RCC_APB2PeriphClockCmd                   0x08003451   Thumb Code    26  stm32f10x_rcc.o(i.RCC_APB2PeriphClockCmd)
    RCC_APB2PeriphResetCmd                   0x08003471   Thumb Code    26  stm32f10x_rcc.o(i.RCC_APB2PeriphResetCmd)
    RCC_GetClocksFreq                        0x08003491   Thumb Code   192  stm32f10x_rcc.o(i.RCC_GetClocksFreq)
    SPI_Cmd                                  0x08003565   Thumb Code    24  stm32f10x_spi.o(i.SPI_Cmd)
    SPI_I2S_GetFlagStatus                    0x0800357d   Thumb Code    18  stm32f10x_spi.o(i.SPI_I2S_GetFlagStatus)
    SPI_I2S_ReceiveData                      0x0800358f   Thumb Code     6  stm32f10x_spi.o(i.SPI_I2S_ReceiveData)
    SPI_I2S_SendData                         0x08003595   Thumb Code     4  stm32f10x_spi.o(i.SPI_I2S_SendData)
    SPI_Init                                 0x08003599   Thumb Code    60  stm32f10x_spi.o(i.SPI_Init)
    SysTick_Handler                          0x080036bd   Thumb Code     8  stm32f10x_it.o(i.SysTick_Handler)
    SystemInit                               0x080036c5   Thumb Code    78  system_stm32f10x.o(i.SystemInit)
    UART_Init                                0x08003725   Thumb Code   154  uart.o(i.UART_Init)
    UART_SendByte                            0x080037d5   Thumb Code    28  uart.o(i.UART_SendByte)
    USART1_IRQHandler                        0x080037f5   Thumb Code    64  uart.o(i.USART1_IRQHandler)
    USART2_IRQHandler                        0x08003845   Thumb Code    80  esp8266.o(i.USART2_IRQHandler)
    USART_ClearITPendingBit                  0x080038a1   Thumb Code    30  stm32f10x_usart.o(i.USART_ClearITPendingBit)
    USART_Cmd                                0x080038bf   Thumb Code    24  stm32f10x_usart.o(i.USART_Cmd)
    USART_GetFlagStatus                      0x080038d7   Thumb Code    26  stm32f10x_usart.o(i.USART_GetFlagStatus)
    USART_GetITStatus                        0x080038f1   Thumb Code    84  stm32f10x_usart.o(i.USART_GetITStatus)
    USART_ITConfig                           0x08003945   Thumb Code    74  stm32f10x_usart.o(i.USART_ITConfig)
    USART_Init                               0x08003991   Thumb Code   210  stm32f10x_usart.o(i.USART_Init)
    USART_ReceiveData                        0x08003a69   Thumb Code    10  stm32f10x_usart.o(i.USART_ReceiveData)
    USART_SendData                           0x08003a73   Thumb Code     8  stm32f10x_usart.o(i.USART_SendData)
    UsageFault_Handler                       0x08003a7b   Thumb Code     4  stm32f10x_it.o(i.UsageFault_Handler)
    __ARM_fpclassify                         0x08003a7f   Thumb Code    40  fpclassify.o(i.__ARM_fpclassify)
    __ARM_fpclassifyf                        0x08003aa7   Thumb Code    38  fpclassifyf.o(i.__ARM_fpclassifyf)
    __mathlib_flt_divzero                    0x08003acd   Thumb Code    10  funder.o(i.__mathlib_flt_divzero)
    __mathlib_flt_infnan                     0x08003ad7   Thumb Code     6  funder.o(i.__mathlib_flt_infnan)
    __mathlib_flt_infnan2                    0x08003add   Thumb Code     4  funder.o(i.__mathlib_flt_infnan2)
    __mathlib_flt_invalid                    0x08003ae1   Thumb Code     8  funder.o(i.__mathlib_flt_invalid)
    __mathlib_flt_overflow                   0x08003ae9   Thumb Code    10  funder.o(i.__mathlib_flt_overflow)
    __mathlib_flt_underflow                  0x08003af3   Thumb Code    10  funder.o(i.__mathlib_flt_underflow)
    _is_digit                                0x08003afd   Thumb Code    14  __printf_wp.o(i._is_digit)
    _sys_exit                                0x08003b0b   Thumb Code     2  uart.o(i._sys_exit)
    fputc                                    0x08003b0d   Thumb Code    16  uart.o(i.fputc)
    freertos_demo                            0x08003b1d   Thumb Code    32  freertos_demo.o(i.freertos_demo)
    log10f                                   0x08003b51   Thumb Code   384  log10f.o(i.log10f)
    main                                     0x08003d05   Thumb Code    34  main.o(i.main)
    mypow                                    0x08003d49   Thumb Code    22  gui.o(i.mypow)
    __mathlib_powf                           0x08003d61   Thumb Code     0  powf.o(i.powf)
    powf                                     0x08003d61   Thumb Code  1548  powf.o(i.powf)
    pvPortMalloc                             0x08004d19   Thumb Code   228  heap_4.o(i.pvPortMalloc)
    pxPortInitialiseStack                    0x08004e15   Thumb Code    30  port.o(i.pxPortInitialiseStack)
    start_task                               0x08004e39   Thumb Code   122  freertos_demo.o(i.start_task)
    task1                                    0x08004f09   Thumb Code    10  freertos_demo.o(i.task1)
    task2                                    0x08004f15   Thumb Code   828  freertos_demo.o(i.task2)
    task3                                    0x08005309   Thumb Code    76  freertos_demo.o(i.task3)
    task4                                    0x0800536d   Thumb Code    40  freertos_demo.o(i.task4)
    task5                                    0x08005399   Thumb Code   384  freertos_demo.o(i.task5)
    uxListRemove                             0x080056cd   Thumb Code    40  list.o(i.uxListRemove)
    vListInitialise                          0x080056f5   Thumb Code    26  list.o(i.vListInitialise)
    vListInitialiseItem                      0x0800570f   Thumb Code     6  list.o(i.vListInitialiseItem)
    vListInsert                              0x08005715   Thumb Code    52  list.o(i.vListInsert)
    vListInsertEnd                           0x08005749   Thumb Code    24  list.o(i.vListInsertEnd)
    vPortEnterCritical                       0x08005761   Thumb Code    30  port.o(i.vPortEnterCritical)
    vPortExitCritical                        0x08005785   Thumb Code    28  port.o(i.vPortExitCritical)
    vPortFree                                0x080057a5   Thumb Code    74  heap_4.o(i.vPortFree)
    vPortSetupTimerInterrupt                 0x080057fd   Thumb Code    38  port.o(i.vPortSetupTimerInterrupt)
    vQueueAddToRegistry                      0x08005829   Thumb Code    66  queue.o(i.vQueueAddToRegistry)
    vQueueWaitForMessageRestricted           0x08005871   Thumb Code    74  queue.o(i.vQueueWaitForMessageRestricted)
    vTaskDelay                               0x080058bd   Thumb Code    46  tasks.o(i.vTaskDelay)
    vTaskDelete                              0x080058f1   Thumb Code   174  tasks.o(i.vTaskDelete)
    vTaskInternalSetTimeOutState             0x080059c5   Thumb Code    14  tasks.o(i.vTaskInternalSetTimeOutState)
    vTaskMissedYield                         0x080059dd   Thumb Code     8  tasks.o(i.vTaskMissedYield)
    vTaskPlaceOnEventList                    0x080059e9   Thumb Code    28  tasks.o(i.vTaskPlaceOnEventList)
    vTaskPlaceOnEventListRestricted          0x08005a09   Thumb Code    70  tasks.o(i.vTaskPlaceOnEventListRestricted)
    vTaskStartScheduler                      0x08005a55   Thumb Code    86  tasks.o(i.vTaskStartScheduler)
    vTaskSuspendAll                          0x08005acd   Thumb Code    12  tasks.o(i.vTaskSuspendAll)
    vTaskSwitchContext                       0x08005add   Thumb Code    76  tasks.o(i.vTaskSwitchContext)
    xPortStartScheduler                      0x08005b3d   Thumb Code    42  port.o(i.xPortStartScheduler)
    xPortSysTickHandler                      0x08005b71   Thumb Code    46  port.o(i.xPortSysTickHandler)
    xQueueGenericCreate                      0x08005ba5   Thumb Code    76  queue.o(i.xQueueGenericCreate)
    xQueueGenericReset                       0x08005bf1   Thumb Code   156  queue.o(i.xQueueGenericReset)
    xQueueReceive                            0x08005c91   Thumb Code   256  queue.o(i.xQueueReceive)
    xTaskCheckForTimeOut                     0x08005d95   Thumb Code   112  tasks.o(i.xTaskCheckForTimeOut)
    xTaskCreate                              0x08005e11   Thumb Code    96  tasks.o(i.xTaskCreate)
    xTaskGetTickCount                        0x08005e71   Thumb Code     6  tasks.o(i.xTaskGetTickCount)
    xTaskIncrementTick                       0x08005e7d   Thumb Code   356  tasks.o(i.xTaskIncrementTick)
    xTaskPriorityDisinherit                  0x0800600d   Thumb Code   162  tasks.o(i.xTaskPriorityDisinherit)
    xTaskRemoveFromEventList                 0x080060b9   Thumb Code   240  tasks.o(i.xTaskRemoveFromEventList)
    xTaskResumeAll                           0x080061c1   Thumb Code   310  tasks.o(i.xTaskResumeAll)
    xTimerCreateTimerTask                    0x0800631d   Thumb Code    42  timers.o(i.xTimerCreateTimerTask)
    _get_lc_numeric                          0x0800635d   Thumb Code    44  lc_numeric_c.o(locale$$code)
    __fpl_dretinf                            0x08006389   Thumb Code    12  dretinf.o(x$fpl$dretinf)
    __aeabi_f2d                              0x08006395   Thumb Code     0  f2d.o(x$fpl$f2d)
    _f2d                                     0x08006395   Thumb Code    86  f2d.o(x$fpl$f2d)
    __aeabi_fadd                             0x080063ed   Thumb Code     0  faddsub_clz.o(x$fpl$fadd)
    _fadd                                    0x080063ed   Thumb Code   196  faddsub_clz.o(x$fpl$fadd)
    __fpl_fcheck_NaN1                        0x080064b1   Thumb Code     6  fcheck1.o(x$fpl$fcheck1)
    __fpl_fcmp_Inf                           0x080064bd   Thumb Code    24  fcmpi.o(x$fpl$fcmpinf)
    __aeabi_fdiv                             0x080064d5   Thumb Code     0  fdiv.o(x$fpl$fdiv)
    _fdiv                                    0x080064d5   Thumb Code   384  fdiv.o(x$fpl$fdiv)
    __aeabi_f2iz                             0x08006659   Thumb Code     0  ffix.o(x$fpl$ffix)
    _ffix                                    0x08006659   Thumb Code    54  ffix.o(x$fpl$ffix)
    _ffix_r                                  0x08006691   Thumb Code    82  ffix.o(x$fpl$ffixr)
    __aeabi_f2uiz                            0x080066e5   Thumb Code     0  ffixu.o(x$fpl$ffixu)
    _ffixu                                   0x080066e5   Thumb Code    62  ffixu.o(x$fpl$ffixu)
    __aeabi_i2f                              0x08006725   Thumb Code     0  fflt_clz.o(x$fpl$fflt)
    _fflt                                    0x08006725   Thumb Code    48  fflt_clz.o(x$fpl$fflt)
    __aeabi_ui2f                             0x08006755   Thumb Code     0  fflt_clz.o(x$fpl$ffltu)
    _ffltu                                   0x08006755   Thumb Code    38  fflt_clz.o(x$fpl$ffltu)
    __aeabi_cfcmple                          0x0800677d   Thumb Code     0  fleqf.o(x$fpl$fleqf)
    _fcmple                                  0x0800677d   Thumb Code   104  fleqf.o(x$fpl$fleqf)
    __fpl_fcmple_InfNaN                      0x080067cf   Thumb Code     0  fleqf.o(x$fpl$fleqf)
    __aeabi_fmul                             0x080067e5   Thumb Code     0  fmul.o(x$fpl$fmul)
    _fmul                                    0x080067e5   Thumb Code   258  fmul.o(x$fpl$fmul)
    __fpl_fnaninf                            0x080068e7   Thumb Code   140  fnaninf.o(x$fpl$fnaninf)
    __fpl_fretinf                            0x08006973   Thumb Code    10  fretinf.o(x$fpl$fretinf)
    __aeabi_cfrcmple                         0x0800697d   Thumb Code     0  frleqf.o(x$fpl$frleqf)
    _frcmple                                 0x0800697d   Thumb Code    98  frleqf.o(x$fpl$frleqf)
    __aeabi_frsub                            0x080069df   Thumb Code     0  faddsub_clz.o(x$fpl$frsb)
    _frsb                                    0x080069df   Thumb Code    20  faddsub_clz.o(x$fpl$frsb)
    __aeabi_fsub                             0x080069f5   Thumb Code     0  faddsub_clz.o(x$fpl$fsub)
    _fsub                                    0x080069f5   Thumb Code   234  faddsub_clz.o(x$fpl$fsub)
    _printf_fp_dec                           0x08006adf   Thumb Code     4  printf1.o(x$fpl$printf1)
    __fpl_return_NaN                         0x08006ae3   Thumb Code   100  retnan.o(x$fpl$retnan)
    __ARM_scalbnf                            0x08006b47   Thumb Code    76  scalbnf.o(x$fpl$scalbnf)
    __fpl_cmpreturn                          0x08006b93   Thumb Code    48  trapv.o(x$fpl$trapveneer)
    __I$use$fp                               0x08006bc2   Number         0  usenofp.o(x$fpl$usenofp)
    asc2_1206                                0x08006bc2   Data        1140  gui.o(.constdata)
    asc2_1608                                0x08007036   Data        1520  gui.o(.constdata)
    tfont16                                  0x08007626   Data        2108  gui.o(.constdata)
    tfont24                                  0x08007e62   Data         518  gui.o(.constdata)
    tfont32                                  0x08008068   Data         520  gui.o(.constdata)
    Region$$Table$$Base                      0x0800854c   Number         0  anon$$obj.o(Region$$Table)
    Region$$Table$$Limit                     0x0800856c   Number         0  anon$$obj.o(Region$$Table)
    StartTask_Handler                        0x20000014   Data           4  freertos_demo.o(.data)
    Task1Task_Handler                        0x20000018   Data           4  freertos_demo.o(.data)
    Task2Task_Handler                        0x2000001c   Data           4  freertos_demo.o(.data)
    Task3Task_Handler                        0x20000020   Data           4  freertos_demo.o(.data)
    Task4Task_Handler                        0x20000024   Data           4  freertos_demo.o(.data)
    Task5Task_Handler                        0x20000028   Data           4  freertos_demo.o(.data)
    gAHT20_Humidity                          0x2000002c   Data           4  freertos_demo.o(.data)
    gAHT20_Temperature                       0x20000030   Data           4  freertos_demo.o(.data)
    gAHT20_WorkState                         0x20000034   Data           1  freertos_demo.o(.data)
    gBH1750_Lux                              0x20000038   Data           4  freertos_demo.o(.data)
    gBH1750_WorkState                        0x2000003c   Data           1  freertos_demo.o(.data)
    gMQ4_AO                                  0x2000003e   Data           2  freertos_demo.o(.data)
    gMQ7_AO                                  0x20000040   Data           2  freertos_demo.o(.data)
    gMQ4_DO                                  0x20000042   Data           1  freertos_demo.o(.data)
    gMQ7_DO                                  0x20000043   Data           1  freertos_demo.o(.data)
    gMQ4_PPM                                 0x20000044   Data           4  freertos_demo.o(.data)
    gMQ7_PPM                                 0x20000048   Data           4  freertos_demo.o(.data)
    gHC_SR501_State                          0x2000004c   Data           1  freertos_demo.o(.data)
    gWiFi_Connected                          0x2000004d   Data           1  freertos_demo.o(.data)
    gMQTT_Connected                          0x2000004e   Data           1  freertos_demo.o(.data)
    SystemCoreClock                          0x20000050   Data           4  system_stm32f10x.o(.data)
    AHBPrescTable                            0x20000054   Data          16  system_stm32f10x.o(.data)
    __stdout                                 0x20000068   Data           4  uart.o(.data)
    pxCurrentTCB                             0x2000006c   Data           4  tasks.o(.data)
    uxTopUsedPriority                        0x200000a4   Data           4  tasks.o(.data)
    POINT_COLOR                              0x200000e4   Data           2  lcd.o(.data)
    BACK_COLOR                               0x200000e6   Data           2  lcd.o(.data)
    DeviceCode                               0x200000e8   Data           2  lcd.o(.data)
    xQueueRegistry                           0x20000184   Data          64  queue.o(.bss)
    lcddev                                   0x20002cd0   Data          16  lcd.o(.bss)
    __libspace_start                         0x20002ee0   Data          96  libspace.o(.bss)
    __temporary_stack_top$libspace           0x20002f40   Data           0  libspace.o(.bss)



==============================================================================

Memory Map of the image

  Image Entry point : 0x080000ed

  Load Region LR_IROM1 (Base: 0x08000000, Size: 0x0000868c, Max: 0x00010000, ABSOLUTE)

    Execution Region ER_IROM1 (Exec base: 0x08000000, Load base: 0x08000000, Size: 0x00008588, Max: 0x00010000, ABSOLUTE)

    Exec Addr    Load Addr    Size         Type   Attr      Idx    E Section Name        Object

    0x08000000   0x08000000   0x000000ec   Data   RO         3444    RESET               startup_stm32f10x_md.o
    0x080000ec   0x080000ec   0x00000008   Code   RO         5888  * !!!main             c_w.l(__main.o)
    0x080000f4   0x080000f4   0x00000034   Code   RO         6205    !!!scatter          c_w.l(__scatter.o)
    0x08000128   0x08000128   0x0000001a   Code   RO         6207    !!handler_copy      c_w.l(__scatter_copy.o)
    0x08000142   0x08000142   0x00000002   PAD
    0x08000144   0x08000144   0x0000001c   Code   RO         6209    !!handler_zi        c_w.l(__scatter_zi.o)
    0x08000160   0x08000160   0x00000000   Code   RO         5871    .ARM.Collect$$_printf_percent$$00000000  c_w.l(_printf_percent.o)
    0x08000160   0x08000160   0x00000006   Code   RO         5870    .ARM.Collect$$_printf_percent$$00000003  c_w.l(_printf_f.o)
    0x08000166   0x08000166   0x00000006   Code   RO         5868    .ARM.Collect$$_printf_percent$$00000009  c_w.l(_printf_d.o)
    0x0800016c   0x0800016c   0x00000006   Code   RO         5869    .ARM.Collect$$_printf_percent$$0000000A  c_w.l(_printf_u.o)
    0x08000172   0x08000172   0x00000006   Code   RO         5867    .ARM.Collect$$_printf_percent$$00000014  c_w.l(_printf_s.o)
    0x08000178   0x08000178   0x00000004   Code   RO         5963    .ARM.Collect$$_printf_percent$$00000017  c_w.l(_printf_percent_end.o)
    0x0800017c   0x0800017c   0x00000002   Code   RO         6076    .ARM.Collect$$libinit$$00000000  c_w.l(libinit.o)
    0x0800017e   0x0800017e   0x00000000   Code   RO         6078    .ARM.Collect$$libinit$$00000002  c_w.l(libinit2.o)
    0x0800017e   0x0800017e   0x00000000   Code   RO         6080    .ARM.Collect$$libinit$$00000004  c_w.l(libinit2.o)
    0x0800017e   0x0800017e   0x00000000   Code   RO         6083    .ARM.Collect$$libinit$$0000000A  c_w.l(libinit2.o)
    0x0800017e   0x0800017e   0x00000000   Code   RO         6085    .ARM.Collect$$libinit$$0000000C  c_w.l(libinit2.o)
    0x0800017e   0x0800017e   0x00000000   Code   RO         6087    .ARM.Collect$$libinit$$0000000E  c_w.l(libinit2.o)
    0x0800017e   0x0800017e   0x00000006   Code   RO         6088    .ARM.Collect$$libinit$$0000000F  c_w.l(libinit2.o)
    0x08000184   0x08000184   0x00000000   Code   RO         6090    .ARM.Collect$$libinit$$00000011  c_w.l(libinit2.o)
    0x08000184   0x08000184   0x00000000   Code   RO         6092    .ARM.Collect$$libinit$$00000013  c_w.l(libinit2.o)
    0x08000184   0x08000184   0x00000000   Code   RO         6094    .ARM.Collect$$libinit$$00000015  c_w.l(libinit2.o)
    0x08000184   0x08000184   0x0000000a   Code   RO         6095    .ARM.Collect$$libinit$$00000016  c_w.l(libinit2.o)
    0x0800018e   0x0800018e   0x00000000   Code   RO         6096    .ARM.Collect$$libinit$$00000017  c_w.l(libinit2.o)
    0x0800018e   0x0800018e   0x00000000   Code   RO         6098    .ARM.Collect$$libinit$$00000019  c_w.l(libinit2.o)
    0x0800018e   0x0800018e   0x00000000   Code   RO         6100    .ARM.Collect$$libinit$$0000001B  c_w.l(libinit2.o)
    0x0800018e   0x0800018e   0x00000000   Code   RO         6102    .ARM.Collect$$libinit$$0000001D  c_w.l(libinit2.o)
    0x0800018e   0x0800018e   0x00000000   Code   RO         6104    .ARM.Collect$$libinit$$0000001F  c_w.l(libinit2.o)
    0x0800018e   0x0800018e   0x00000000   Code   RO         6106    .ARM.Collect$$libinit$$00000021  c_w.l(libinit2.o)
    0x0800018e   0x0800018e   0x00000000   Code   RO         6108    .ARM.Collect$$libinit$$00000023  c_w.l(libinit2.o)
    0x0800018e   0x0800018e   0x00000000   Code   RO         6110    .ARM.Collect$$libinit$$00000025  c_w.l(libinit2.o)
    0x0800018e   0x0800018e   0x00000000   Code   RO         6114    .ARM.Collect$$libinit$$0000002C  c_w.l(libinit2.o)
    0x0800018e   0x0800018e   0x00000000   Code   RO         6116    .ARM.Collect$$libinit$$0000002E  c_w.l(libinit2.o)
    0x0800018e   0x0800018e   0x00000000   Code   RO         6118    .ARM.Collect$$libinit$$00000030  c_w.l(libinit2.o)
    0x0800018e   0x0800018e   0x00000000   Code   RO         6120    .ARM.Collect$$libinit$$00000032  c_w.l(libinit2.o)
    0x0800018e   0x0800018e   0x00000002   Code   RO         6121    .ARM.Collect$$libinit$$00000033  c_w.l(libinit2.o)
    0x08000190   0x08000190   0x00000002   Code   RO         6153    .ARM.Collect$$libshutdown$$00000000  c_w.l(libshutdown.o)
    0x08000192   0x08000192   0x00000000   Code   RO         6162    .ARM.Collect$$libshutdown$$00000002  c_w.l(libshutdown2.o)
    0x08000192   0x08000192   0x00000000   Code   RO         6164    .ARM.Collect$$libshutdown$$00000004  c_w.l(libshutdown2.o)
    0x08000192   0x08000192   0x00000000   Code   RO         6166    .ARM.Collect$$libshutdown$$00000006  c_w.l(libshutdown2.o)
    0x08000192   0x08000192   0x00000000   Code   RO         6169    .ARM.Collect$$libshutdown$$00000009  c_w.l(libshutdown2.o)
    0x08000192   0x08000192   0x00000000   Code   RO         6172    .ARM.Collect$$libshutdown$$0000000C  c_w.l(libshutdown2.o)
    0x08000192   0x08000192   0x00000000   Code   RO         6174    .ARM.Collect$$libshutdown$$0000000E  c_w.l(libshutdown2.o)
    0x08000192   0x08000192   0x00000000   Code   RO         6177    .ARM.Collect$$libshutdown$$00000011  c_w.l(libshutdown2.o)
    0x08000192   0x08000192   0x00000002   Code   RO         6178    .ARM.Collect$$libshutdown$$00000012  c_w.l(libshutdown2.o)
    0x08000194   0x08000194   0x00000000   Code   RO         5946    .ARM.Collect$$rtentry$$00000000  c_w.l(__rtentry.o)
    0x08000194   0x08000194   0x00000000   Code   RO         5996    .ARM.Collect$$rtentry$$00000002  c_w.l(__rtentry2.o)
    0x08000194   0x08000194   0x00000006   Code   RO         6008    .ARM.Collect$$rtentry$$00000004  c_w.l(__rtentry4.o)
    0x0800019a   0x0800019a   0x00000000   Code   RO         5998    .ARM.Collect$$rtentry$$00000009  c_w.l(__rtentry2.o)
    0x0800019a   0x0800019a   0x00000004   Code   RO         5999    .ARM.Collect$$rtentry$$0000000A  c_w.l(__rtentry2.o)
    0x0800019e   0x0800019e   0x00000000   Code   RO         6001    .ARM.Collect$$rtentry$$0000000C  c_w.l(__rtentry2.o)
    0x0800019e   0x0800019e   0x00000008   Code   RO         6002    .ARM.Collect$$rtentry$$0000000D  c_w.l(__rtentry2.o)
    0x080001a6   0x080001a6   0x00000002   Code   RO         6124    .ARM.Collect$$rtexit$$00000000  c_w.l(rtexit.o)
    0x080001a8   0x080001a8   0x00000000   Code   RO         6133    .ARM.Collect$$rtexit$$00000002  c_w.l(rtexit2.o)
    0x080001a8   0x080001a8   0x00000004   Code   RO         6134    .ARM.Collect$$rtexit$$00000003  c_w.l(rtexit2.o)
    0x080001ac   0x080001ac   0x00000006   Code   RO         6135    .ARM.Collect$$rtexit$$00000004  c_w.l(rtexit2.o)
    0x080001b2   0x080001b2   0x00000002   PAD
    0x080001b4   0x080001b4   0x00000096   Code   RO         4916    .emb_text           port.o
    0x0800024a   0x0800024a   0x00000002   PAD
    0x0800024c   0x0800024c   0x00000040   Code   RO         3445    .text               startup_stm32f10x_md.o
    0x0800028c   0x0800028c   0x00000002   Code   RO         5826    .text               c_w.l(use_no_semi_2.o)
    0x0800028e   0x0800028e   0x00000002   PAD
    0x08000290   0x08000290   0x00000018   Code   RO         5834    .text               c_w.l(noretval__2printf.o)
    0x080002a8   0x080002a8   0x00000034   Code   RO         5838    .text               c_w.l(noretval__2snprintf.o)
    0x080002dc   0x080002dc   0x00000052   Code   RO         5842    .text               c_w.l(_printf_str.o)
    0x0800032e   0x0800032e   0x00000002   PAD
    0x08000330   0x08000330   0x00000078   Code   RO         5844    .text               c_w.l(_printf_dec.o)
    0x080003a8   0x080003a8   0x0000010e   Code   RO         5854    .text               c_w.l(__printf_wp.o)
    0x080004b6   0x080004b6   0x00000024   Code   RO         5872    .text               c_w.l(strstr.o)
    0x080004da   0x080004da   0x0000003e   Code   RO         5876    .text               c_w.l(strlen.o)
    0x08000518   0x08000518   0x0000008a   Code   RO         5878    .text               c_w.l(rt_memcpy_v6.o)
    0x080005a2   0x080005a2   0x00000010   Code   RO         5880    .text               c_w.l(aeabi_memset.o)
    0x080005b2   0x080005b2   0x00000044   Code   RO         5882    .text               c_w.l(rt_memclr.o)
    0x080005f6   0x080005f6   0x0000004e   Code   RO         5884    .text               c_w.l(rt_memclr_w.o)
    0x08000644   0x08000644   0x00000006   Code   RO         5886    .text               c_w.l(heapauxi.o)
    0x0800064a   0x0800064a   0x00000002   Code   RO         5944    .text               c_w.l(use_no_semi.o)
    0x0800064c   0x0800064c   0x00000016   Code   RO         5947    .text               c_w.l(_rserrno.o)
    0x08000662   0x08000662   0x000000b2   Code   RO         5949    .text               c_w.l(_printf_intcommon.o)
    0x08000714   0x08000714   0x0000041e   Code   RO         5951    .text               c_w.l(_printf_fp_dec.o)
    0x08000b32   0x08000b32   0x00000002   PAD
    0x08000b34   0x08000b34   0x00000030   Code   RO         5953    .text               c_w.l(_printf_char_common.o)
    0x08000b64   0x08000b64   0x0000000a   Code   RO         5955    .text               c_w.l(_sputc.o)
    0x08000b6e   0x08000b6e   0x00000010   Code   RO         5957    .text               c_w.l(_snputc.o)
    0x08000b7e   0x08000b7e   0x0000002c   Code   RO         5959    .text               c_w.l(_printf_char.o)
    0x08000baa   0x08000baa   0x00000002   PAD
    0x08000bac   0x08000bac   0x00000024   Code   RO         5961    .text               c_w.l(_printf_char_file.o)
    0x08000bd0   0x08000bd0   0x00000064   Code   RO         5964    .text               c_w.l(rt_memcpy_w.o)
    0x08000c34   0x08000c34   0x00000008   Code   RO         6013    .text               c_w.l(rt_locale_intlibspace.o)
    0x08000c3c   0x08000c3c   0x00000008   Code   RO         6018    .text               c_w.l(rt_errno_addr_intlibspace.o)
    0x08000c44   0x08000c44   0x0000008a   Code   RO         6020    .text               c_w.l(lludiv10.o)
    0x08000cce   0x08000cce   0x00000002   PAD
    0x08000cd0   0x08000cd0   0x00000080   Code   RO         6022    .text               c_w.l(_printf_fp_infnan.o)
    0x08000d50   0x08000d50   0x000000e4   Code   RO         6026    .text               c_w.l(bigflt0.o)
    0x08000e34   0x08000e34   0x00000008   Code   RO         6051    .text               c_w.l(ferror.o)
    0x08000e3c   0x08000e3c   0x00000008   Code   RO         6062    .text               c_w.l(libspace.o)
    0x08000e44   0x08000e44   0x0000004a   Code   RO         6065    .text               c_w.l(sys_stackheap_outer.o)
    0x08000e8e   0x08000e8e   0x00000012   Code   RO         6067    .text               c_w.l(exit.o)
    0x08000ea0   0x08000ea0   0x00000080   Code   RO         6069    .text               c_w.l(strcmpv7m.o)
    0x08000f20   0x08000f20   0x0000003e   Code   RO         6029    CL$$btod_d2e        c_w.l(btod.o)
    0x08000f5e   0x08000f5e   0x00000046   Code   RO         6031    CL$$btod_d2e_denorm_low  c_w.l(btod.o)
    0x08000fa4   0x08000fa4   0x00000060   Code   RO         6030    CL$$btod_d2e_norm_op1  c_w.l(btod.o)
    0x08001004   0x08001004   0x00000338   Code   RO         6039    CL$$btod_div_common  c_w.l(btod.o)
    0x0800133c   0x0800133c   0x000000dc   Code   RO         6036    CL$$btod_e2e        c_w.l(btod.o)
    0x08001418   0x08001418   0x0000002a   Code   RO         6033    CL$$btod_ediv       c_w.l(btod.o)
    0x08001442   0x08001442   0x0000002a   Code   RO         6032    CL$$btod_emul       c_w.l(btod.o)
    0x0800146c   0x0800146c   0x00000244   Code   RO         6038    CL$$btod_mult_common  c_w.l(btod.o)
    0x080016b0   0x080016b0   0x00000016   Code   RO          131    i.ADC_Cmd           stm32f10x_adc.o
    0x080016c6   0x080016c6   0x00000002   PAD
    0x080016c8   0x080016c8   0x0000005c   Code   RO          133    i.ADC_DeInit        stm32f10x_adc.o
    0x08001724   0x08001724   0x00000014   Code   RO          139    i.ADC_GetCalibrationStatus  stm32f10x_adc.o
    0x08001738   0x08001738   0x00000008   Code   RO          140    i.ADC_GetConversionValue  stm32f10x_adc.o
    0x08001740   0x08001740   0x00000012   Code   RO          142    i.ADC_GetFlagStatus  stm32f10x_adc.o
    0x08001752   0x08001752   0x00000014   Code   RO          145    i.ADC_GetResetCalibrationStatus  stm32f10x_adc.o
    0x08001766   0x08001766   0x00000002   PAD
    0x08001768   0x08001768   0x00000050   Code   RO          149    i.ADC_Init          stm32f10x_adc.o
    0x080017b8   0x080017b8   0x000000b8   Code   RO          153    i.ADC_RegularChannelConfig  stm32f10x_adc.o
    0x08001870   0x08001870   0x0000000a   Code   RO          154    i.ADC_ResetCalibration  stm32f10x_adc.o
    0x0800187a   0x0800187a   0x00000016   Code   RO          156    i.ADC_SoftwareStartConvCmd  stm32f10x_adc.o
    0x08001890   0x08001890   0x0000000a   Code   RO          158    i.ADC_StartCalibration  stm32f10x_adc.o
    0x0800189a   0x0800189a   0x00000028   Code   RO         5291    i.AHT20_Init        aht20.o
    0x080018c2   0x080018c2   0x0000002c   Code   RO         5292    i.AHT20_LocalDelayMs  aht20.o
    0x080018ee   0x080018ee   0x00000026   Code   RO         5293    i.AHT20_ReadState   aht20.o
    0x08001914   0x08001914   0x00000114   Code   RO         5294    i.AHT20_ReadTemperatureHumidity  aht20.o
    0x08001a28   0x08001a28   0x0000003a   Code   RO         5296    i.AHT20_WriteHalfword  aht20.o
    0x08001a62   0x08001a62   0x0000000e   Code   RO         5297    i.AHT20_WriteInit   aht20.o
    0x08001a70   0x08001a70   0x0000000e   Code   RO         5298    i.AHT20_WriteMeasure  aht20.o
    0x08001a7e   0x08001a7e   0x0000004c   Code   RO         5300    i.BH1750_Init       aht20.o
    0x08001aca   0x08001aca   0x00000002   PAD
    0x08001acc   0x08001acc   0x00000048   Code   RO         5301    i.BH1750_ReadLux    aht20.o
    0x08001b14   0x08001b14   0x00000004   Code   RO         3166    i.BusFault_Handler  stm32f10x_it.o
    0x08001b18   0x08001b18   0x00000002   Code   RO         3167    i.DebugMon_Handler  stm32f10x_it.o
    0x08001b1a   0x08001b1a   0x00000018   Code   RO         3502    i.Delay_ms          delay.o
    0x08001b32   0x08001b32   0x0000002e   Code   RO         3504    i.Delay_us          delay.o
    0x08001b60   0x08001b60   0x00000034   Code   RO         5574    i.ESP8266_BufferContains  esp8266.o
    0x08001b94   0x08001b94   0x00000024   Code   RO         5575    i.ESP8266_ClearRxBuffer  esp8266.o
    0x08001bb8   0x08001bb8   0x00000088   Code   RO         5576    i.ESP8266_ConnectWiFi  esp8266.o
    0x08001c40   0x08001c40   0x00000038   Code   RO         5577    i.ESP8266_CopyRxBuffer  esp8266.o
    0x08001c78   0x08001c78   0x00000020   Code   RO         5578    i.ESP8266_GetRxBuffer  esp8266.o
    0x08001c98   0x08001c98   0x000000a8   Code   RO         5580    i.ESP8266_Init      esp8266.o
    0x08001d40   0x08001d40   0x00000028   Code   RO         5581    i.ESP8266_SendAT    esp8266.o
    0x08001d68   0x08001d68   0x00000020   Code   RO         5582    i.ESP8266_SendByte  esp8266.o
    0x08001d88   0x08001d88   0x00000078   Code   RO         5583    i.ESP8266_SendRaw   esp8266.o
    0x08001e00   0x08001e00   0x00000016   Code   RO         5584    i.ESP8266_SendString  esp8266.o
    0x08001e16   0x08001e16   0x00000002   PAD
    0x08001e18   0x08001e18   0x00000028   Code   RO         5586    i.ESP8266_SetModeStation  esp8266.o
    0x08001e40   0x08001e40   0x00000024   Code   RO         5587    i.ESP8266_SoftDelayMs  esp8266.o
    0x08001e64   0x08001e64   0x00000078   Code   RO         5588    i.ESP8266_StartTCP  esp8266.o
    0x08001edc   0x08001edc   0x00000018   Code   RO         5589    i.ESP8266_Test      esp8266.o
    0x08001ef4   0x08001ef4   0x0000003c   Code   RO         5590    i.ESP8266_WaitFor   esp8266.o
    0x08001f30   0x08001f30   0x00000116   Code   RO         1276    i.GPIO_Init         stm32f10x_gpio.o
    0x08002046   0x08002046   0x00000012   Code   RO         1280    i.GPIO_ReadInputDataBit  stm32f10x_gpio.o
    0x08002058   0x08002058   0x00000004   Code   RO         1283    i.GPIO_ResetBits    stm32f10x_gpio.o
    0x0800205c   0x0800205c   0x00000004   Code   RO         1284    i.GPIO_SetBits      stm32f10x_gpio.o
    0x08002060   0x08002060   0x0000000a   Code   RO         1287    i.GPIO_WriteBit     stm32f10x_gpio.o
    0x0800206a   0x0800206a   0x00000002   PAD
    0x0800206c   0x0800206c   0x0000002c   Code   RO         5553    i.HC_SR501_Init     hc_sr501.o
    0x08002098   0x08002098   0x00000014   Code   RO         5554    i.HC_SR501_ReadState  hc_sr501.o
    0x080020ac   0x080020ac   0x00000004   Code   RO         3168    i.HardFault_Handler  stm32f10x_it.o
    0x080020b0   0x080020b0   0x00000060   Code   RO         5161    i.LCD_Clear         lcd.o
    0x08002110   0x08002110   0x0000001c   Code   RO         5162    i.LCD_DrawPoint     lcd.o
    0x0800212c   0x0800212c   0x00000074   Code   RO         5026    i.LCD_Fill          gui.o
    0x080021a0   0x080021a0   0x0000002c   Code   RO         5163    i.LCD_GPIOInit      lcd.o
    0x080021cc   0x080021cc   0x00000240   Code   RO         5164    i.LCD_Init          lcd.o
    0x0800240c   0x0800240c   0x00000028   Code   RO         5165    i.LCD_RESET         lcd.o
    0x08002434   0x08002434   0x00000014   Code   RO         5166    i.LCD_SetCursor     lcd.o
    0x08002448   0x08002448   0x00000070   Code   RO         5167    i.LCD_SetWindows    lcd.o
    0x080024b8   0x080024b8   0x00000124   Code   RO         5027    i.LCD_ShowChar      gui.o
    0x080025dc   0x080025dc   0x000000b0   Code   RO         5028    i.LCD_ShowNum       gui.o
    0x0800268c   0x0800268c   0x0000006c   Code   RO         5029    i.LCD_ShowString    gui.o
    0x080026f8   0x080026f8   0x00000030   Code   RO         5168    i.LCD_WR_DATA       lcd.o
    0x08002728   0x08002728   0x00000030   Code   RO         5169    i.LCD_WR_REG        lcd.o
    0x08002758   0x08002758   0x00000010   Code   RO         5170    i.LCD_WriteRAM_Prepare  lcd.o
    0x08002768   0x08002768   0x00000014   Code   RO         5171    i.LCD_WriteReg      lcd.o
    0x0800277c   0x0800277c   0x00000094   Code   RO         5172    i.LCD_direction     lcd.o
    0x08002810   0x08002810   0x0000002c   Code   RO         4987    i.LED_Init          led.o
    0x0800283c   0x0800283c   0x00000014   Code   RO         4988    i.LED_OFF           led.o
    0x08002850   0x08002850   0x00000014   Code   RO         4989    i.LED_ON            led.o
    0x08002864   0x08002864   0x00000038   Code   RO         5173    i.Lcd_WriteData_16Bit  lcd.o
    0x0800289c   0x0800289c   0x0000000a   Code   RO         5441    i.MQ4_ReadAO        mq.o
    0x080028a6   0x080028a6   0x00000024   Code   RO         5442    i.MQ4_ReadAO_Avg    mq.o
    0x080028ca   0x080028ca   0x00000002   PAD
    0x080028cc   0x080028cc   0x00000010   Code   RO         5443    i.MQ4_ReadDO        mq.o
    0x080028dc   0x080028dc   0x00000054   Code   RO         5444    i.MQ4_ReadPPM_FromAO  mq.o
    0x08002930   0x08002930   0x0000000a   Code   RO         5447    i.MQ7_ReadAO        mq.o
    0x0800293a   0x0800293a   0x00000024   Code   RO         5448    i.MQ7_ReadAO_Avg    mq.o
    0x0800295e   0x0800295e   0x00000002   PAD
    0x08002960   0x08002960   0x00000010   Code   RO         5449    i.MQ7_ReadDO        mq.o
    0x08002970   0x08002970   0x00000054   Code   RO         5450    i.MQ7_ReadPPM_FromAO  mq.o
    0x080029c4   0x080029c4   0x00000024   Code   RO         5702    i.MQTT_EncodeLength  onenet.o
    0x080029e8   0x080029e8   0x00000060   Code   RO         5703    i.MQTT_TryGetConnAckCode  onenet.o
    0x08002a48   0x08002a48   0x0000003a   Code   RO         5704    i.MQTT_WriteString  onenet.o
    0x08002a82   0x08002a82   0x00000002   PAD
    0x08002a84   0x08002a84   0x00000024   Code   RO         5452    i.MQ_ADC_ToVoltage  mq.o
    0x08002aa8   0x08002aa8   0x0000009c   Code   RO         5453    i.MQ_Init           mq.o
    0x08002b44   0x08002b44   0x00000044   Code   RO         5454    i.MQ_Ratio_ToPPM    mq.o
    0x08002b88   0x08002b88   0x00000034   Code   RO         5455    i.MQ_ReadADC_Channel  mq.o
    0x08002bbc   0x08002bbc   0x00000048   Code   RO         5456    i.MQ_Voltage_ToRs   mq.o
    0x08002c04   0x08002c04   0x00000004   Code   RO         3169    i.MemManage_Handler  stm32f10x_it.o
    0x08002c08   0x08002c08   0x0000001e   Code   RO         5369    i.MyI2C_Delay       myi2c.o
    0x08002c26   0x08002c26   0x00000002   PAD
    0x08002c28   0x08002c28   0x00000034   Code   RO         5370    i.MyI2C_Init        myi2c.o
    0x08002c5c   0x08002c5c   0x00000018   Code   RO         5371    i.MyI2C_R_SDA       myi2c.o
    0x08002c74   0x08002c74   0x0000001e   Code   RO         5372    i.MyI2C_ReceiveAck  myi2c.o
    0x08002c92   0x08002c92   0x00000034   Code   RO         5373    i.MyI2C_ReceiveByte  myi2c.o
    0x08002cc6   0x08002cc6   0x00000018   Code   RO         5374    i.MyI2C_SendAck     myi2c.o
    0x08002cde   0x08002cde   0x0000002a   Code   RO         5375    i.MyI2C_SendByte    myi2c.o
    0x08002d08   0x08002d08   0x0000001c   Code   RO         5376    i.MyI2C_Start       myi2c.o
    0x08002d24   0x08002d24   0x00000016   Code   RO         5377    i.MyI2C_Stop        myi2c.o
    0x08002d3a   0x08002d3a   0x00000002   PAD
    0x08002d3c   0x08002d3c   0x00000018   Code   RO         5378    i.MyI2C_W_SCL       myi2c.o
    0x08002d54   0x08002d54   0x00000018   Code   RO         5379    i.MyI2C_W_SDA       myi2c.o
    0x08002d6c   0x08002d6c   0x00000098   Code   RO         5255    i.MySPI_Init        myspi.o
    0x08002e04   0x08002e04   0x00000014   Code   RO         5258    i.MySPI_W_SS        myspi.o
    0x08002e18   0x08002e18   0x00000034   Code   RO         5259    i.MySPI_WriteByte   myspi.o
    0x08002e4c   0x08002e4c   0x00000002   Code   RO         3170    i.NMI_Handler       stm32f10x_it.o
    0x08002e4e   0x08002e4e   0x00000002   PAD
    0x08002e50   0x08002e50   0x00000070   Code   RO            1    i.NVIC_Init         misc.o
    0x08002ec0   0x08002ec0   0x00000024   Code   RO         5705    i.OneNet_DelayMs    onenet.o
    0x08002ee4   0x08002ee4   0x0000029c   Code   RO         5706    i.OneNet_MQTT_Connect  onenet.o
    0x08003180   0x08003180   0x0000016c   Code   RO         5707    i.OneNet_MQTT_ConnectRaw  onenet.o
    0x080032ec   0x080032ec   0x0000000c   Code   RO         5709    i.OneNet_MQTT_GetConnAckCode  onenet.o
    0x080032f8   0x080032f8   0x0000000c   Code   RO         5710    i.OneNet_MQTT_GetLastError  onenet.o
    0x08003304   0x08003304   0x0000012c   Code   RO         5711    i.OneNet_MQTT_Publish  onenet.o
    0x08003430   0x08003430   0x00000020   Code   RO         1704    i.RCC_APB1PeriphClockCmd  stm32f10x_rcc.o
    0x08003450   0x08003450   0x00000020   Code   RO         1706    i.RCC_APB2PeriphClockCmd  stm32f10x_rcc.o
    0x08003470   0x08003470   0x00000020   Code   RO         1707    i.RCC_APB2PeriphResetCmd  stm32f10x_rcc.o
    0x08003490   0x08003490   0x000000d4   Code   RO         1714    i.RCC_GetClocksFreq  stm32f10x_rcc.o
    0x08003564   0x08003564   0x00000018   Code   RO         2192    i.SPI_Cmd           stm32f10x_spi.o
    0x0800357c   0x0800357c   0x00000012   Code   RO         2200    i.SPI_I2S_GetFlagStatus  stm32f10x_spi.o
    0x0800358e   0x0800358e   0x00000006   Code   RO         2203    i.SPI_I2S_ReceiveData  stm32f10x_spi.o
    0x08003594   0x08003594   0x00000004   Code   RO         2204    i.SPI_I2S_SendData  stm32f10x_spi.o
    0x08003598   0x08003598   0x0000003c   Code   RO         2205    i.SPI_Init          stm32f10x_spi.o
    0x080035d4   0x080035d4   0x00000008   Code   RO         3449    i.SetSysClock       system_stm32f10x.o
    0x080035dc   0x080035dc   0x000000e0   Code   RO         3450    i.SetSysClockTo72   system_stm32f10x.o
    0x080036bc   0x080036bc   0x00000008   Code   RO         3171    i.SysTick_Handler   stm32f10x_it.o
    0x080036c4   0x080036c4   0x00000060   Code   RO         3452    i.SystemInit        system_stm32f10x.o
    0x08003724   0x08003724   0x000000a4   Code   RO         3594    i.UART_Init         uart.o
    0x080037c8   0x080037c8   0x0000000c   Code   RO         3595    i.UART_NextIndex    uart.o
    0x080037d4   0x080037d4   0x00000020   Code   RO         3600    i.UART_SendByte     uart.o
    0x080037f4   0x080037f4   0x00000050   Code   RO         3602    i.USART1_IRQHandler  uart.o
    0x08003844   0x08003844   0x0000005c   Code   RO         5591    i.USART2_IRQHandler  esp8266.o
    0x080038a0   0x080038a0   0x0000001e   Code   RO         2886    i.USART_ClearITPendingBit  stm32f10x_usart.o
    0x080038be   0x080038be   0x00000018   Code   RO         2889    i.USART_Cmd         stm32f10x_usart.o
    0x080038d6   0x080038d6   0x0000001a   Code   RO         2892    i.USART_GetFlagStatus  stm32f10x_usart.o
    0x080038f0   0x080038f0   0x00000054   Code   RO         2893    i.USART_GetITStatus  stm32f10x_usart.o
    0x08003944   0x08003944   0x0000004a   Code   RO         2895    i.USART_ITConfig    stm32f10x_usart.o
    0x0800398e   0x0800398e   0x00000002   PAD
    0x08003990   0x08003990   0x000000d8   Code   RO         2896    i.USART_Init        stm32f10x_usart.o
    0x08003a68   0x08003a68   0x0000000a   Code   RO         2903    i.USART_ReceiveData  stm32f10x_usart.o
    0x08003a72   0x08003a72   0x00000008   Code   RO         2906    i.USART_SendData    stm32f10x_usart.o
    0x08003a7a   0x08003a7a   0x00000004   Code   RO         3172    i.UsageFault_Handler  stm32f10x_it.o
    0x08003a7e   0x08003a7e   0x00000028   Code   RO         6060    i.__ARM_fpclassify  m_ws.l(fpclassify.o)
    0x08003aa6   0x08003aa6   0x00000026   Code   RO         5979    i.__ARM_fpclassifyf  m_ws.l(fpclassifyf.o)
    0x08003acc   0x08003acc   0x0000000a   Code   RO         5981    i.__mathlib_flt_divzero  m_ws.l(funder.o)
    0x08003ad6   0x08003ad6   0x00000006   Code   RO         5982    i.__mathlib_flt_infnan  m_ws.l(funder.o)
    0x08003adc   0x08003adc   0x00000004   Code   RO         5983    i.__mathlib_flt_infnan2  m_ws.l(funder.o)
    0x08003ae0   0x08003ae0   0x00000008   Code   RO         5984    i.__mathlib_flt_invalid  m_ws.l(funder.o)
    0x08003ae8   0x08003ae8   0x0000000a   Code   RO         5985    i.__mathlib_flt_overflow  m_ws.l(funder.o)
    0x08003af2   0x08003af2   0x0000000a   Code   RO         5987    i.__mathlib_flt_underflow  m_ws.l(funder.o)
    0x08003afc   0x08003afc   0x0000000e   Code   RO         5856    i._is_digit         c_w.l(__printf_wp.o)
    0x08003b0a   0x08003b0a   0x00000002   Code   RO         3603    i._sys_exit         uart.o
    0x08003b0c   0x08003b0c   0x00000010   Code   RO         3604    i.fputc             uart.o
    0x08003b1c   0x08003b1c   0x00000034   Code   RO         3217    i.freertos_demo     freertos_demo.o
    0x08003b50   0x08003b50   0x000001b4   Code   RO         5925    i.log10f            m_ws.l(log10f.o)
    0x08003d04   0x08003d04   0x00000044   Code   RO         3125    i.main              main.o
    0x08003d48   0x08003d48   0x00000016   Code   RO         5034    i.mypow             gui.o
    0x08003d5e   0x08003d5e   0x00000002   PAD
    0x08003d60   0x08003d60   0x00000620   Code   RO         5935    i.powf              m_ws.l(powf.o)
    0x08004380   0x08004380   0x000000cc   Code   RO         4283    i.prvAddCurrentTaskToDelayedList  tasks.o
    0x0800444c   0x0800444c   0x000000ec   Code   RO         4284    i.prvAddNewTaskToReadyList  tasks.o
    0x08004538   0x08004538   0x00000064   Code   RO         4696    i.prvCheckForValidListAndQueue  timers.o
    0x0800459c   0x0800459c   0x00000048   Code   RO         4285    i.prvCheckTasksWaitingTermination  tasks.o
    0x080045e4   0x080045e4   0x0000002a   Code   RO         3871    i.prvCopyDataFromQueue  queue.o
    0x0800460e   0x0800460e   0x0000007e   Code   RO         3872    i.prvCopyDataToQueue  queue.o
    0x0800468c   0x0800468c   0x00000012   Code   RO         4286    i.prvDeleteTCB      tasks.o
    0x0800469e   0x0800469e   0x00000002   PAD
    0x080046a0   0x080046a0   0x00000028   Code   RO         4697    i.prvGetNextExpireTime  timers.o
    0x080046c8   0x080046c8   0x0000007c   Code   RO         4861    i.prvHeapInit       heap_4.o
    0x08004744   0x08004744   0x00000028   Code   RO         4287    i.prvIdleTask       tasks.o
    0x0800476c   0x0800476c   0x0000002e   Code   RO         3875    i.prvInitialiseNewQueue  queue.o
    0x0800479a   0x0800479a   0x0000009e   Code   RO         4288    i.prvInitialiseNewTask  tasks.o
    0x08004838   0x08004838   0x00000068   Code   RO         4289    i.prvInitialiseTaskLists  tasks.o
    0x080048a0   0x080048a0   0x00000068   Code   RO         4862    i.prvInsertBlockIntoFreeList  heap_4.o
    0x08004908   0x08004908   0x00000058   Code   RO         4699    i.prvInsertTimerInActiveList  timers.o
    0x08004960   0x08004960   0x0000001a   Code   RO         3876    i.prvIsQueueEmpty   queue.o
    0x0800497a   0x0800497a   0x0000004c   Code   RO         3878    i.prvNotifyQueueSetContainer  queue.o
    0x080049c6   0x080049c6   0x00000002   PAD
    0x080049c8   0x080049c8   0x00000044   Code   RO         4700    i.prvProcessExpiredTimer  timers.o
    0x08004a0c   0x08004a0c   0x00000110   Code   RO         4701    i.prvProcessReceivedCommands  timers.o
    0x08004b1c   0x08004b1c   0x00000074   Code   RO         4702    i.prvProcessTimerOrBlockTask  timers.o
    0x08004b90   0x08004b90   0x00000028   Code   RO         4703    i.prvReloadTimer    timers.o
    0x08004bb8   0x08004bb8   0x00000030   Code   RO         4291    i.prvResetNextTaskUnblockTime  tasks.o
    0x08004be8   0x08004be8   0x0000002c   Code   RO         4704    i.prvSampleTimeNow  timers.o
    0x08004c14   0x08004c14   0x00000044   Code   RO         4705    i.prvSwitchTimerLists  timers.o
    0x08004c58   0x08004c58   0x00000016   Code   RO         4917    i.prvTaskExitError  port.o
    0x08004c6e   0x08004c6e   0x0000001a   Code   RO         4706    i.prvTimerTask      timers.o
    0x08004c88   0x08004c88   0x00000090   Code   RO         3879    i.prvUnlockQueue    queue.o
    0x08004d18   0x08004d18   0x000000fc   Code   RO         4863    i.pvPortMalloc      heap_4.o
    0x08004e14   0x08004e14   0x00000024   Code   RO         4918    i.pxPortInitialiseStack  port.o
    0x08004e38   0x08004e38   0x000000d0   Code   RO         3218    i.start_task        freertos_demo.o
    0x08004f08   0x08004f08   0x0000000a   Code   RO         3219    i.task1             freertos_demo.o
    0x08004f12   0x08004f12   0x00000002   PAD
    0x08004f14   0x08004f14   0x000003f4   Code   RO         3220    i.task2             freertos_demo.o
    0x08005308   0x08005308   0x00000064   Code   RO         3221    i.task3             freertos_demo.o
    0x0800536c   0x0800536c   0x0000002c   Code   RO         3222    i.task4             freertos_demo.o
    0x08005398   0x08005398   0x00000334   Code   RO         3223    i.task5             freertos_demo.o
    0x080056cc   0x080056cc   0x00000028   Code   RO         3831    i.uxListRemove      list.o
    0x080056f4   0x080056f4   0x0000001a   Code   RO         3832    i.vListInitialise   list.o
    0x0800570e   0x0800570e   0x00000006   Code   RO         3833    i.vListInitialiseItem  list.o
    0x08005714   0x08005714   0x00000034   Code   RO         3834    i.vListInsert       list.o
    0x08005748   0x08005748   0x00000018   Code   RO         3835    i.vListInsertEnd    list.o
    0x08005760   0x08005760   0x00000024   Code   RO         4920    i.vPortEnterCritical  port.o
    0x08005784   0x08005784   0x00000020   Code   RO         4921    i.vPortExitCritical  port.o
    0x080057a4   0x080057a4   0x00000058   Code   RO         4864    i.vPortFree         heap_4.o
    0x080057fc   0x080057fc   0x0000002c   Code   RO         4922    i.vPortSetupTimerInterrupt  port.o
    0x08005828   0x08005828   0x00000048   Code   RO         3885    i.vQueueAddToRegistry  queue.o
    0x08005870   0x08005870   0x0000004a   Code   RO         3889    i.vQueueWaitForMessageRestricted  queue.o
    0x080058ba   0x080058ba   0x00000002   PAD
    0x080058bc   0x080058bc   0x00000034   Code   RO         4306    i.vTaskDelay        tasks.o
    0x080058f0   0x080058f0   0x000000d4   Code   RO         4307    i.vTaskDelete       tasks.o
    0x080059c4   0x080059c4   0x00000018   Code   RO         4311    i.vTaskInternalSetTimeOutState  tasks.o
    0x080059dc   0x080059dc   0x0000000c   Code   RO         4313    i.vTaskMissedYield  tasks.o
    0x080059e8   0x080059e8   0x00000020   Code   RO         4314    i.vTaskPlaceOnEventList  tasks.o
    0x08005a08   0x08005a08   0x0000004c   Code   RO         4315    i.vTaskPlaceOnEventListRestricted  tasks.o
    0x08005a54   0x08005a54   0x00000078   Code   RO         4323    i.vTaskStartScheduler  tasks.o
    0x08005acc   0x08005acc   0x00000010   Code   RO         4325    i.vTaskSuspendAll   tasks.o
    0x08005adc   0x08005adc   0x00000060   Code   RO         4326    i.vTaskSwitchContext  tasks.o
    0x08005b3c   0x08005b3c   0x00000034   Code   RO         4923    i.xPortStartScheduler  port.o
    0x08005b70   0x08005b70   0x00000034   Code   RO         4924    i.xPortSysTickHandler  port.o
    0x08005ba4   0x08005ba4   0x0000004c   Code   RO         3894    i.xQueueGenericCreate  queue.o
    0x08005bf0   0x08005bf0   0x000000a0   Code   RO         3895    i.xQueueGenericReset  queue.o
    0x08005c90   0x08005c90   0x00000104   Code   RO         3904    i.xQueueReceive     queue.o
    0x08005d94   0x08005d94   0x0000007c   Code   RO         4329    i.xTaskCheckForTimeOut  tasks.o
    0x08005e10   0x08005e10   0x00000060   Code   RO         4330    i.xTaskCreate       tasks.o
    0x08005e70   0x08005e70   0x0000000c   Code   RO         4340    i.xTaskGetTickCount  tasks.o
    0x08005e7c   0x08005e7c   0x00000190   Code   RO         4342    i.xTaskIncrementTick  tasks.o
    0x0800600c   0x0800600c   0x000000ac   Code   RO         4343    i.xTaskPriorityDisinherit  tasks.o
    0x080060b8   0x080060b8   0x00000108   Code   RO         4345    i.xTaskRemoveFromEventList  tasks.o
    0x080061c0   0x080061c0   0x0000015c   Code   RO         4346    i.xTaskResumeAll    tasks.o
    0x0800631c   0x0800631c   0x00000040   Code   RO         4714    i.xTimerCreateTimerTask  timers.o
    0x0800635c   0x0800635c   0x0000002c   Code   RO         6056    locale$$code        c_w.l(lc_numeric_c.o)
    0x08006388   0x08006388   0x0000000c   Code   RO         5966    x$fpl$dretinf       fz_ws.l(dretinf.o)
    0x08006394   0x08006394   0x00000056   Code   RO         5890    x$fpl$f2d           fz_ws.l(f2d.o)
    0x080063ea   0x080063ea   0x00000002   PAD
    0x080063ec   0x080063ec   0x000000c4   Code   RO         5892    x$fpl$fadd          fz_ws.l(faddsub_clz.o)
    0x080064b0   0x080064b0   0x0000000c   Code   RO         6058    x$fpl$fcheck1       fz_ws.l(fcheck1.o)
    0x080064bc   0x080064bc   0x00000018   Code   RO         5968    x$fpl$fcmpinf       fz_ws.l(fcmpi.o)
    0x080064d4   0x080064d4   0x00000184   Code   RO         5899    x$fpl$fdiv          fz_ws.l(fdiv.o)
    0x08006658   0x08006658   0x00000036   Code   RO         5902    x$fpl$ffix          fz_ws.l(ffix.o)
    0x0800668e   0x0800668e   0x00000002   PAD
    0x08006690   0x08006690   0x00000052   Code   RO         5903    x$fpl$ffixr         fz_ws.l(ffix.o)
    0x080066e2   0x080066e2   0x00000002   PAD
    0x080066e4   0x080066e4   0x0000003e   Code   RO         5906    x$fpl$ffixu         fz_ws.l(ffixu.o)
    0x08006722   0x08006722   0x00000002   PAD
    0x08006724   0x08006724   0x00000030   Code   RO         5911    x$fpl$fflt          fz_ws.l(fflt_clz.o)
    0x08006754   0x08006754   0x00000026   Code   RO         5910    x$fpl$ffltu         fz_ws.l(fflt_clz.o)
    0x0800677a   0x0800677a   0x00000002   PAD
    0x0800677c   0x0800677c   0x00000068   Code   RO         5916    x$fpl$fleqf         fz_ws.l(fleqf.o)
    0x080067e4   0x080067e4   0x00000102   Code   RO         5918    x$fpl$fmul          fz_ws.l(fmul.o)
    0x080068e6   0x080068e6   0x0000008c   Code   RO         5970    x$fpl$fnaninf       fz_ws.l(fnaninf.o)
    0x08006972   0x08006972   0x0000000a   Code   RO         5972    x$fpl$fretinf       fz_ws.l(fretinf.o)
    0x0800697c   0x0800697c   0x00000062   Code   RO         5920    x$fpl$frleqf        fz_ws.l(frleqf.o)
    0x080069de   0x080069de   0x00000014   Code   RO         5893    x$fpl$frsb          fz_ws.l(faddsub_clz.o)
    0x080069f2   0x080069f2   0x00000002   PAD
    0x080069f4   0x080069f4   0x000000ea   Code   RO         5894    x$fpl$fsub          fz_ws.l(faddsub_clz.o)
    0x08006ade   0x08006ade   0x00000004   Code   RO         5922    x$fpl$printf1       fz_ws.l(printf1.o)
    0x08006ae2   0x08006ae2   0x00000064   Code   RO         6122    x$fpl$retnan        fz_ws.l(retnan.o)
    0x08006b46   0x08006b46   0x0000004c   Code   RO         5976    x$fpl$scalbnf       fz_ws.l(scalbnf.o)
    0x08006b92   0x08006b92   0x00000030   Code   RO         6130    x$fpl$trapveneer    fz_ws.l(trapv.o)
    0x08006bc2   0x08006bc2   0x00000000   Code   RO         5978    x$fpl$usenofp       fz_ws.l(usenofp.o)
    0x08006bc2   0x08006bc2   0x000016ae   Data   RO         5035    .constdata          gui.o
    0x08008270   0x08008270   0x00000040   Data   RO         5926    .constdata          m_ws.l(log10f.o)
    0x080082b0   0x080082b0   0x00000140   Data   RO         5936    .constdata          m_ws.l(powf.o)
    0x080083f0   0x080083f0   0x00000094   Data   RO         6027    .constdata          c_w.l(bigflt0.o)
    0x08008484   0x08008484   0x000000c6   Data   RO         3225    .conststring        freertos_demo.o
    0x0800854a   0x0800854a   0x00000002   PAD
    0x0800854c   0x0800854c   0x00000020   Data   RO         6203    Region$$Table       anon$$obj.o
    0x0800856c   0x0800856c   0x0000001c   Data   RO         6055    locale$$data        c_w.l(lc_numeric_c.o)


    Execution Region RW_IRAM1 (Exec base: 0x20000000, Load base: 0x08008588, Size: 0x00003540, Max: 0x00005000, ABSOLUTE)

    Exec Addr    Load Addr    Size         Type   Attr      Idx    E Section Name        Object

    0x20000000   0x08008588   0x00000014   Data   RW         1734    .data               stm32f10x_rcc.o
    0x20000014   0x0800859c   0x0000003b   Data   RW         3226    .data               freertos_demo.o
    0x2000004f   0x080085d7   0x00000001   PAD
    0x20000050   0x080085d8   0x00000014   Data   RW         3453    .data               system_stm32f10x.o
    0x20000064   0x080085ec   0x00000008   Data   RW         3606    .data               uart.o
    0x2000006c   0x080085f4   0x00000040   Data   RW         4349    .data               tasks.o
    0x200000ac   0x08008634   0x00000014   Data   RW         4723    .data               timers.o
    0x200000c0   0x08008648   0x00000020   Data   RW         4870    .data               heap_4.o
    0x200000e0   0x08008668   0x00000004   Data   RW         4925    .data               port.o
    0x200000e4   0x0800866c   0x00000006   Data   RW         5175    .data               lcd.o
    0x200000ea   0x08008672   0x00000002   PAD
    0x200000ec   0x08008674   0x00000008   Data   RW         5302    .data               aht20.o
    0x200000f4   0x0800867c   0x00000008   Data   RW         5457    .data               mq.o
    0x200000fc   0x08008684   0x00000002   Data   RW         5593    .data               esp8266.o
    0x200000fe   0x08008686   0x00000003   Data   RW         5722    .data               onenet.o
    0x20000101   0x08008689   0x00000003   PAD
    0x20000104        -       0x00000080   Zero   RW         3605    .bss                uart.o
    0x20000184        -       0x00000040   Zero   RW         3911    .bss                queue.o
    0x200001c4        -       0x000002e4   Zero   RW         4348    .bss                tasks.o
    0x200004a8        -       0x00000028   Zero   RW         4722    .bss                timers.o
    0x200004d0        -       0x00002800   Zero   RW         4869    .bss                heap_4.o
    0x20002cd0        -       0x00000010   Zero   RW         5174    .bss                lcd.o
    0x20002ce0        -       0x00000200   Zero   RW         5592    .bss                esp8266.o
    0x20002ee0        -       0x00000060   Zero   RW         6063    .bss                c_w.l(libspace.o)
    0x20002f40        -       0x00000200   Zero   RW         3443    HEAP                startup_stm32f10x_md.o
    0x20003140        -       0x00000400   Zero   RW         3442    STACK               startup_stm32f10x_md.o


==============================================================================

Image component sizes


      Code (inc. data)   RO Data    RW Data    ZI Data      Debug   Object Name

       632         20          0          8          0       4923   aht20.o
         0          0          0          0          0         32   core_cm3.o
         0          0          0          0          0      14056   croutine.o
        70          0          0          0          0        874   delay.o
      1066        232          0          2        512       9632   esp8266.o
         0          0          0          0          0      12872   event_groups.o
      2246        754        198         59          0     234704   freertos_demo.o
       714         44       5806          0          0       4931   gui.o
        64         10          0          0          0        901   hc_sr501.o
       568         72          0         32      10240       3687   heap_4.o
      1252         86          0          6         16       8241   lcd.o
        84         16          0          0          0       1214   led.o
       148          0          0          0          0       2886   list.o
        68         34          0          0          0       1883   main.o
       112         12          0          0          0     247504   misc.o
       676         90          0          8          0       6686   mq.o
       352         18          0          0          0       5222   myi2c.o
       224         12          0          0          0       1840   myspi.o
      1582        326          0          3          0       7952   onenet.o
       424         50          0          4          0       8652   port.o
      1102         14          0          0         64      11659   queue.o
        64         26        236          0       1536        764   startup_stm32f10x_md.o
       486         24          0          0          0      18458   stm32f10x_adc.o
       314          0          0          0          0      12152   stm32f10x_gpio.o
        28          0          0          0          0       2775   stm32f10x_it.o
       308         38          0         20          0      13315   stm32f10x_rcc.o
       112          0          0          0          0      10302   stm32f10x_spi.o
       472          6          0          0          0      12219   stm32f10x_usart.o
       328         28          0         20          0       1985   system_stm32f10x.o
      2936        382          0         64        740      30689   tasks.o
       926        110          0         20         40      12380   timers.o
       306         30          0          8        128       4806   uart.o

    ----------------------------------------------------------------------
     17700       2434       6274        260      13276     710196   Object Totals
         0          0         32          0          0          0   (incl. Generated)
        36          0          2          6          0          0   (incl. Padding)

    ----------------------------------------------------------------------

      Code (inc. data)   RO Data    RW Data    ZI Data      Debug   Library Member Name

         8          0          0          0          0         68   __main.o
       284          0          0          0          0        156   __printf_wp.o
         0          0          0          0          0          0   __rtentry.o
        12          0          0          0          0          0   __rtentry2.o
         6          0          0          0          0          0   __rtentry4.o
        52          8          0          0          0          0   __scatter.o
        26          0          0          0          0          0   __scatter_copy.o
        28          0          0          0          0          0   __scatter_zi.o
        44          0          0          0          0        108   _printf_char.o
        48          6          0          0          0         96   _printf_char_common.o
        36          4          0          0          0         80   _printf_char_file.o
         6          0          0          0          0          0   _printf_d.o
       120         16          0          0          0         92   _printf_dec.o
         6          0          0          0          0          0   _printf_f.o
      1054          0          0          0          0        216   _printf_fp_dec.o
       128         16          0          0          0         84   _printf_fp_infnan.o
       178          0          0          0          0         88   _printf_intcommon.o
         0          0          0          0          0          0   _printf_percent.o
         4          0          0          0          0          0   _printf_percent_end.o
         6          0          0          0          0          0   _printf_s.o
        82          0          0          0          0         80   _printf_str.o
         6          0          0          0          0          0   _printf_u.o
        22          0          0          0          0        100   _rserrno.o
        16          0          0          0          0         68   _snputc.o
        10          0          0          0          0         68   _sputc.o
        16          0          0          0          0         68   aeabi_memset.o
       228          4        148          0          0         96   bigflt0.o
      1936        128          0          0          0        672   btod.o
        18          0          0          0          0         80   exit.o
         8          0          0          0          0         68   ferror.o
         6          0          0          0          0        152   heapauxi.o
        44         10         28          0          0         76   lc_numeric_c.o
         2          0          0          0          0          0   libinit.o
        18          0          0          0          0          0   libinit2.o
         2          0          0          0          0          0   libshutdown.o
         2          0          0          0          0          0   libshutdown2.o
         8          4          0          0         96         68   libspace.o
       138          0          0          0          0         80   lludiv10.o
        24          4          0          0          0         84   noretval__2printf.o
        52          4          0          0          0         84   noretval__2snprintf.o
         8          4          0          0          0         68   rt_errno_addr_intlibspace.o
         8          4          0          0          0         68   rt_locale_intlibspace.o
        68          0          0          0          0         68   rt_memclr.o
        78          0          0          0          0         80   rt_memclr_w.o
       138          0          0          0          0         68   rt_memcpy_v6.o
       100          0          0          0          0         80   rt_memcpy_w.o
         2          0          0          0          0          0   rtexit.o
        10          0          0          0          0          0   rtexit2.o
       128          0          0          0          0         68   strcmpv7m.o
        62          0          0          0          0         76   strlen.o
        36          0          0          0          0         80   strstr.o
        74          0          0          0          0         80   sys_stackheap_outer.o
         2          0          0          0          0         68   use_no_semi.o
         2          0          0          0          0         68   use_no_semi_2.o
        12          0          0          0          0         68   dretinf.o
        86          4          0          0          0         84   f2d.o
       450          8          0          0          0        236   faddsub_clz.o
        12          4          0          0          0         68   fcheck1.o
        24          0          0          0          0         68   fcmpi.o
       388         76          0          0          0         96   fdiv.o
       136          8          0          0          0        168   ffix.o
        62          4          0          0          0         84   ffixu.o
        86          0          0          0          0        136   fflt_clz.o
       104          4          0          0          0         84   fleqf.o
       258          4          0          0          0         84   fmul.o
       140          4          0          0          0         84   fnaninf.o
        10          0          0          0          0         68   fretinf.o
        98          0          0          0          0         68   frleqf.o
         4          0          0          0          0         68   printf1.o
       100          0          0          0          0         68   retnan.o
        76          0          0          0          0         68   scalbnf.o
        48          0          0          0          0         68   trapv.o
         0          0          0          0          0          0   usenofp.o
        40          0          0          0          0         68   fpclassify.o
        38          0          0          0          0         68   fpclassifyf.o
        48          0          0          0          0        408   funder.o
       436         52         64          0          0        132   log10f.o
      1568         80        320          0          0        224   powf.o

    ----------------------------------------------------------------------
      9650        460        560          0         96       6272   Library Totals
        26          0          0          0          0          0   (incl. Padding)

    ----------------------------------------------------------------------

      Code (inc. data)   RO Data    RW Data    ZI Data      Debug   Library Name

      5400        212        176          0         96       3704   c_w.l
      2094        116          0          0          0       1668   fz_ws.l
      2130        132        384          0          0        900   m_ws.l

    ----------------------------------------------------------------------
      9650        460        560          0         96       6272   Library Totals

    ----------------------------------------------------------------------

==============================================================================


      Code (inc. data)   RO Data    RW Data    ZI Data      Debug   

     27350       2894       6834        260      13372     702164   Grand Totals
     27350       2894       6834        260      13372     702164   ELF Image Totals
     27350       2894       6834        260          0          0   ROM Totals

==============================================================================

    Total RO  Size (Code + RO Data)                34184 (  33.38kB)
    Total RW  Size (RW Data + ZI Data)             13632 (  13.31kB)
    Total ROM Size (Code + RO Data + RW Data)      34444 (  33.64kB)

==============================================================================

