Component: ARM Compiler 5.06 update 7 (build 960) Tool: armlink [4d3601]

==============================================================================

Section Cross References

    stm32f10x_adc.o(i.ADC_DeInit) refers to stm32f10x_rcc.o(i.RCC_APB2PeriphResetCmd) for RCC_APB2PeriphResetCmd
    stm32f10x_bkp.o(i.BKP_DeInit) refers to stm32f10x_rcc.o(i.RCC_BackupResetCmd) for RCC_BackupResetCmd
    stm32f10x_can.o(i.CAN_DeInit) refers to stm32f10x_rcc.o(i.RCC_APB1PeriphResetCmd) for RCC_APB1PeriphResetCmd
    stm32f10x_can.o(i.CAN_GetITStatus) refers to stm32f10x_can.o(i.CheckITStatus) for CheckITStatus
    stm32f10x_cec.o(i.CEC_DeInit) refers to stm32f10x_rcc.o(i.RCC_APB1PeriphResetCmd) for RCC_APB1PeriphResetCmd
    stm32f10x_dac.o(i.DAC_DeInit) refers to stm32f10x_rcc.o(i.RCC_APB1PeriphResetCmd) for RCC_APB1PeriphResetCmd
    stm32f10x_flash.o(i.FLASH_EnableWriteProtection) refers to stm32f10x_flash.o(i.FLASH_WaitForLastOperation) for FLASH_WaitForLastOperation
    stm32f10x_flash.o(i.FLASH_EraseAllBank1Pages) refers to stm32f10x_flash.o(i.FLASH_WaitForLastBank1Operation) for FLASH_WaitForLastBank1Operation
    stm32f10x_flash.o(i.FLASH_EraseAllPages) refers to stm32f10x_flash.o(i.FLASH_WaitForLastOperation) for FLASH_WaitForLastOperation
    stm32f10x_flash.o(i.FLASH_EraseOptionBytes) refers to stm32f10x_flash.o(i.FLASH_GetReadOutProtectionStatus) for FLASH_GetReadOutProtectionStatus
    stm32f10x_flash.o(i.FLASH_EraseOptionBytes) refers to stm32f10x_flash.o(i.FLASH_WaitForLastOperation) for FLASH_WaitForLastOperation
    stm32f10x_flash.o(i.FLASH_ErasePage) refers to stm32f10x_flash.o(i.FLASH_WaitForLastOperation) for FLASH_WaitForLastOperation
    stm32f10x_flash.o(i.FLASH_ProgramHalfWord) refers to stm32f10x_flash.o(i.FLASH_WaitForLastOperation) for FLASH_WaitForLastOperation
    stm32f10x_flash.o(i.FLASH_ProgramOptionByteData) refers to stm32f10x_flash.o(i.FLASH_WaitForLastOperation) for FLASH_WaitForLastOperation
    stm32f10x_flash.o(i.FLASH_ProgramWord) refers to stm32f10x_flash.o(i.FLASH_WaitForLastOperation) for FLASH_WaitForLastOperation
    stm32f10x_flash.o(i.FLASH_ReadOutProtection) refers to stm32f10x_flash.o(i.FLASH_WaitForLastOperation) for FLASH_WaitForLastOperation
    stm32f10x_flash.o(i.FLASH_UserOptionByteConfig) refers to stm32f10x_flash.o(i.FLASH_WaitForLastOperation) for FLASH_WaitForLastOperation
    stm32f10x_flash.o(i.FLASH_WaitForLastBank1Operation) refers to stm32f10x_flash.o(i.FLASH_GetBank1Status) for FLASH_GetBank1Status
    stm32f10x_flash.o(i.FLASH_WaitForLastOperation) refers to stm32f10x_flash.o(i.FLASH_GetBank1Status) for FLASH_GetBank1Status
    stm32f10x_gpio.o(i.GPIO_AFIODeInit) refers to stm32f10x_rcc.o(i.RCC_APB2PeriphResetCmd) for RCC_APB2PeriphResetCmd
    stm32f10x_gpio.o(i.GPIO_DeInit) refers to stm32f10x_rcc.o(i.RCC_APB2PeriphResetCmd) for RCC_APB2PeriphResetCmd
    stm32f10x_i2c.o(i.I2C_DeInit) refers to stm32f10x_rcc.o(i.RCC_APB1PeriphResetCmd) for RCC_APB1PeriphResetCmd
    stm32f10x_i2c.o(i.I2C_Init) refers to stm32f10x_rcc.o(i.RCC_GetClocksFreq) for RCC_GetClocksFreq
    stm32f10x_pwr.o(i.PWR_DeInit) refers to stm32f10x_rcc.o(i.RCC_APB1PeriphResetCmd) for RCC_APB1PeriphResetCmd
    stm32f10x_rcc.o(i.RCC_GetClocksFreq) refers to stm32f10x_rcc.o(.data) for APBAHBPrescTable
    stm32f10x_rcc.o(i.RCC_WaitForHSEStartUp) refers to stm32f10x_rcc.o(i.RCC_GetFlagStatus) for RCC_GetFlagStatus
    stm32f10x_rtc.o(i.RTC_SetAlarm) refers to stm32f10x_rtc.o(i.RTC_EnterConfigMode) for RTC_EnterConfigMode
    stm32f10x_rtc.o(i.RTC_SetAlarm) refers to stm32f10x_rtc.o(i.RTC_ExitConfigMode) for RTC_ExitConfigMode
    stm32f10x_rtc.o(i.RTC_SetCounter) refers to stm32f10x_rtc.o(i.RTC_EnterConfigMode) for RTC_EnterConfigMode
    stm32f10x_rtc.o(i.RTC_SetCounter) refers to stm32f10x_rtc.o(i.RTC_ExitConfigMode) for RTC_ExitConfigMode
    stm32f10x_rtc.o(i.RTC_SetPrescaler) refers to stm32f10x_rtc.o(i.RTC_EnterConfigMode) for RTC_EnterConfigMode
    stm32f10x_rtc.o(i.RTC_SetPrescaler) refers to stm32f10x_rtc.o(i.RTC_ExitConfigMode) for RTC_ExitConfigMode
    stm32f10x_spi.o(i.I2S_Init) refers to stm32f10x_rcc.o(i.RCC_GetClocksFreq) for RCC_GetClocksFreq
    stm32f10x_spi.o(i.SPI_I2S_DeInit) refers to stm32f10x_rcc.o(i.RCC_APB2PeriphResetCmd) for RCC_APB2PeriphResetCmd
    stm32f10x_spi.o(i.SPI_I2S_DeInit) refers to stm32f10x_rcc.o(i.RCC_APB1PeriphResetCmd) for RCC_APB1PeriphResetCmd
    stm32f10x_tim.o(i.TIM_DeInit) refers to stm32f10x_rcc.o(i.RCC_APB2PeriphResetCmd) for RCC_APB2PeriphResetCmd
    stm32f10x_tim.o(i.TIM_DeInit) refers to stm32f10x_rcc.o(i.RCC_APB1PeriphResetCmd) for RCC_APB1PeriphResetCmd
    stm32f10x_tim.o(i.TIM_ETRClockMode1Config) refers to stm32f10x_tim.o(i.TIM_ETRConfig) for TIM_ETRConfig
    stm32f10x_tim.o(i.TIM_ETRClockMode2Config) refers to stm32f10x_tim.o(i.TIM_ETRConfig) for TIM_ETRConfig
    stm32f10x_tim.o(i.TIM_ICInit) refers to stm32f10x_tim.o(i.TI1_Config) for TI1_Config
[...]
    g_mqttTmpBuf                             0x20003274   Data         512  onenet.o(.bss)
    g_mqttCmdBuf                             0x20003474   Data         512  onenet.o(.bss)
    .bss                                     0x20003674   Section       96  libspace.o(.bss)
    HEAP                                     0x200036d8   Section      512  startup_stm32f10x_md.o(HEAP)
    Heap_Mem                                 0x200036d8   Data         512  startup_stm32f10x_md.o(HEAP)
    STACK                                    0x200038d8   Section     1024  startup_stm32f10x_md.o(STACK)
    Stack_Mem                                0x200038d8   Data        1024  startup_stm32f10x_md.o(STACK)
    __initial_sp                             0x20003cd8   Data           0  startup_stm32f10x_md.o(STACK)

    Global Symbols

    Symbol Name                              Value     Ov Type        Size  Object(Section)

    BuildAttributes$$THM_ISAv4$P$D$K$B$S$PE$A:L22UL41UL21$X:L11$S22US41US21$IEEE1$IW$USESV6$~STKCKD$USESV7$~SHL$OTIME$ROPI$IEEEX$EBA8$UX$STANDARDLIB$REQ8$PRES8$EABIv2 0x00000000   Number         0  anon$$obj.o ABSOLUTE
    __ARM_use_no_argv                        0x00000000   Number         0  main.o ABSOLUTE
    __ARM_exceptions_init                     - Undefined Weak Reference
    __alloca_initialize                       - Undefined Weak Reference
    __arm_fini_                               - Undefined Weak Reference
    __arm_preinit_                            - Undefined Weak Reference
    __cpp_initialize__aeabi_                  - Undefined Weak Reference
    __cxa_finalize                            - Undefined Weak Reference
    __rt_locale                               - Undefined Weak Reference
    __sigvec_lookup                           - Undefined Weak Reference
    _atexit_init                              - Undefined Weak Reference
    _call_atexit_fns                          - Undefined Weak Reference
    _clock_init                               - Undefined Weak Reference
    _fp_trap_init                             - Undefined Weak Reference
    _fp_trap_shutdown                         - Undefined Weak Reference
    _get_lc_collate                           - Undefined Weak Reference
    _get_lc_ctype                             - Undefined Weak Reference
    _get_lc_monetary                          - Undefined Weak Reference
    _get_lc_numeric                           - Undefined Weak Reference
    _get_lc_time                              - Undefined Weak Reference
    _getenv_init                              - Undefined Weak Reference
    _handle_redirection                       - Undefined Weak Reference
    _init_alloc                               - Undefined Weak Reference
    _init_user_alloc                          - Undefined Weak Reference
    _initio                                   - Undefined Weak Reference
    _mutex_acquire                            - Undefined Weak Reference
    _mutex_release                            - Undefined Weak Reference
    _printf_mbtowc                            - Undefined Weak Reference
    _printf_post_padding                      - Undefined Weak Reference
    _printf_pre_padding                       - Undefined Weak Reference
    _printf_truncate_signed                   - Undefined Weak Reference
    _printf_truncate_unsigned                 - Undefined Weak Reference
    _rand_init                                - Undefined Weak Reference
    _signal_finish                            - Undefined Weak Reference
    _signal_init                              - Undefined Weak Reference
    _terminate_alloc                          - Undefined Weak Reference
    _terminate_user_alloc                     - Undefined Weak Reference
    _terminateio                              - Undefined Weak Reference
    __Vectors_Size                           0x000000ec   Number         0  startup_stm32f10x_md.o ABSOLUTE
    __Vectors                                0x08000000   Data           4  startup_stm32f10x_md.o(RESET)
    __Vectors_End                            0x080000ec   Data           0  startup_stm32f10x_md.o(RESET)
    __main                                   0x080000ed   Thumb Code     8  __main.o(!!!main)
    __scatterload                            0x080000f5   Thumb Code     0  __scatter.o(!!!scatter)
    __scatterload_rt2                        0x080000f5   Thumb Code    44  __scatter.o(!!!scatter)
    __scatterload_rt2_thumb_only             0x080000f5   Thumb Code     0  __scatter.o(!!!scatter)
    __scatterload_null                       0x08000103   Thumb Code     0  __scatter.o(!!!scatter)
    __scatterload_copy                       0x08000129   Thumb Code    26  __scatter_copy.o(!!handler_copy)
    __scatterload_zeroinit                   0x08000145   Thumb Code    28  __scatter_zi.o(!!handler_zi)
    _printf_d                                0x08000161   Thumb Code     0  _printf_d.o(.ARM.Collect$$_printf_percent$$00000009)
    _printf_percent                          0x08000161   Thumb Code     0  _printf_percent.o(.ARM.Collect$$_printf_percent$$00000000)
    _printf_u                                0x08000167   Thumb Code     0  _printf_u.o(.ARM.Collect$$_printf_percent$$0000000A)
    _printf_s                                0x0800016d   Thumb Code     0  _printf_s.o(.ARM.Collect$$_printf_percent$$00000014)
    _printf_percent_end                      0x08000173   Thumb Code     0  _printf_percent_end.o(.ARM.Collect$$_printf_percent$$00000017)
    __rt_lib_init                            0x08000177   Thumb Code     0  libinit.o(.ARM.Collect$$libinit$$00000000)
    __rt_lib_init_alloca_1                   0x08000179   Thumb Code     0  libinit2.o(.ARM.Collect$$libinit$$0000002E)
    __rt_lib_init_argv_1                     0x08000179   Thumb Code     0  libinit2.o(.ARM.Collect$$libinit$$0000002C)
    __rt_lib_init_atexit_1                   0x08000179   Thumb Code     0  libinit2.o(.ARM.Collect$$libinit$$0000001B)
    __rt_lib_init_clock_1                    0x08000179   Thumb Code     0  libinit2.o(.ARM.Collect$$libinit$$00000021)
    __rt_lib_init_cpp_1                      0x08000179   Thumb Code     0  libinit2.o(.ARM.Collect$$libinit$$00000032)
    __rt_lib_init_exceptions_1               0x08000179   Thumb Code     0  libinit2.o(.ARM.Collect$$libinit$$00000030)
    __rt_lib_init_fp_1                       0x08000179   Thumb Code     0  libinit2.o(.ARM.Collect$$libinit$$00000002)
    __rt_lib_init_fp_trap_1                  0x08000179   Thumb Code     0  libinit2.o(.ARM.Collect$$libinit$$0000001F)
    __rt_lib_init_getenv_1                   0x08000179   Thumb Code     0  libinit2.o(.ARM.Collect$$libinit$$00000023)
    __rt_lib_init_heap_1                     0x08000179   Thumb Code     0  libinit2.o(.ARM.Collect$$libinit$$0000000A)
    __rt_lib_init_lc_collate_1               0x08000179   Thumb Code     0  libinit2.o(.ARM.Collect$$libinit$$00000011)
    __rt_lib_init_lc_ctype_1                 0x08000179   Thumb Code     0  libinit2.o(.ARM.Collect$$libinit$$00000013)
    __rt_lib_init_lc_monetary_1              0x08000179   Thumb Code     0  libinit2.o(.ARM.Collect$$libinit$$00000015)
    __rt_lib_init_lc_numeric_1               0x08000179   Thumb Code     0  libinit2.o(.ARM.Collect$$libinit$$00000017)
    __rt_lib_init_lc_time_1                  0x08000179   Thumb Code     0  libinit2.o(.ARM.Collect$$libinit$$00000019)
    __rt_lib_init_preinit_1                  0x08000179   Thumb Code     0  libinit2.o(.ARM.Collect$$libinit$$00000004)
    __rt_lib_init_rand_1                     0x08000179   Thumb Code     0  libinit2.o(.ARM.Collect$$libinit$$0000000E)
    __rt_lib_init_return                     0x08000179   Thumb Code     0  libinit2.o(.ARM.Collect$$libinit$$00000033)
    __rt_lib_init_signal_1                   0x08000179   Thumb Code     0  libinit2.o(.ARM.Collect$$libinit$$0000001D)
    __rt_lib_init_stdio_1                    0x08000179   Thumb Code     0  libinit2.o(.ARM.Collect$$libinit$$00000025)
    __rt_lib_init_user_alloc_1               0x08000179   Thumb Code     0  libinit2.o(.ARM.Collect$$libinit$$0000000C)
    __rt_lib_shutdown                        0x0800017b   Thumb Code     0  libshutdown.o(.ARM.Collect$$libshutdown$$00000000)
    __rt_lib_shutdown_cpp_1                  0x0800017d   Thumb Code     0  libshutdown2.o(.ARM.Collect$$libshutdown$$00000004)
    __rt_lib_shutdown_fini_1                 0x0800017d   Thumb Code     0  libshutdown2.o(.ARM.Collect$$libshutdown$$00000002)
    __rt_lib_shutdown_fp_trap_1              0x0800017d   Thumb Code     0  libshutdown2.o(.ARM.Collect$$libshutdown$$00000009)
    __rt_lib_shutdown_heap_1                 0x0800017d   Thumb Code     0  libshutdown2.o(.ARM.Collect$$libshutdown$$00000011)
    __rt_lib_shutdown_return                 0x0800017d   Thumb Code     0  libshutdown2.o(.ARM.Collect$$libshutdown$$00000012)
    __rt_lib_shutdown_signal_1               0x0800017d   Thumb Code     0  libshutdown2.o(.ARM.Collect$$libshutdown$$0000000C)
    __rt_lib_shutdown_stdio_1                0x0800017d   Thumb Code     0  libshutdown2.o(.ARM.Collect$$libshutdown$$00000006)
    __rt_lib_shutdown_user_alloc_1           0x0800017d   Thumb Code     0  libshutdown2.o(.ARM.Collect$$libshutdown$$0000000E)
    __rt_entry                               0x0800017f   Thumb Code     0  __rtentry.o(.ARM.Collect$$rtentry$$00000000)
    __rt_entry_presh_1                       0x0800017f   Thumb Code     0  __rtentry2.o(.ARM.Collect$$rtentry$$00000002)
    __rt_entry_sh                            0x0800017f   Thumb Code     0  __rtentry4.o(.ARM.Collect$$rtentry$$00000004)
    __rt_entry_li                            0x08000185   Thumb Code     0  __rtentry2.o(.ARM.Collect$$rtentry$$0000000A)
    __rt_entry_postsh_1                      0x08000185   Thumb Code     0  __rtentry2.o(.ARM.Collect$$rtentry$$00000009)
    __rt_entry_main                          0x08000189   Thumb Code     0  __rtentry2.o(.ARM.Collect$$rtentry$$0000000D)
    __rt_entry_postli_1                      0x08000189   Thumb Code     0  __rtentry2.o(.ARM.Collect$$rtentry$$0000000C)
    __rt_exit                                0x08000191   Thumb Code     0  rtexit.o(.ARM.Collect$$rtexit$$00000000)
    __rt_exit_ls                             0x08000193   Thumb Code     0  rtexit2.o(.ARM.Collect$$rtexit$$00000003)
    __rt_exit_prels_1                        0x08000193   Thumb Code     0  rtexit2.o(.ARM.Collect$$rtexit$$00000002)
    __rt_exit_exit                           0x08000197   Thumb Code     0  rtexit2.o(.ARM.Collect$$rtexit$$00000004)
    SVC_Handler                              0x0800019d   Thumb Code    32  port.o(.emb_text)
    __asm___6_port_c_39a90d8d__prvStartFirstTask 0x080001c1   Thumb Code    28  port.o(.emb_text)
    PendSV_Handler                           0x080001e1   Thumb Code    72  port.o(.emb_text)
    vPortGetIPSR                             0x0800022d   Thumb Code     6  port.o(.emb_text)
    Reset_Handler                            0x08000235   Thumb Code     8  startup_stm32f10x_md.o(.text)
    ADC1_2_IRQHandler                        0x0800024f   Thumb Code     0  startup_stm32f10x_md.o(.text)
    CAN1_RX1_IRQHandler                      0x0800024f   Thumb Code     0  startup_stm32f10x_md.o(.text)
    CAN1_SCE_IRQHandler                      0x0800024f   Thumb Code     0  startup_stm32f10x_md.o(.text)
    DMA1_Channel1_IRQHandler                 0x0800024f   Thumb Code     0  startup_stm32f10x_md.o(.text)
    DMA1_Channel2_IRQHandler                 0x0800024f   Thumb Code     0  startup_stm32f10x_md.o(.text)
    DMA1_Channel3_IRQHandler                 0x0800024f   Thumb Code     0  startup_stm32f10x_md.o(.text)
    DMA1_Channel4_IRQHandler                 0x0800024f   Thumb Code     0  startup_stm32f10x_md.o(.text)
    DMA1_Channel5_IRQHandler                 0x0800024f   Thumb Code     0  startup_stm32f10x_md.o(.text)
    DMA1_Channel6_IRQHandler                 0x0800024f   Thumb Code     0  startup_stm32f10x_md.o(.text)
    DMA1_Channel7_IRQHandler                 0x0800024f   Thumb Code     0  startup_stm32f10x_md.o(.text)
    EXTI0_IRQHandler                         0x0800024f   Thumb Code     0  startup_stm32f10x_md.o(.text)
    EXTI15_10_IRQHandler                     0x0800024f   Thumb Code     0  startup_stm32f10x_md.o(.text)
    EXTI1_IRQHandler                         0x0800024f   Thumb Code     0  startup_stm32f10x_md.o(.text)
    EXTI2_IRQHandler                         0x0800024f   Thumb Code     0  startup_stm32f10x_md.o(.text)
    EXTI3_IRQHandler                         0x0800024f   Thumb Code     0  startup_stm32f10x_md.o(.text)
    EXTI4_IRQHandler                         0x0800024f   Thumb Code     0  startup_stm32f10x_md.o(.text)
    EXTI9_5_IRQHandler                       0x0800024f   Thumb Code     0  startup_stm32f10x_md.o(.text)
    FLASH_IRQHandler                         0x0800024f   Thumb Code     0  startup_stm32f10x_md.o(.text)
    I2C1_ER_IRQHandler                       0x0800024f   Thumb Code     0  startup_stm32f10x_md.o(.text)
    I2C1_EV_IRQHandler                       0x0800024f   Thumb Code     0  startup_stm32f10x_md.o(.text)
    I2C2_ER_IRQHandler                       0x0800024f   Thumb Code     0  startup_stm32f10x_md.o(.text)
    I2C2_EV_IRQHandler                       0x0800024f   Thumb Code     0  startup_stm32f10x_md.o(.text)
    PVD_IRQHandler                           0x0800024f   Thumb Code     0  startup_stm32f10x_md.o(.text)
    RCC_IRQHandler                           0x0800024f   Thumb Code     0  startup_stm32f10x_md.o(.text)
    RTCAlarm_IRQHandler                      0x0800024f   Thumb Code     0  startup_stm32f10x_md.o(.text)
    RTC_IRQHandler                           0x0800024f   Thumb Code     0  startup_stm32f10x_md.o(.text)
    SPI1_IRQHandler                          0x0800024f   Thumb Code     0  startup_stm32f10x_md.o(.text)
    SPI2_IRQHandler                          0x0800024f   Thumb Code     0  startup_stm32f10x_md.o(.text)
    TAMPER_IRQHandler                        0x0800024f   Thumb Code     0  startup_stm32f10x_md.o(.text)
    TIM1_BRK_IRQHandler                      0x0800024f   Thumb Code     0  startup_stm32f10x_md.o(.text)
    TIM1_CC_IRQHandler                       0x0800024f   Thumb Code     0  startup_stm32f10x_md.o(.text)
    TIM1_TRG_COM_IRQHandler                  0x0800024f   Thumb Code     0  startup_stm32f10x_md.o(.text)
    TIM1_UP_IRQHandler                       0x0800024f   Thumb Code     0  startup_stm32f10x_md.o(.text)
    TIM2_IRQHandler                          0x0800024f   Thumb Code     0  startup_stm32f10x_md.o(.text)
    TIM3_IRQHandler                          0x0800024f   Thumb Code     0  startup_stm32f10x_md.o(.text)
    TIM4_IRQHandler                          0x0800024f   Thumb Code     0  startup_stm32f10x_md.o(.text)
    USART3_IRQHandler                        0x0800024f   Thumb Code     0  startup_stm32f10x_md.o(.text)
    USBWakeUp_IRQHandler                     0x0800024f   Thumb Code     0  startup_stm32f10x_md.o(.text)
    USB_HP_CAN1_TX_IRQHandler                0x0800024f   Thumb Code     0  startup_stm32f10x_md.o(.text)
    USB_LP_CAN1_RX0_IRQHandler               0x0800024f   Thumb Code     0  startup_stm32f10x_md.o(.text)
    WWDG_IRQHandler                          0x0800024f   Thumb Code     0  startup_stm32f10x_md.o(.text)
    __user_initial_stackheap                 0x08000251   Thumb Code     0  startup_stm32f10x_md.o(.text)
    __use_no_semihosting                     0x08000275   Thumb Code     2  use_no_semi_2.o(.text)
    __2printf                                0x08000279   Thumb Code    20  noretval__2printf.o(.text)
    __2snprintf                              0x08000291   Thumb Code    48  noretval__2snprintf.o(.text)
    __printf                                 0x080002c5   Thumb Code   104  __printf.o(.text)
    _printf_str                              0x0800032d   Thumb Code    82  _printf_str.o(.text)
    _printf_int_dec                          0x08000381   Thumb Code   104  _printf_dec.o(.text)
    strstr                                   0x080003f9   Thumb Code    36  strstr.o(.text)
    strlen                                   0x0800041d   Thumb Code    62  strlen.o(.text)
    __aeabi_memcpy                           0x0800045b   Thumb Code     0  rt_memcpy_v6.o(.text)
    __rt_memcpy                              0x0800045b   Thumb Code   138  rt_memcpy_v6.o(.text)
    _memcpy_lastbytes                        0x080004c1   Thumb Code     0  rt_memcpy_v6.o(.text)
    __aeabi_memset                           0x080004e5   Thumb Code    16  aeabi_memset.o(.text)
    __aeabi_memclr                           0x080004f5   Thumb Code     0  rt_memclr.o(.text)
    __rt_memclr                              0x080004f5   Thumb Code    68  rt_memclr.o(.text)
    _memset                                  0x080004f9   Thumb Code     0  rt_memclr.o(.text)
    __aeabi_memclr4                          0x08000539   Thumb Code     0  rt_memclr_w.o(.text)
    __aeabi_memclr8                          0x08000539   Thumb Code     0  rt_memclr_w.o(.text)
    __rt_memclr_w                            0x08000539   Thumb Code    78  rt_memclr_w.o(.text)
    _memset_w                                0x0800053d   Thumb Code     0  rt_memclr_w.o(.text)
    __use_two_region_memory                  0x08000587   Thumb Code     2  heapauxi.o(.text)
    __rt_heap_escrow$2region                 0x08000589   Thumb Code     2  heapauxi.o(.text)
    __rt_heap_expand$2region                 0x0800058b   Thumb Code     2  heapauxi.o(.text)
    __I$use$semihosting                      0x0800058d   Thumb Code     0  use_no_semi.o(.text)
    __use_no_semihosting_swi                 0x0800058d   Thumb Code     2  use_no_semi.o(.text)
    __read_errno                             0x0800058f   Thumb Code    10  _rserrno.o(.text)
    __set_errno                              0x08000599   Thumb Code    12  _rserrno.o(.text)
    _printf_int_common                       0x080005a5   Thumb Code   178  _printf_intcommon.o(.text)
    _printf_char_common                      0x08000663   Thumb Code    32  _printf_char_common.o(.text)
    _sputc                                   0x08000689   Thumb Code    10  _sputc.o(.text)
    _snputc                                  0x08000693   Thumb Code    16  _snputc.o(.text)
    _printf_cs_common                        0x080006a3   Thumb Code    20  _printf_char.o(.text)
    _printf_char                             0x080006b7   Thumb Code    16  _printf_char.o(.text)
    _printf_string                           0x080006c7   Thumb Code     8  _printf_char.o(.text)
    _printf_char_file                        0x080006d1   Thumb Code    32  _printf_char_file.o(.text)
    __aeabi_memcpy4                          0x080006f5   Thumb Code     0  rt_memcpy_w.o(.text)
    __aeabi_memcpy8                          0x080006f5   Thumb Code     0  rt_memcpy_w.o(.text)
    __rt_memcpy_w                            0x080006f5   Thumb Code   100  rt_memcpy_w.o(.text)
    _memcpy_lastbytes_aligned                0x0800073d   Thumb Code     0  rt_memcpy_w.o(.text)
    __aeabi_errno_addr                       0x08000759   Thumb Code     8  rt_errno_addr_intlibspace.o(.text)
    __errno$intlibspace                      0x08000759   Thumb Code     0  rt_errno_addr_intlibspace.o(.text)
    __rt_errno_addr$intlibspace              0x08000759   Thumb Code     0  rt_errno_addr_intlibspace.o(.text)
    ferror                                   0x08000761   Thumb Code     8  ferror.o(.text)
    __user_libspace                          0x08000769   Thumb Code     8  libspace.o(.text)
    __user_perproc_libspace                  0x08000769   Thumb Code     0  libspace.o(.text)
    __user_perthread_libspace                0x08000769   Thumb Code     0  libspace.o(.text)
    __user_setup_stackheap                   0x08000771   Thumb Code    74  sys_stackheap_outer.o(.text)
    exit                                     0x080007bb   Thumb Code    18  exit.o(.text)
    ADC_Cmd                                  0x080007cd   Thumb Code    22  stm32f10x_adc.o(i.ADC_Cmd)
    ADC_DeInit                               0x080007e5   Thumb Code    78  stm32f10x_adc.o(i.ADC_DeInit)
    ADC_GetCalibrationStatus                 0x08000841   Thumb Code    20  stm32f10x_adc.o(i.ADC_GetCalibrationStatus)
    ADC_GetConversionValue                   0x08000855   Thumb Code     8  stm32f10x_adc.o(i.ADC_GetConversionValue)
    ADC_GetFlagStatus                        0x0800085d   Thumb Code    18  stm32f10x_adc.o(i.ADC_GetFlagStatus)
    ADC_GetResetCalibrationStatus            0x0800086f   Thumb Code    20  stm32f10x_adc.o(i.ADC_GetResetCalibrationStatus)
    ADC_Init                                 0x08000885   Thumb Code    70  stm32f10x_adc.o(i.ADC_Init)
    ADC_RegularChannelConfig                 0x080008d5   Thumb Code   184  stm32f10x_adc.o(i.ADC_RegularChannelConfig)
    ADC_ResetCalibration                     0x0800098d   Thumb Code    10  stm32f10x_adc.o(i.ADC_ResetCalibration)
    ADC_SoftwareStartConvCmd                 0x08000997   Thumb Code    22  stm32f10x_adc.o(i.ADC_SoftwareStartConvCmd)
    ADC_StartCalibration                     0x080009ad   Thumb Code    10  stm32f10x_adc.o(i.ADC_StartCalibration)
    AHT20_Init                               0x080009b7   Thumb Code    40  aht20.o(i.AHT20_Init)
    AHT20_ReadState                          0x08000a0b   Thumb Code    38  aht20.o(i.AHT20_ReadState)
    AHT20_ReadTemperatureHumidity            0x08000a31   Thumb Code   260  aht20.o(i.AHT20_ReadTemperatureHumidity)
    AHT20_WriteHalfword                      0x08000b45   Thumb Code    58  aht20.o(i.AHT20_WriteHalfword)
    AHT20_WriteInit                          0x08000b7f   Thumb Code    14  aht20.o(i.AHT20_WriteInit)
    AHT20_WriteMeasure                       0x08000b8d   Thumb Code    14  aht20.o(i.AHT20_WriteMeasure)
    BH1750_Init                              0x08000b9b   Thumb Code    76  aht20.o(i.BH1750_Init)
    BH1750_ReadLux                           0x08000be9   Thumb Code    68  aht20.o(i.BH1750_ReadLux)
    BusFault_Handler                         0x08000c31   Thumb Code     4  stm32f10x_it.o(i.BusFault_Handler)
    DebugMon_Handler                         0x08000c35   Thumb Code     2  stm32f10x_it.o(i.DebugMon_Handler)
    Delay_ms                                 0x08000c37   Thumb Code    24  delay.o(i.Delay_ms)
    Delay_us                                 0x08000c4f   Thumb Code    46  delay.o(i.Delay_us)
    ESP8266_ClearRxBuffer                    0x08000cb1   Thumb Code    28  esp8266.o(i.ESP8266_ClearRxBuffer)
    ESP8266_ConnectWiFi                      0x08000cd5   Thumb Code    90  esp8266.o(i.ESP8266_ConnectWiFi)
    ESP8266_CopyRxBuffer                     0x08000d5d   Thumb Code    46  esp8266.o(i.ESP8266_CopyRxBuffer)
    ESP8266_GetRxBuffer                      0x08000d95   Thumb Code    24  esp8266.o(i.ESP8266_GetRxBuffer)
    ESP8266_Init                             0x08000db5   Thumb Code   158  esp8266.o(i.ESP8266_Init)
    ESP8266_SendAT                           0x08000e5d   Thumb Code    34  esp8266.o(i.ESP8266_SendAT)
    ESP8266_SendByte                         0x08000e85   Thumb Code    28  esp8266.o(i.ESP8266_SendByte)
    ESP8266_SendRaw                          0x08000ea5   Thumb Code    90  esp8266.o(i.ESP8266_SendRaw)
    ESP8266_SendString                       0x08000f1d   Thumb Code    22  esp8266.o(i.ESP8266_SendString)
    ESP8266_SetModeStation                   0x08000f35   Thumb Code    24  esp8266.o(i.ESP8266_SetModeStation)
    ESP8266_StartTCP                         0x08000f81   Thumb Code    64  esp8266.o(i.ESP8266_StartTCP)
    ESP8266_Test                             0x08000ff9   Thumb Code    16  esp8266.o(i.ESP8266_Test)
    GPIO_Init                                0x0800104d   Thumb Code   278  stm32f10x_gpio.o(i.GPIO_Init)
    GPIO_ReadInputDataBit                    0x08001163   Thumb Code    18  stm32f10x_gpio.o(i.GPIO_ReadInputDataBit)
    GPIO_ResetBits                           0x08001175   Thumb Code     4  stm32f10x_gpio.o(i.GPIO_ResetBits)
    GPIO_SetBits                             0x08001179   Thumb Code     4  stm32f10x_gpio.o(i.GPIO_SetBits)
    GPIO_WriteBit                            0x0800117d   Thumb Code    10  stm32f10x_gpio.o(i.GPIO_WriteBit)
    HC_SR501_Init                            0x08001189   Thumb Code    40  hc_sr501.o(i.HC_SR501_Init)
    HC_SR501_ReadState                       0x080011b5   Thumb Code    14  hc_sr501.o(i.HC_SR501_ReadState)
    HardFault_Handler                        0x080011c9   Thumb Code     4  stm32f10x_it.o(i.HardFault_Handler)
    LCD_Clear                                0x080011cd   Thumb Code    84  lcd.o(i.LCD_Clear)
    LCD_DrawPoint                            0x0800122d   Thumb Code    24  lcd.o(i.LCD_DrawPoint)
    LCD_Fill                                 0x08001249   Thumb Code   110  gui.o(i.LCD_Fill)
    LCD_GPIOInit                             0x080012bd   Thumb Code    40  lcd.o(i.LCD_GPIOInit)
    LCD_Init                                 0x080012e9   Thumb Code   570  lcd.o(i.LCD_Init)
    LCD_RESET                                0x08001529   Thumb Code    34  lcd.o(i.LCD_RESET)
    LCD_SetCursor                            0x08001551   Thumb Code    20  lcd.o(i.LCD_SetCursor)
    LCD_SetWindows                           0x08001565   Thumb Code   108  lcd.o(i.LCD_SetWindows)
    LCD_ShowChar                             0x080015d5   Thumb Code   276  gui.o(i.LCD_ShowChar)
    LCD_ShowNum                              0x080016f9   Thumb Code   168  gui.o(i.LCD_ShowNum)
    LCD_ShowString                           0x080017a9   Thumb Code    94  gui.o(i.LCD_ShowString)
    LCD_WR_DATA                              0x08001815   Thumb Code    34  lcd.o(i.LCD_WR_DATA)
    LCD_WR_REG                               0x08001845   Thumb Code    34  lcd.o(i.LCD_WR_REG)
    LCD_WriteRAM_Prepare                     0x08001875   Thumb Code    12  lcd.o(i.LCD_WriteRAM_Prepare)
    LCD_WriteReg                             0x08001885   Thumb Code    20  lcd.o(i.LCD_WriteReg)
    LCD_direction                            0x08001899   Thumb Code   144  lcd.o(i.LCD_direction)
    LED_Init                                 0x0800192d   Thumb Code    40  led.o(i.LED_Init)
    LED_OFF                                  0x08001959   Thumb Code    14  led.o(i.LED_OFF)
    LED_ON                                   0x0800196d   Thumb Code    14  led.o(i.LED_ON)
    Lcd_WriteData_16Bit                      0x08001981   Thumb Code    42  lcd.o(i.Lcd_WriteData_16Bit)
    MQ4_ReadAO                               0x080019b9   Thumb Code    10  mq.o(i.MQ4_ReadAO)
    MQ4_ReadAO_Avg                           0x080019c3   Thumb Code    36  mq.o(i.MQ4_ReadAO_Avg)
    MQ4_ReadDO                               0x080019e9   Thumb Code    12  mq.o(i.MQ4_ReadDO)
    MQ4_ReadPPM_FromAO                       0x080019f9   Thumb Code    66  mq.o(i.MQ4_ReadPPM_FromAO)
    MQ7_ReadAO                               0x08001a4d   Thumb Code    10  mq.o(i.MQ7_ReadAO)
    MQ7_ReadAO_Avg                           0x08001a57   Thumb Code    36  mq.o(i.MQ7_ReadAO_Avg)
    MQ7_ReadDO                               0x08001a7d   Thumb Code    12  mq.o(i.MQ7_ReadDO)
    MQ7_ReadPPM_FromAO                       0x08001a8d   Thumb Code    66  mq.o(i.MQ7_ReadPPM_FromAO)
    MQ_Init                                  0x08001c4d   Thumb Code   144  mq.o(i.MQ_Init)
    MemManage_Handler                        0x08001da9   Thumb Code     4  stm32f10x_it.o(i.MemManage_Handler)
    MyI2C_Init                               0x08001dcd   Thumb Code    46  myi2c.o(i.MyI2C_Init)
    MyI2C_R_SDA                              0x08001e01   Thumb Code    20  myi2c.o(i.MyI2C_R_SDA)
    MyI2C_ReceiveAck                         0x08001e19   Thumb Code    30  myi2c.o(i.MyI2C_ReceiveAck)
    MyI2C_ReceiveByte                        0x08001e37   Thumb Code    52  myi2c.o(i.MyI2C_ReceiveByte)
    MyI2C_SendAck                            0x08001e6b   Thumb Code    24  myi2c.o(i.MyI2C_SendAck)
    MyI2C_SendByte                           0x08001e83   Thumb Code    42  myi2c.o(i.MyI2C_SendByte)
    MyI2C_Start                              0x08001ead   Thumb Code    28  myi2c.o(i.MyI2C_Start)
    MyI2C_Stop                               0x08001ec9   Thumb Code    22  myi2c.o(i.MyI2C_Stop)
    MyI2C_W_SCL                              0x08001ee1   Thumb Code    20  myi2c.o(i.MyI2C_W_SCL)
    MyI2C_W_SDA                              0x08001ef9   Thumb Code    20  myi2c.o(i.MyI2C_W_SDA)
    MySPI_Init                               0x08001f11   Thumb Code   144  myspi.o(i.MySPI_Init)
    MySPI_W_SS                               0x08001fa9   Thumb Code    16  myspi.o(i.MySPI_W_SS)
    MySPI_WriteByte                          0x08001fbd   Thumb Code    52  myspi.o(i.MySPI_WriteByte)
    NMI_Handler                              0x08001ff1   Thumb Code     2  stm32f10x_it.o(i.NMI_Handler)
    NVIC_Init                                0x08001ff5   Thumb Code   100  misc.o(i.NVIC_Init)
    OneNet_MQTT_Connect                      0x08002089   Thumb Code   404  onenet.o(i.OneNet_MQTT_Connect)
    OneNet_MQTT_GetConnAckCode               0x08002485   Thumb Code     8  onenet.o(i.OneNet_MQTT_GetConnAckCode)
    OneNet_MQTT_GetLastError                 0x08002491   Thumb Code     6  onenet.o(i.OneNet_MQTT_GetLastError)
    OneNet_MQTT_Publish                      0x0800249d   Thumb Code   256  onenet.o(i.OneNet_MQTT_Publish)
    OneNet_MQTT_Subscribe                    0x080025cd   Thumb Code   248  onenet.o(i.OneNet_MQTT_Subscribe)
    RCC_APB1PeriphClockCmd                   0x080026f1   Thumb Code    26  stm32f10x_rcc.o(i.RCC_APB1PeriphClockCmd)
    RCC_APB2PeriphClockCmd                   0x08002711   Thumb Code    26  stm32f10x_rcc.o(i.RCC_APB2PeriphClockCmd)
    RCC_APB2PeriphResetCmd                   0x08002731   Thumb Code    26  stm32f10x_rcc.o(i.RCC_APB2PeriphResetCmd)
    RCC_GetClocksFreq                        0x08002751   Thumb Code   192  stm32f10x_rcc.o(i.RCC_GetClocksFreq)
    SPI_Cmd                                  0x08002825   Thumb Code    24  stm32f10x_spi.o(i.SPI_Cmd)
    SPI_I2S_GetFlagStatus                    0x0800283d   Thumb Code    18  stm32f10x_spi.o(i.SPI_I2S_GetFlagStatus)
    SPI_I2S_ReceiveData                      0x0800284f   Thumb Code     6  stm32f10x_spi.o(i.SPI_I2S_ReceiveData)
    SPI_I2S_SendData                         0x08002855   Thumb Code     4  stm32f10x_spi.o(i.SPI_I2S_SendData)
    SPI_Init                                 0x08002859   Thumb Code    60  stm32f10x_spi.o(i.SPI_Init)
    SysTick_Handler                          0x0800297d   Thumb Code     8  stm32f10x_it.o(i.SysTick_Handler)
    SystemInit                               0x08002985   Thumb Code    78  system_stm32f10x.o(i.SystemInit)
    UART_Init                                0x080029e5   Thumb Code   154  uart.o(i.UART_Init)
    UART_SendByte                            0x08002a95   Thumb Code    28  uart.o(i.UART_SendByte)
    USART1_IRQHandler                        0x08002ab5   Thumb Code    64  uart.o(i.USART1_IRQHandler)
    USART2_IRQHandler                        0x08002b05   Thumb Code    80  esp8266.o(i.USART2_IRQHandler)
    USART_ClearITPendingBit                  0x08002b61   Thumb Code    30  stm32f10x_usart.o(i.USART_ClearITPendingBit)
    USART_Cmd                                0x08002b7f   Thumb Code    24  stm32f10x_usart.o(i.USART_Cmd)
    USART_GetFlagStatus                      0x08002b97   Thumb Code    26  stm32f10x_usart.o(i.USART_GetFlagStatus)
    USART_GetITStatus                        0x08002bb1   Thumb Code    84  stm32f10x_usart.o(i.USART_GetITStatus)
    USART_ITConfig                           0x08002c05   Thumb Code    74  stm32f10x_usart.o(i.USART_ITConfig)
    USART_Init                               0x08002c51   Thumb Code   210  stm32f10x_usart.o(i.USART_Init)
    USART_ReceiveData                        0x08002d29   Thumb Code    10  stm32f10x_usart.o(i.USART_ReceiveData)
    USART_SendData                           0x08002d33   Thumb Code     8  stm32f10x_usart.o(i.USART_SendData)
    UsageFault_Handler                       0x08002d3b   Thumb Code     4  stm32f10x_it.o(i.UsageFault_Handler)
    __ARM_fpclassifyf                        0x08002d3f   Thumb Code    38  fpclassifyf.o(i.__ARM_fpclassifyf)
    __mathlib_flt_divzero                    0x08002d65   Thumb Code    10  funder.o(i.__mathlib_flt_divzero)
    __mathlib_flt_infnan                     0x08002d6f   Thumb Code     6  funder.o(i.__mathlib_flt_infnan)
    __mathlib_flt_infnan2                    0x08002d75   Thumb Code     4  funder.o(i.__mathlib_flt_infnan2)
    __mathlib_flt_invalid                    0x08002d79   Thumb Code     8  funder.o(i.__mathlib_flt_invalid)
    __mathlib_flt_overflow                   0x08002d81   Thumb Code    10  funder.o(i.__mathlib_flt_overflow)
    __mathlib_flt_underflow                  0x08002d8b   Thumb Code    10  funder.o(i.__mathlib_flt_underflow)
    _sys_exit                                0x08002d95   Thumb Code     2  uart.o(i._sys_exit)
    fputc                                    0x08002df7   Thumb Code    16  uart.o(i.fputc)
    freertos_demo                            0x08002e09   Thumb Code    32  freertos_demo.o(i.freertos_demo)
    log10f                                   0x08002e3d   Thumb Code   384  log10f.o(i.log10f)
    main                                     0x08002ff1   Thumb Code    34  main.o(i.main)
    mypow                                    0x08003035   Thumb Code    22  gui.o(i.mypow)
    __mathlib_powf                           0x0800304d   Thumb Code     0  powf.o(i.powf)
    powf                                     0x0800304d   Thumb Code  1548  powf.o(i.powf)
    pvPortMalloc                             0x080040e9   Thumb Code   228  heap_4.o(i.pvPortMalloc)
    pxPortInitialiseStack                    0x080041e5   Thumb Code    30  port.o(i.pxPortInitialiseStack)
    start_task                               0x08004209   Thumb Code   124  freertos_demo.o(i.start_task)
    task1                                    0x080042d9   Thumb Code    10  freertos_demo.o(i.task1)
    task2                                    0x080042e5   Thumb Code   828  freertos_demo.o(i.task2)
    task3                                    0x080046d9   Thumb Code    76  freertos_demo.o(i.task3)
    task4                                    0x0800473d   Thumb Code    88  freertos_demo.o(i.task4)
    task5                                    0x080047a5   Thumb Code   584  freertos_demo.o(i.task5)
    uxListRemove                             0x08004c15   Thumb Code    40  list.o(i.uxListRemove)
    vListInitialise                          0x08004c3d   Thumb Code    26  list.o(i.vListInitialise)
    vListInitialiseItem                      0x08004c57   Thumb Code     6  list.o(i.vListInitialiseItem)
    vListInsert                              0x08004c5d   Thumb Code    52  list.o(i.vListInsert)
    vListInsertEnd                           0x08004c91   Thumb Code    24  list.o(i.vListInsertEnd)
    vPortEnterCritical                       0x08004ca9   Thumb Code    30  port.o(i.vPortEnterCritical)
    vPortExitCritical                        0x08004ccd   Thumb Code    28  port.o(i.vPortExitCritical)
    vPortFree                                0x08004ced   Thumb Code    74  heap_4.o(i.vPortFree)
    vPortSetupTimerInterrupt                 0x08004d45   Thumb Code    38  port.o(i.vPortSetupTimerInterrupt)
    vQueueAddToRegistry                      0x08004d71   Thumb Code    66  queue.o(i.vQueueAddToRegistry)
    vQueueWaitForMessageRestricted           0x08004db9   Thumb Code    74  queue.o(i.vQueueWaitForMessageRestricted)
    vTaskDelay                               0x08004e05   Thumb Code    46  tasks.o(i.vTaskDelay)
    vTaskDelete                              0x08004e39   Thumb Code   174  tasks.o(i.vTaskDelete)
    vTaskInternalSetTimeOutState             0x08004f0d   Thumb Code    14  tasks.o(i.vTaskInternalSetTimeOutState)
    vTaskMissedYield                         0x08004f25   Thumb Code     8  tasks.o(i.vTaskMissedYield)
    vTaskPlaceOnEventList                    0x08004f31   Thumb Code    28  tasks.o(i.vTaskPlaceOnEventList)
    vTaskPlaceOnEventListRestricted          0x08004f51   Thumb Code    70  tasks.o(i.vTaskPlaceOnEventListRestricted)
    vTaskStartScheduler                      0x08004f9d   Thumb Code    86  tasks.o(i.vTaskStartScheduler)
    vTaskSuspendAll                          0x08005015   Thumb Code    12  tasks.o(i.vTaskSuspendAll)
    vTaskSwitchContext                       0x08005025   Thumb Code    76  tasks.o(i.vTaskSwitchContext)
    xPortStartScheduler                      0x08005085   Thumb Code    42  port.o(i.xPortStartScheduler)
    xPortSysTickHandler                      0x080050b9   Thumb Code    46  port.o(i.xPortSysTickHandler)
    xQueueGenericCreate                      0x080050ed   Thumb Code    76  queue.o(i.xQueueGenericCreate)
    xQueueGenericReset                       0x08005139   Thumb Code   156  queue.o(i.xQueueGenericReset)
    xQueueReceive                            0x080051d9   Thumb Code   256  queue.o(i.xQueueReceive)
    xTaskCheckForTimeOut                     0x080052dd   Thumb Code   112  tasks.o(i.xTaskCheckForTimeOut)
    xTaskCreate                              0x08005359   Thumb Code    96  tasks.o(i.xTaskCreate)
    xTaskGetTickCount                        0x080053b9   Thumb Code     6  tasks.o(i.xTaskGetTickCount)
    xTaskIncrementTick                       0x080053c5   Thumb Code   356  tasks.o(i.xTaskIncrementTick)
    xTaskPriorityDisinherit                  0x08005555   Thumb Code   162  tasks.o(i.xTaskPriorityDisinherit)
    xTaskRemoveFromEventList                 0x08005601   Thumb Code   240  tasks.o(i.xTaskRemoveFromEventList)
    xTaskResumeAll                           0x08005709   Thumb Code   310  tasks.o(i.xTaskResumeAll)
    xTimerCreateTimerTask                    0x08005865   Thumb Code    42  timers.o(i.xTimerCreateTimerTask)
    __aeabi_fadd                             0x080058a5   Thumb Code     0  faddsub_clz.o(x$fpl$fadd)
    _fadd                                    0x080058a5   Thumb Code   196  faddsub_clz.o(x$fpl$fadd)
    __fpl_fcheck_NaN1                        0x08005969   Thumb Code     6  fcheck1.o(x$fpl$fcheck1)
    __fpl_fcmp_Inf                           0x08005975   Thumb Code    24  fcmpi.o(x$fpl$fcmpinf)
    __aeabi_fdiv                             0x0800598d   Thumb Code     0  fdiv.o(x$fpl$fdiv)
    _fdiv                                    0x0800598d   Thumb Code   384  fdiv.o(x$fpl$fdiv)
    __aeabi_f2iz                             0x08005b11   Thumb Code     0  ffix.o(x$fpl$ffix)
    _ffix                                    0x08005b11   Thumb Code    54  ffix.o(x$fpl$ffix)
    _ffix_r                                  0x08005b49   Thumb Code    82  ffix.o(x$fpl$ffixr)
    __aeabi_f2uiz                            0x08005b9d   Thumb Code     0  ffixu.o(x$fpl$ffixu)
    _ffixu                                   0x08005b9d   Thumb Code    62  ffixu.o(x$fpl$ffixu)
    __aeabi_i2f                              0x08005bdd   Thumb Code     0  fflt_clz.o(x$fpl$fflt)
    _fflt                                    0x08005bdd   Thumb Code    48  fflt_clz.o(x$fpl$fflt)
    __aeabi_ui2f                             0x08005c0d   Thumb Code     0  fflt_clz.o(x$fpl$ffltu)
    _ffltu                                   0x08005c0d   Thumb Code    38  fflt_clz.o(x$fpl$ffltu)
    __aeabi_cfcmple                          0x08005c35   Thumb Code     0  fleqf.o(x$fpl$fleqf)
    _fcmple                                  0x08005c35   Thumb Code   104  fleqf.o(x$fpl$fleqf)
    __fpl_fcmple_InfNaN                      0x08005c87   Thumb Code     0  fleqf.o(x$fpl$fleqf)
    __aeabi_fmul                             0x08005c9d   Thumb Code     0  fmul.o(x$fpl$fmul)
    _fmul                                    0x08005c9d   Thumb Code   258  fmul.o(x$fpl$fmul)
    __fpl_fnaninf                            0x08005d9f   Thumb Code   140  fnaninf.o(x$fpl$fnaninf)
    __fpl_fretinf                            0x08005e2b   Thumb Code    10  fretinf.o(x$fpl$fretinf)
    __aeabi_cfrcmple                         0x08005e35   Thumb Code     0  frleqf.o(x$fpl$frleqf)
    _frcmple                                 0x08005e35   Thumb Code    98  frleqf.o(x$fpl$frleqf)
    __aeabi_frsub                            0x08005e97   Thumb Code     0  faddsub_clz.o(x$fpl$frsb)
    _frsb                                    0x08005e97   Thumb Code    20  faddsub_clz.o(x$fpl$frsb)
    __aeabi_fsub                             0x08005ead   Thumb Code     0  faddsub_clz.o(x$fpl$fsub)
    _fsub                                    0x08005ead   Thumb Code   234  faddsub_clz.o(x$fpl$fsub)
    __fpl_return_NaN                         0x08005f97   Thumb Code   100  retnan.o(x$fpl$retnan)
    __ARM_scalbnf                            0x08005ffb   Thumb Code    76  scalbnf.o(x$fpl$scalbnf)
    __fpl_cmpreturn                          0x08006047   Thumb Code    48  trapv.o(x$fpl$trapveneer)
    __I$use$fp                               0x08006076   Number         0  usenofp.o(x$fpl$usenofp)
    asc2_1206                                0x08006076   Data        1140  gui.o(.constdata)
    asc2_1608                                0x080064ea   Data        1520  gui.o(.constdata)
    tfont16                                  0x08006ada   Data        2108  gui.o(.constdata)
    tfont24                                  0x08007316   Data         518  gui.o(.constdata)
    tfont32                                  0x0800751c   Data         520  gui.o(.constdata)
    Region$$Table$$Base                      0x080079e0   Number         0  anon$$obj.o(Region$$Table)
    Region$$Table$$Limit                     0x08007a00   Number         0  anon$$obj.o(Region$$Table)
    StartTask_Handler                        0x20000014   Data           4  freertos_demo.o(.data)
    Task1Task_Handler                        0x20000018   Data           4  freertos_demo.o(.data)
    Task2Task_Handler                        0x2000001c   Data           4  freertos_demo.o(.data)
    Task3Task_Handler                        0x20000020   Data           4  freertos_demo.o(.data)
    Task4Task_Handler                        0x20000024   Data           4  freertos_demo.o(.data)
    Task5Task_Handler                        0x20000028   Data           4  freertos_demo.o(.data)
    gAHT20_Humidity                          0x2000002c   Data           4  freertos_demo.o(.data)
    gAHT20_Temperature                       0x20000030   Data           4  freertos_demo.o(.data)
    gAHT20_WorkState                         0x20000034   Data           1  freertos_demo.o(.data)
    gBH1750_Lux                              0x20000038   Data           4  freertos_demo.o(.data)
    gBH1750_WorkState                        0x2000003c   Data           1  freertos_demo.o(.data)
    gMQ4_AO                                  0x2000003e   Data           2  freertos_demo.o(.data)
    gMQ7_AO                                  0x20000040   Data           2  freertos_demo.o(.data)
    gMQ4_DO                                  0x20000042   Data           1  freertos_demo.o(.data)
    gMQ7_DO                                  0x20000043   Data           1  freertos_demo.o(.data)
    gMQ4_PPM                                 0x20000044   Data           4  freertos_demo.o(.data)
    gMQ7_PPM                                 0x20000048   Data           4  freertos_demo.o(.data)
    gHC_SR501_State                          0x2000004c   Data           1  freertos_demo.o(.data)
    gLED_State                               0x2000004d   Data           1  freertos_demo.o(.data)
    gLED_CloudCtrl                           0x2000004e   Data           1  freertos_demo.o(.data)
    gLED_CloudState                          0x2000004f   Data           1  freertos_demo.o(.data)
    gWiFi_Connected                          0x20000050   Data           1  freertos_demo.o(.data)
    gMQTT_Connected                          0x20000051   Data           1  freertos_demo.o(.data)
    SystemCoreClock                          0x20000054   Data           4  system_stm32f10x.o(.data)
    AHBPrescTable                            0x20000058   Data          16  system_stm32f10x.o(.data)
    __stdout                                 0x2000006c   Data           4  uart.o(.data)
    pxCurrentTCB                             0x20000070   Data           4  tasks.o(.data)
    uxTopUsedPriority                        0x200000a8   Data           4  tasks.o(.data)
    POINT_COLOR                              0x200000e8   Data           2  lcd.o(.data)
    BACK_COLOR                               0x200000ea   Data           2  lcd.o(.data)
    DeviceCode                               0x200000ec   Data           2  lcd.o(.data)
    xQueueRegistry                           0x20000188   Data          64  queue.o(.bss)
    lcddev                                   0x20002cd4   Data          16  lcd.o(.bss)
    MQTT_ClientID                            0x20002ee4   Data         100  onenet.o(.bss)
    MQTT_UserName                            0x20002f48   Data         100  onenet.o(.bss)
    MQTT_PassWord                            0x20002fac   Data         200  onenet.o(.bss)
    __libspace_start                         0x20003674   Data          96  libspace.o(.bss)
    __temporary_stack_top$libspace           0x200036d4   Data           0  libspace.o(.bss)



==============================================================================

Memory Map of the image

  Image Entry point : 0x080000ed

  Load Region LR_IROM1 (Base: 0x08000000, Size: 0x00007b08, Max: 0x00010000, ABSOLUTE)

    Execution Region ER_IROM1 (Exec base: 0x08000000, Load base: 0x08000000, Size: 0x00007a00, Max: 0x00010000, ABSOLUTE)

    Exec Addr    Load Addr    Size         Type   Attr      Idx    E Section Name        Object

    0x08000000   0x08000000   0x000000ec   Data   RO         3454    RESET               startup_stm32f10x_md.o
    0x080000ec   0x080000ec   0x00000008   Code   RO         5902  * !!!main             c_w.l(__main.o)
    0x080000f4   0x080000f4   0x00000034   Code   RO         6170    !!!scatter          c_w.l(__scatter.o)
    0x08000128   0x08000128   0x0000001a   Code   RO         6172    !!handler_copy      c_w.l(__scatter_copy.o)
    0x08000142   0x08000142   0x00000002   PAD
    0x08000144   0x08000144   0x0000001c   Code   RO         6174    !!handler_zi        c_w.l(__scatter_zi.o)
    0x08000160   0x08000160   0x00000000   Code   RO         5885    .ARM.Collect$$_printf_percent$$00000000  c_w.l(_printf_percent.o)
    0x08000160   0x08000160   0x00000006   Code   RO         5883    .ARM.Collect$$_printf_percent$$00000009  c_w.l(_printf_d.o)
    0x08000166   0x08000166   0x00000006   Code   RO         5884    .ARM.Collect$$_printf_percent$$0000000A  c_w.l(_printf_u.o)
    0x0800016c   0x0800016c   0x00000006   Code   RO         5882    .ARM.Collect$$_printf_percent$$00000014  c_w.l(_printf_s.o)
    0x08000172   0x08000172   0x00000004   Code   RO         5971    .ARM.Collect$$_printf_percent$$00000017  c_w.l(_printf_percent_end.o)
    0x08000176   0x08000176   0x00000002   Code   RO         6041    .ARM.Collect$$libinit$$00000000  c_w.l(libinit.o)
    0x08000178   0x08000178   0x00000000   Code   RO         6047    .ARM.Collect$$libinit$$00000002  c_w.l(libinit2.o)
    0x08000178   0x08000178   0x00000000   Code   RO         6049    .ARM.Collect$$libinit$$00000004  c_w.l(libinit2.o)
    0x08000178   0x08000178   0x00000000   Code   RO         6052    .ARM.Collect$$libinit$$0000000A  c_w.l(libinit2.o)
    0x08000178   0x08000178   0x00000000   Code   RO         6054    .ARM.Collect$$libinit$$0000000C  c_w.l(libinit2.o)
    0x08000178   0x08000178   0x00000000   Code   RO         6056    .ARM.Collect$$libinit$$0000000E  c_w.l(libinit2.o)
    0x08000178   0x08000178   0x00000000   Code   RO         6059    .ARM.Collect$$libinit$$00000011  c_w.l(libinit2.o)
    0x08000178   0x08000178   0x00000000   Code   RO         6061    .ARM.Collect$$libinit$$00000013  c_w.l(libinit2.o)
    0x08000178   0x08000178   0x00000000   Code   RO         6063    .ARM.Collect$$libinit$$00000015  c_w.l(libinit2.o)
    0x08000178   0x08000178   0x00000000   Code   RO         6065    .ARM.Collect$$libinit$$00000017  c_w.l(libinit2.o)
    0x08000178   0x08000178   0x00000000   Code   RO         6067    .ARM.Collect$$libinit$$00000019  c_w.l(libinit2.o)
    0x08000178   0x08000178   0x00000000   Code   RO         6069    .ARM.Collect$$libinit$$0000001B  c_w.l(libinit2.o)
    0x08000178   0x08000178   0x00000000   Code   RO         6071    .ARM.Collect$$libinit$$0000001D  c_w.l(libinit2.o)
    0x08000178   0x08000178   0x00000000   Code   RO         6073    .ARM.Collect$$libinit$$0000001F  c_w.l(libinit2.o)
    0x08000178   0x08000178   0x00000000   Code   RO         6075    .ARM.Collect$$libinit$$00000021  c_w.l(libinit2.o)
    0x08000178   0x08000178   0x00000000   Code   RO         6077    .ARM.Collect$$libinit$$00000023  c_w.l(libinit2.o)
    0x08000178   0x08000178   0x00000000   Code   RO         6079    .ARM.Collect$$libinit$$00000025  c_w.l(libinit2.o)
    0x08000178   0x08000178   0x00000000   Code   RO         6083    .ARM.Collect$$libinit$$0000002C  c_w.l(libinit2.o)
    0x08000178   0x08000178   0x00000000   Code   RO         6085    .ARM.Collect$$libinit$$0000002E  c_w.l(libinit2.o)
    0x08000178   0x08000178   0x00000000   Code   RO         6087    .ARM.Collect$$libinit$$00000030  c_w.l(libinit2.o)
    0x08000178   0x08000178   0x00000000   Code   RO         6089    .ARM.Collect$$libinit$$00000032  c_w.l(libinit2.o)
    0x08000178   0x08000178   0x00000002   Code   RO         6090    .ARM.Collect$$libinit$$00000033  c_w.l(libinit2.o)
    0x0800017a   0x0800017a   0x00000002   Code   RO         6110    .ARM.Collect$$libshutdown$$00000000  c_w.l(libshutdown.o)
    0x0800017c   0x0800017c   0x00000000   Code   RO         6120    .ARM.Collect$$libshutdown$$00000002  c_w.l(libshutdown2.o)
    0x0800017c   0x0800017c   0x00000000   Code   RO         6122    .ARM.Collect$$libshutdown$$00000004  c_w.l(libshutdown2.o)
    0x0800017c   0x0800017c   0x00000000   Code   RO         6124    .ARM.Collect$$libshutdown$$00000006  c_w.l(libshutdown2.o)
    0x0800017c   0x0800017c   0x00000000   Code   RO         6127    .ARM.Collect$$libshutdown$$00000009  c_w.l(libshutdown2.o)
    0x0800017c   0x0800017c   0x00000000   Code   RO         6130    .ARM.Collect$$libshutdown$$0000000C  c_w.l(libshutdown2.o)
    0x0800017c   0x0800017c   0x00000000   Code   RO         6132    .ARM.Collect$$libshutdown$$0000000E  c_w.l(libshutdown2.o)
    0x0800017c   0x0800017c   0x00000000   Code   RO         6135    .ARM.Collect$$libshutdown$$00000011  c_w.l(libshutdown2.o)
    0x0800017c   0x0800017c   0x00000002   Code   RO         6136    .ARM.Collect$$libshutdown$$00000012  c_w.l(libshutdown2.o)
    0x0800017e   0x0800017e   0x00000000   Code   RO         5956    .ARM.Collect$$rtentry$$00000000  c_w.l(__rtentry.o)
    0x0800017e   0x0800017e   0x00000000   Code   RO         6002    .ARM.Collect$$rtentry$$00000002  c_w.l(__rtentry2.o)
    0x0800017e   0x0800017e   0x00000006   Code   RO         6014    .ARM.Collect$$rtentry$$00000004  c_w.l(__rtentry4.o)
    0x08000184   0x08000184   0x00000000   Code   RO         6004    .ARM.Collect$$rtentry$$00000009  c_w.l(__rtentry2.o)
    0x08000184   0x08000184   0x00000004   Code   RO         6005    .ARM.Collect$$rtentry$$0000000A  c_w.l(__rtentry2.o)
    0x08000188   0x08000188   0x00000000   Code   RO         6007    .ARM.Collect$$rtentry$$0000000C  c_w.l(__rtentry2.o)
    0x08000188   0x08000188   0x00000008   Code   RO         6008    .ARM.Collect$$rtentry$$0000000D  c_w.l(__rtentry2.o)
    0x08000190   0x08000190   0x00000002   Code   RO         6044    .ARM.Collect$$rtexit$$00000000  c_w.l(rtexit.o)
    0x08000192   0x08000192   0x00000000   Code   RO         6094    .ARM.Collect$$rtexit$$00000002  c_w.l(rtexit2.o)
    0x08000192   0x08000192   0x00000004   Code   RO         6095    .ARM.Collect$$rtexit$$00000003  c_w.l(rtexit2.o)
    0x08000196   0x08000196   0x00000006   Code   RO         6096    .ARM.Collect$$rtexit$$00000004  c_w.l(rtexit2.o)
    0x0800019c   0x0800019c   0x00000096   Code   RO         4926    .emb_text           port.o
    0x08000232   0x08000232   0x00000002   PAD
    0x08000234   0x08000234   0x00000040   Code   RO         3455    .text               startup_stm32f10x_md.o
    0x08000274   0x08000274   0x00000002   Code   RO         5841    .text               c_w.l(use_no_semi_2.o)
    0x08000276   0x08000276   0x00000002   PAD
    0x08000278   0x08000278   0x00000018   Code   RO         5849    .text               c_w.l(noretval__2printf.o)
    0x08000290   0x08000290   0x00000034   Code   RO         5853    .text               c_w.l(noretval__2snprintf.o)
    0x080002c4   0x080002c4   0x00000068   Code   RO         5855    .text               c_w.l(__printf.o)
    0x0800032c   0x0800032c   0x00000052   Code   RO         5857    .text               c_w.l(_printf_str.o)
    0x0800037e   0x0800037e   0x00000002   PAD
    0x08000380   0x08000380   0x00000078   Code   RO         5859    .text               c_w.l(_printf_dec.o)
    0x080003f8   0x080003f8   0x00000024   Code   RO         5886    .text               c_w.l(strstr.o)
    0x0800041c   0x0800041c   0x0000003e   Code   RO         5890    .text               c_w.l(strlen.o)
    0x0800045a   0x0800045a   0x0000008a   Code   RO         5892    .text               c_w.l(rt_memcpy_v6.o)
    0x080004e4   0x080004e4   0x00000010   Code   RO         5894    .text               c_w.l(aeabi_memset.o)
    0x080004f4   0x080004f4   0x00000044   Code   RO         5896    .text               c_w.l(rt_memclr.o)
    0x08000538   0x08000538   0x0000004e   Code   RO         5898    .text               c_w.l(rt_memclr_w.o)
    0x08000586   0x08000586   0x00000006   Code   RO         5900    .text               c_w.l(heapauxi.o)
    0x0800058c   0x0800058c   0x00000002   Code   RO         5954    .text               c_w.l(use_no_semi.o)
    0x0800058e   0x0800058e   0x00000016   Code   RO         5957    .text               c_w.l(_rserrno.o)
    0x080005a4   0x080005a4   0x000000b2   Code   RO         5959    .text               c_w.l(_printf_intcommon.o)
    0x08000656   0x08000656   0x00000002   PAD
    0x08000658   0x08000658   0x00000030   Code   RO         5961    .text               c_w.l(_printf_char_common.o)
    0x08000688   0x08000688   0x0000000a   Code   RO         5963    .text               c_w.l(_sputc.o)
    0x08000692   0x08000692   0x00000010   Code   RO         5965    .text               c_w.l(_snputc.o)
    0x080006a2   0x080006a2   0x0000002c   Code   RO         5967    .text               c_w.l(_printf_char.o)
    0x080006ce   0x080006ce   0x00000002   PAD
    0x080006d0   0x080006d0   0x00000024   Code   RO         5969    .text               c_w.l(_printf_char_file.o)
    0x080006f4   0x080006f4   0x00000064   Code   RO         5972    .text               c_w.l(rt_memcpy_w.o)
    0x08000758   0x08000758   0x00000008   Code   RO         6019    .text               c_w.l(rt_errno_addr_intlibspace.o)
    0x08000760   0x08000760   0x00000008   Code   RO         6023    .text               c_w.l(ferror.o)
    0x08000768   0x08000768   0x00000008   Code   RO         6029    .text               c_w.l(libspace.o)
    0x08000770   0x08000770   0x0000004a   Code   RO         6032    .text               c_w.l(sys_stackheap_outer.o)
    0x080007ba   0x080007ba   0x00000012   Code   RO         6034    .text               c_w.l(exit.o)
    0x080007cc   0x080007cc   0x00000016   Code   RO          131    i.ADC_Cmd           stm32f10x_adc.o
    0x080007e2   0x080007e2   0x00000002   PAD
    0x080007e4   0x080007e4   0x0000005c   Code   RO          133    i.ADC_DeInit        stm32f10x_adc.o
    0x08000840   0x08000840   0x00000014   Code   RO          139    i.ADC_GetCalibrationStatus  stm32f10x_adc.o
    0x08000854   0x08000854   0x00000008   Code   RO          140    i.ADC_GetConversionValue  stm32f10x_adc.o
    0x0800085c   0x0800085c   0x00000012   Code   RO          142    i.ADC_GetFlagStatus  stm32f10x_adc.o
    0x0800086e   0x0800086e   0x00000014   Code   RO          145    i.ADC_GetResetCalibrationStatus  stm32f10x_adc.o
    0x08000882   0x08000882   0x00000002   PAD
    0x08000884   0x08000884   0x00000050   Code   RO          149    i.ADC_Init          stm32f10x_adc.o
    0x080008d4   0x080008d4   0x000000b8   Code   RO          153    i.ADC_RegularChannelConfig  stm32f10x_adc.o
    0x0800098c   0x0800098c   0x0000000a   Code   RO          154    i.ADC_ResetCalibration  stm32f10x_adc.o
    0x08000996   0x08000996   0x00000016   Code   RO          156    i.ADC_SoftwareStartConvCmd  stm32f10x_adc.o
    0x080009ac   0x080009ac   0x0000000a   Code   RO          158    i.ADC_StartCalibration  stm32f10x_adc.o
    0x080009b6   0x080009b6   0x00000028   Code   RO         5301    i.AHT20_Init        aht20.o
    0x080009de   0x080009de   0x0000002c   Code   RO         5302    i.AHT20_LocalDelayMs  aht20.o
    0x08000a0a   0x08000a0a   0x00000026   Code   RO         5303    i.AHT20_ReadState   aht20.o
    0x08000a30   0x08000a30   0x00000114   Code   RO         5304    i.AHT20_ReadTemperatureHumidity  aht20.o
    0x08000b44   0x08000b44   0x0000003a   Code   RO         5306    i.AHT20_WriteHalfword  aht20.o
    0x08000b7e   0x08000b7e   0x0000000e   Code   RO         5307    i.AHT20_WriteInit   aht20.o
    0x08000b8c   0x08000b8c   0x0000000e   Code   RO         5308    i.AHT20_WriteMeasure  aht20.o
    0x08000b9a   0x08000b9a   0x0000004c   Code   RO         5310    i.BH1750_Init       aht20.o
    0x08000be6   0x08000be6   0x00000002   PAD
    0x08000be8   0x08000be8   0x00000048   Code   RO         5311    i.BH1750_ReadLux    aht20.o
    0x08000c30   0x08000c30   0x00000004   Code   RO         3166    i.BusFault_Handler  stm32f10x_it.o
    0x08000c34   0x08000c34   0x00000002   Code   RO         3167    i.DebugMon_Handler  stm32f10x_it.o
    0x08000c36   0x08000c36   0x00000018   Code   RO         3512    i.Delay_ms          delay.o
    0x08000c4e   0x08000c4e   0x0000002e   Code   RO         3514    i.Delay_us          delay.o
    0x08000c7c   0x08000c7c   0x00000034   Code   RO         5584    i.ESP8266_BufferContains  esp8266.o
    0x08000cb0   0x08000cb0   0x00000024   Code   RO         5585    i.ESP8266_ClearRxBuffer  esp8266.o
    0x08000cd4   0x08000cd4   0x00000088   Code   RO         5586    i.ESP8266_ConnectWiFi  esp8266.o
    0x08000d5c   0x08000d5c   0x00000038   Code   RO         5587    i.ESP8266_CopyRxBuffer  esp8266.o
    0x08000d94   0x08000d94   0x00000020   Code   RO         5588    i.ESP8266_GetRxBuffer  esp8266.o
    0x08000db4   0x08000db4   0x000000a8   Code   RO         5590    i.ESP8266_Init      esp8266.o
    0x08000e5c   0x08000e5c   0x00000028   Code   RO         5591    i.ESP8266_SendAT    esp8266.o
    0x08000e84   0x08000e84   0x00000020   Code   RO         5592    i.ESP8266_SendByte  esp8266.o
    0x08000ea4   0x08000ea4   0x00000078   Code   RO         5593    i.ESP8266_SendRaw   esp8266.o
    0x08000f1c   0x08000f1c   0x00000016   Code   RO         5594    i.ESP8266_SendString  esp8266.o
    0x08000f32   0x08000f32   0x00000002   PAD
    0x08000f34   0x08000f34   0x00000028   Code   RO         5596    i.ESP8266_SetModeStation  esp8266.o
    0x08000f5c   0x08000f5c   0x00000024   Code   RO         5597    i.ESP8266_SoftDelayMs  esp8266.o
    0x08000f80   0x08000f80   0x00000078   Code   RO         5598    i.ESP8266_StartTCP  esp8266.o
    0x08000ff8   0x08000ff8   0x00000018   Code   RO         5599    i.ESP8266_Test      esp8266.o
    0x08001010   0x08001010   0x0000003c   Code   RO         5600    i.ESP8266_WaitFor   esp8266.o
    0x0800104c   0x0800104c   0x00000116   Code   RO         1276    i.GPIO_Init         stm32f10x_gpio.o
    0x08001162   0x08001162   0x00000012   Code   RO         1280    i.GPIO_ReadInputDataBit  stm32f10x_gpio.o
    0x08001174   0x08001174   0x00000004   Code   RO         1283    i.GPIO_ResetBits    stm32f10x_gpio.o
    0x08001178   0x08001178   0x00000004   Code   RO         1284    i.GPIO_SetBits      stm32f10x_gpio.o
    0x0800117c   0x0800117c   0x0000000a   Code   RO         1287    i.GPIO_WriteBit     stm32f10x_gpio.o
    0x08001186   0x08001186   0x00000002   PAD
    0x08001188   0x08001188   0x0000002c   Code   RO         5563    i.HC_SR501_Init     hc_sr501.o
    0x080011b4   0x080011b4   0x00000014   Code   RO         5564    i.HC_SR501_ReadState  hc_sr501.o
    0x080011c8   0x080011c8   0x00000004   Code   RO         3168    i.HardFault_Handler  stm32f10x_it.o
    0x080011cc   0x080011cc   0x00000060   Code   RO         5171    i.LCD_Clear         lcd.o
    0x0800122c   0x0800122c   0x0000001c   Code   RO         5172    i.LCD_DrawPoint     lcd.o
    0x08001248   0x08001248   0x00000074   Code   RO         5036    i.LCD_Fill          gui.o
    0x080012bc   0x080012bc   0x0000002c   Code   RO         5173    i.LCD_GPIOInit      lcd.o
    0x080012e8   0x080012e8   0x00000240   Code   RO         5174    i.LCD_Init          lcd.o
    0x08001528   0x08001528   0x00000028   Code   RO         5175    i.LCD_RESET         lcd.o
    0x08001550   0x08001550   0x00000014   Code   RO         5176    i.LCD_SetCursor     lcd.o
    0x08001564   0x08001564   0x00000070   Code   RO         5177    i.LCD_SetWindows    lcd.o
    0x080015d4   0x080015d4   0x00000124   Code   RO         5037    i.LCD_ShowChar      gui.o
    0x080016f8   0x080016f8   0x000000b0   Code   RO         5038    i.LCD_ShowNum       gui.o
    0x080017a8   0x080017a8   0x0000006c   Code   RO         5039    i.LCD_ShowString    gui.o
    0x08001814   0x08001814   0x00000030   Code   RO         5178    i.LCD_WR_DATA       lcd.o
    0x08001844   0x08001844   0x00000030   Code   RO         5179    i.LCD_WR_REG        lcd.o
    0x08001874   0x08001874   0x00000010   Code   RO         5180    i.LCD_WriteRAM_Prepare  lcd.o
    0x08001884   0x08001884   0x00000014   Code   RO         5181    i.LCD_WriteReg      lcd.o
    0x08001898   0x08001898   0x00000094   Code   RO         5182    i.LCD_direction     lcd.o
    0x0800192c   0x0800192c   0x0000002c   Code   RO         4997    i.LED_Init          led.o
    0x08001958   0x08001958   0x00000014   Code   RO         4998    i.LED_OFF           led.o
    0x0800196c   0x0800196c   0x00000014   Code   RO         4999    i.LED_ON            led.o
    0x08001980   0x08001980   0x00000038   Code   RO         5183    i.Lcd_WriteData_16Bit  lcd.o
    0x080019b8   0x080019b8   0x0000000a   Code   RO         5451    i.MQ4_ReadAO        mq.o
    0x080019c2   0x080019c2   0x00000024   Code   RO         5452    i.MQ4_ReadAO_Avg    mq.o
    0x080019e6   0x080019e6   0x00000002   PAD
    0x080019e8   0x080019e8   0x00000010   Code   RO         5453    i.MQ4_ReadDO        mq.o
    0x080019f8   0x080019f8   0x00000054   Code   RO         5454    i.MQ4_ReadPPM_FromAO  mq.o
    0x08001a4c   0x08001a4c   0x0000000a   Code   RO         5457    i.MQ7_ReadAO        mq.o
    0x08001a56   0x08001a56   0x00000024   Code   RO         5458    i.MQ7_ReadAO_Avg    mq.o
    0x08001a7a   0x08001a7a   0x00000002   PAD
    0x08001a7c   0x08001a7c   0x00000010   Code   RO         5459    i.MQ7_ReadDO        mq.o
    0x08001a8c   0x08001a8c   0x00000054   Code   RO         5460    i.MQ7_ReadPPM_FromAO  mq.o
    0x08001ae0   0x08001ae0   0x00000024   Code   RO         5712    i.MQTT_EncodeLength  onenet.o
    0x08001b04   0x08001b04   0x00000058   Code   RO         5713    i.MQTT_TryGetConnAckCode  onenet.o
    0x08001b5c   0x08001b5c   0x00000090   Code   RO         5714    i.MQTT_WaitSubAck   onenet.o
    0x08001bec   0x08001bec   0x0000003a   Code   RO         5715    i.MQTT_WriteString  onenet.o
    0x08001c26   0x08001c26   0x00000002   PAD
    0x08001c28   0x08001c28   0x00000024   Code   RO         5462    i.MQ_ADC_ToVoltage  mq.o
    0x08001c4c   0x08001c4c   0x0000009c   Code   RO         5463    i.MQ_Init           mq.o
    0x08001ce8   0x08001ce8   0x00000044   Code   RO         5464    i.MQ_Ratio_ToPPM    mq.o
    0x08001d2c   0x08001d2c   0x00000034   Code   RO         5465    i.MQ_ReadADC_Channel  mq.o
    0x08001d60   0x08001d60   0x00000048   Code   RO         5466    i.MQ_Voltage_ToRs   mq.o
    0x08001da8   0x08001da8   0x00000004   Code   RO         3169    i.MemManage_Handler  stm32f10x_it.o
    0x08001dac   0x08001dac   0x0000001e   Code   RO         5379    i.MyI2C_Delay       myi2c.o
    0x08001dca   0x08001dca   0x00000002   PAD
    0x08001dcc   0x08001dcc   0x00000034   Code   RO         5380    i.MyI2C_Init        myi2c.o
    0x08001e00   0x08001e00   0x00000018   Code   RO         5381    i.MyI2C_R_SDA       myi2c.o
    0x08001e18   0x08001e18   0x0000001e   Code   RO         5382    i.MyI2C_ReceiveAck  myi2c.o
    0x08001e36   0x08001e36   0x00000034   Code   RO         5383    i.MyI2C_ReceiveByte  myi2c.o
    0x08001e6a   0x08001e6a   0x00000018   Code   RO         5384    i.MyI2C_SendAck     myi2c.o
    0x08001e82   0x08001e82   0x0000002a   Code   RO         5385    i.MyI2C_SendByte    myi2c.o
    0x08001eac   0x08001eac   0x0000001c   Code   RO         5386    i.MyI2C_Start       myi2c.o
    0x08001ec8   0x08001ec8   0x00000016   Code   RO         5387    i.MyI2C_Stop        myi2c.o
    0x08001ede   0x08001ede   0x00000002   PAD
    0x08001ee0   0x08001ee0   0x00000018   Code   RO         5388    i.MyI2C_W_SCL       myi2c.o
    0x08001ef8   0x08001ef8   0x00000018   Code   RO         5389    i.MyI2C_W_SDA       myi2c.o
    0x08001f10   0x08001f10   0x00000098   Code   RO         5265    i.MySPI_Init        myspi.o
    0x08001fa8   0x08001fa8   0x00000014   Code   RO         5268    i.MySPI_W_SS        myspi.o
    0x08001fbc   0x08001fbc   0x00000034   Code   RO         5269    i.MySPI_WriteByte   myspi.o
    0x08001ff0   0x08001ff0   0x00000002   Code   RO         3170    i.NMI_Handler       stm32f10x_it.o
    0x08001ff2   0x08001ff2   0x00000002   PAD
    0x08001ff4   0x08001ff4   0x00000070   Code   RO            1    i.NVIC_Init         misc.o
    0x08002064   0x08002064   0x00000024   Code   RO         5716    i.OneNet_DelayMs    onenet.o
    0x08002088   0x08002088   0x00000294   Code   RO         5717    i.OneNet_MQTT_Connect  onenet.o
    0x0800231c   0x0800231c   0x00000168   Code   RO         5718    i.OneNet_MQTT_ConnectRaw  onenet.o
    0x08002484   0x08002484   0x0000000c   Code   RO         5720    i.OneNet_MQTT_GetConnAckCode  onenet.o
    0x08002490   0x08002490   0x0000000c   Code   RO         5721    i.OneNet_MQTT_GetLastError  onenet.o
    0x0800249c   0x0800249c   0x00000130   Code   RO         5722    i.OneNet_MQTT_Publish  onenet.o
    0x080025cc   0x080025cc   0x00000124   Code   RO         5723    i.OneNet_MQTT_Subscribe  onenet.o
    0x080026f0   0x080026f0   0x00000020   Code   RO         1704    i.RCC_APB1PeriphClockCmd  stm32f10x_rcc.o
    0x08002710   0x08002710   0x00000020   Code   RO         1706    i.RCC_APB2PeriphClockCmd  stm32f10x_rcc.o
    0x08002730   0x08002730   0x00000020   Code   RO         1707    i.RCC_APB2PeriphResetCmd  stm32f10x_rcc.o
    0x08002750   0x08002750   0x000000d4   Code   RO         1714    i.RCC_GetClocksFreq  stm32f10x_rcc.o
    0x08002824   0x08002824   0x00000018   Code   RO         2192    i.SPI_Cmd           stm32f10x_spi.o
    0x0800283c   0x0800283c   0x00000012   Code   RO         2200    i.SPI_I2S_GetFlagStatus  stm32f10x_spi.o
    0x0800284e   0x0800284e   0x00000006   Code   RO         2203    i.SPI_I2S_ReceiveData  stm32f10x_spi.o
    0x08002854   0x08002854   0x00000004   Code   RO         2204    i.SPI_I2S_SendData  stm32f10x_spi.o
    0x08002858   0x08002858   0x0000003c   Code   RO         2205    i.SPI_Init          stm32f10x_spi.o
    0x08002894   0x08002894   0x00000008   Code   RO         3459    i.SetSysClock       system_stm32f10x.o
    0x0800289c   0x0800289c   0x000000e0   Code   RO         3460    i.SetSysClockTo72   system_stm32f10x.o
    0x0800297c   0x0800297c   0x00000008   Code   RO         3171    i.SysTick_Handler   stm32f10x_it.o
    0x08002984   0x08002984   0x00000060   Code   RO         3462    i.SystemInit        system_stm32f10x.o
    0x080029e4   0x080029e4   0x000000a4   Code   RO         3604    i.UART_Init         uart.o
    0x08002a88   0x08002a88   0x0000000c   Code   RO         3605    i.UART_NextIndex    uart.o
    0x08002a94   0x08002a94   0x00000020   Code   RO         3610    i.UART_SendByte     uart.o
    0x08002ab4   0x08002ab4   0x00000050   Code   RO         3612    i.USART1_IRQHandler  uart.o
    0x08002b04   0x08002b04   0x0000005c   Code   RO         5601    i.USART2_IRQHandler  esp8266.o
    0x08002b60   0x08002b60   0x0000001e   Code   RO         2886    i.USART_ClearITPendingBit  stm32f10x_usart.o
    0x08002b7e   0x08002b7e   0x00000018   Code   RO         2889    i.USART_Cmd         stm32f10x_usart.o
    0x08002b96   0x08002b96   0x0000001a   Code   RO         2892    i.USART_GetFlagStatus  stm32f10x_usart.o
    0x08002bb0   0x08002bb0   0x00000054   Code   RO         2893    i.USART_GetITStatus  stm32f10x_usart.o
    0x08002c04   0x08002c04   0x0000004a   Code   RO         2895    i.USART_ITConfig    stm32f10x_usart.o
    0x08002c4e   0x08002c4e   0x00000002   PAD
    0x08002c50   0x08002c50   0x000000d8   Code   RO         2896    i.USART_Init        stm32f10x_usart.o
    0x08002d28   0x08002d28   0x0000000a   Code   RO         2903    i.USART_ReceiveData  stm32f10x_usart.o
    0x08002d32   0x08002d32   0x00000008   Code   RO         2906    i.USART_SendData    stm32f10x_usart.o
    0x08002d3a   0x08002d3a   0x00000004   Code   RO         3172    i.UsageFault_Handler  stm32f10x_it.o
    0x08002d3e   0x08002d3e   0x00000026   Code   RO         5985    i.__ARM_fpclassifyf  m_ws.l(fpclassifyf.o)
    0x08002d64   0x08002d64   0x0000000a   Code   RO         5987    i.__mathlib_flt_divzero  m_ws.l(funder.o)
    0x08002d6e   0x08002d6e   0x00000006   Code   RO         5988    i.__mathlib_flt_infnan  m_ws.l(funder.o)
    0x08002d74   0x08002d74   0x00000004   Code   RO         5989    i.__mathlib_flt_infnan2  m_ws.l(funder.o)
    0x08002d78   0x08002d78   0x00000008   Code   RO         5990    i.__mathlib_flt_invalid  m_ws.l(funder.o)
    0x08002d80   0x08002d80   0x0000000a   Code   RO         5991    i.__mathlib_flt_overflow  m_ws.l(funder.o)
    0x08002d8a   0x08002d8a   0x0000000a   Code   RO         5993    i.__mathlib_flt_underflow  m_ws.l(funder.o)
    0x08002d94   0x08002d94   0x00000002   Code   RO         3613    i._sys_exit         uart.o
    0x08002d96   0x08002d96   0x00000060   Code   RO         3217    i.find_pattern      freertos_demo.o
    0x08002df6   0x08002df6   0x00000010   Code   RO         3614    i.fputc             uart.o
    0x08002e06   0x08002e06   0x00000002   PAD
    0x08002e08   0x08002e08   0x00000034   Code   RO         3218    i.freertos_demo     freertos_demo.o
    0x08002e3c   0x08002e3c   0x000001b4   Code   RO         5935    i.log10f            m_ws.l(log10f.o)
    0x08002ff0   0x08002ff0   0x00000044   Code   RO         3125    i.main              main.o
    0x08003034   0x08003034   0x00000016   Code   RO         5044    i.mypow             gui.o
    0x0800304a   0x0800304a   0x00000002   PAD
    0x0800304c   0x0800304c   0x00000620   Code   RO         5945    i.powf              m_ws.l(powf.o)
    0x0800366c   0x0800366c   0x000000e4   Code   RO         3219    i.process_cloud_led_cmd  freertos_demo.o
    0x08003750   0x08003750   0x000000cc   Code   RO         4293    i.prvAddCurrentTaskToDelayedList  tasks.o
    0x0800381c   0x0800381c   0x000000ec   Code   RO         4294    i.prvAddNewTaskToReadyList  tasks.o
    0x08003908   0x08003908   0x00000064   Code   RO         4706    i.prvCheckForValidListAndQueue  timers.o
    0x0800396c   0x0800396c   0x00000048   Code   RO         4295    i.prvCheckTasksWaitingTermination  tasks.o
    0x080039b4   0x080039b4   0x0000002a   Code   RO         3881    i.prvCopyDataFromQueue  queue.o
    0x080039de   0x080039de   0x0000007e   Code   RO         3882    i.prvCopyDataToQueue  queue.o
    0x08003a5c   0x08003a5c   0x00000012   Code   RO         4296    i.prvDeleteTCB      tasks.o
    0x08003a6e   0x08003a6e   0x00000002   PAD
    0x08003a70   0x08003a70   0x00000028   Code   RO         4707    i.prvGetNextExpireTime  timers.o
    0x08003a98   0x08003a98   0x0000007c   Code   RO         4871    i.prvHeapInit       heap_4.o
    0x08003b14   0x08003b14   0x00000028   Code   RO         4297    i.prvIdleTask       tasks.o
    0x08003b3c   0x08003b3c   0x0000002e   Code   RO         3885    i.prvInitialiseNewQueue  queue.o
    0x08003b6a   0x08003b6a   0x0000009e   Code   RO         4298    i.prvInitialiseNewTask  tasks.o
    0x08003c08   0x08003c08   0x00000068   Code   RO         4299    i.prvInitialiseTaskLists  tasks.o
    0x08003c70   0x08003c70   0x00000068   Code   RO         4872    i.prvInsertBlockIntoFreeList  heap_4.o
    0x08003cd8   0x08003cd8   0x00000058   Code   RO         4709    i.prvInsertTimerInActiveList  timers.o
    0x08003d30   0x08003d30   0x0000001a   Code   RO         3886    i.prvIsQueueEmpty   queue.o
    0x08003d4a   0x08003d4a   0x0000004c   Code   RO         3888    i.prvNotifyQueueSetContainer  queue.o
    0x08003d96   0x08003d96   0x00000002   PAD
    0x08003d98   0x08003d98   0x00000044   Code   RO         4710    i.prvProcessExpiredTimer  timers.o
    0x08003ddc   0x08003ddc   0x00000110   Code   RO         4711    i.prvProcessReceivedCommands  timers.o
    0x08003eec   0x08003eec   0x00000074   Code   RO         4712    i.prvProcessTimerOrBlockTask  timers.o
    0x08003f60   0x08003f60   0x00000028   Code   RO         4713    i.prvReloadTimer    timers.o
    0x08003f88   0x08003f88   0x00000030   Code   RO         4301    i.prvResetNextTaskUnblockTime  tasks.o
    0x08003fb8   0x08003fb8   0x0000002c   Code   RO         4714    i.prvSampleTimeNow  timers.o
    0x08003fe4   0x08003fe4   0x00000044   Code   RO         4715    i.prvSwitchTimerLists  timers.o
    0x08004028   0x08004028   0x00000016   Code   RO         4927    i.prvTaskExitError  port.o
    0x0800403e   0x0800403e   0x0000001a   Code   RO         4716    i.prvTimerTask      timers.o
    0x08004058   0x08004058   0x00000090   Code   RO         3889    i.prvUnlockQueue    queue.o
    0x080040e8   0x080040e8   0x000000fc   Code   RO         4873    i.pvPortMalloc      heap_4.o
    0x080041e4   0x080041e4   0x00000024   Code   RO         4928    i.pxPortInitialiseStack  port.o
    0x08004208   0x08004208   0x000000d0   Code   RO         3220    i.start_task        freertos_demo.o
    0x080042d8   0x080042d8   0x0000000a   Code   RO         3221    i.task1             freertos_demo.o
    0x080042e2   0x080042e2   0x00000002   PAD
    0x080042e4   0x080042e4   0x000003f4   Code   RO         3222    i.task2             freertos_demo.o
    0x080046d8   0x080046d8   0x00000064   Code   RO         3223    i.task3             freertos_demo.o
    0x0800473c   0x0800473c   0x00000068   Code   RO         3224    i.task4             freertos_demo.o
    0x080047a4   0x080047a4   0x00000470   Code   RO         3225    i.task5             freertos_demo.o
    0x08004c14   0x08004c14   0x00000028   Code   RO         3841    i.uxListRemove      list.o
    0x08004c3c   0x08004c3c   0x0000001a   Code   RO         3842    i.vListInitialise   list.o
    0x08004c56   0x08004c56   0x00000006   Code   RO         3843    i.vListInitialiseItem  list.o
    0x08004c5c   0x08004c5c   0x00000034   Code   RO         3844    i.vListInsert       list.o
    0x08004c90   0x08004c90   0x00000018   Code   RO         3845    i.vListInsertEnd    list.o
    0x08004ca8   0x08004ca8   0x00000024   Code   RO         4930    i.vPortEnterCritical  port.o
    0x08004ccc   0x08004ccc   0x00000020   Code   RO         4931    i.vPortExitCritical  port.o
    0x08004cec   0x08004cec   0x00000058   Code   RO         4874    i.vPortFree         heap_4.o
    0x08004d44   0x08004d44   0x0000002c   Code   RO         4932    i.vPortSetupTimerInterrupt  port.o
    0x08004d70   0x08004d70   0x00000048   Code   RO         3895    i.vQueueAddToRegistry  queue.o
    0x08004db8   0x08004db8   0x0000004a   Code   RO         3899    i.vQueueWaitForMessageRestricted  queue.o
    0x08004e02   0x08004e02   0x00000002   PAD
    0x08004e04   0x08004e04   0x00000034   Code   RO         4316    i.vTaskDelay        tasks.o
    0x08004e38   0x08004e38   0x000000d4   Code   RO         4317    i.vTaskDelete       tasks.o
    0x08004f0c   0x08004f0c   0x00000018   Code   RO         4321    i.vTaskInternalSetTimeOutState  tasks.o
    0x08004f24   0x08004f24   0x0000000c   Code   RO         4323    i.vTaskMissedYield  tasks.o
    0x08004f30   0x08004f30   0x00000020   Code   RO         4324    i.vTaskPlaceOnEventList  tasks.o
    0x08004f50   0x08004f50   0x0000004c   Code   RO         4325    i.vTaskPlaceOnEventListRestricted  tasks.o
    0x08004f9c   0x08004f9c   0x00000078   Code   RO         4333    i.vTaskStartScheduler  tasks.o
    0x08005014   0x08005014   0x00000010   Code   RO         4335    i.vTaskSuspendAll   tasks.o
    0x08005024   0x08005024   0x00000060   Code   RO         4336    i.vTaskSwitchContext  tasks.o
    0x08005084   0x08005084   0x00000034   Code   RO         4933    i.xPortStartScheduler  port.o
    0x080050b8   0x080050b8   0x00000034   Code   RO         4934    i.xPortSysTickHandler  port.o
    0x080050ec   0x080050ec   0x0000004c   Code   RO         3904    i.xQueueGenericCreate  queue.o
    0x08005138   0x08005138   0x000000a0   Code   RO         3905    i.xQueueGenericReset  queue.o
    0x080051d8   0x080051d8   0x00000104   Code   RO         3914    i.xQueueReceive     queue.o
    0x080052dc   0x080052dc   0x0000007c   Code   RO         4339    i.xTaskCheckForTimeOut  tasks.o
    0x08005358   0x08005358   0x00000060   Code   RO         4340    i.xTaskCreate       tasks.o
    0x080053b8   0x080053b8   0x0000000c   Code   RO         4350    i.xTaskGetTickCount  tasks.o
    0x080053c4   0x080053c4   0x00000190   Code   RO         4352    i.xTaskIncrementTick  tasks.o
    0x08005554   0x08005554   0x000000ac   Code   RO         4353    i.xTaskPriorityDisinherit  tasks.o
    0x08005600   0x08005600   0x00000108   Code   RO         4355    i.xTaskRemoveFromEventList  tasks.o
    0x08005708   0x08005708   0x0000015c   Code   RO         4356    i.xTaskResumeAll    tasks.o
    0x08005864   0x08005864   0x00000040   Code   RO         4724    i.xTimerCreateTimerTask  timers.o
    0x080058a4   0x080058a4   0x000000c4   Code   RO         5904    x$fpl$fadd          fz_ws.l(faddsub_clz.o)
    0x08005968   0x08005968   0x0000000c   Code   RO         6027    x$fpl$fcheck1       fz_ws.l(fcheck1.o)
    0x08005974   0x08005974   0x00000018   Code   RO         5974    x$fpl$fcmpinf       fz_ws.l(fcmpi.o)
    0x0800598c   0x0800598c   0x00000184   Code   RO         5911    x$fpl$fdiv          fz_ws.l(fdiv.o)
    0x08005b10   0x08005b10   0x00000036   Code   RO         5914    x$fpl$ffix          fz_ws.l(ffix.o)
    0x08005b46   0x08005b46   0x00000002   PAD
    0x08005b48   0x08005b48   0x00000052   Code   RO         5915    x$fpl$ffixr         fz_ws.l(ffix.o)
    0x08005b9a   0x08005b9a   0x00000002   PAD
    0x08005b9c   0x08005b9c   0x0000003e   Code   RO         5918    x$fpl$ffixu         fz_ws.l(ffixu.o)
    0x08005bda   0x08005bda   0x00000002   PAD
    0x08005bdc   0x08005bdc   0x00000030   Code   RO         5923    x$fpl$fflt          fz_ws.l(fflt_clz.o)
    0x08005c0c   0x08005c0c   0x00000026   Code   RO         5922    x$fpl$ffltu         fz_ws.l(fflt_clz.o)
    0x08005c32   0x08005c32   0x00000002   PAD
    0x08005c34   0x08005c34   0x00000068   Code   RO         5928    x$fpl$fleqf         fz_ws.l(fleqf.o)
    0x08005c9c   0x08005c9c   0x00000102   Code   RO         5930    x$fpl$fmul          fz_ws.l(fmul.o)
    0x08005d9e   0x08005d9e   0x0000008c   Code   RO         5976    x$fpl$fnaninf       fz_ws.l(fnaninf.o)
    0x08005e2a   0x08005e2a   0x0000000a   Code   RO         5978    x$fpl$fretinf       fz_ws.l(fretinf.o)
    0x08005e34   0x08005e34   0x00000062   Code   RO         5932    x$fpl$frleqf        fz_ws.l(frleqf.o)
    0x08005e96   0x08005e96   0x00000014   Code   RO         5905    x$fpl$frsb          fz_ws.l(faddsub_clz.o)
    0x08005eaa   0x08005eaa   0x00000002   PAD
    0x08005eac   0x08005eac   0x000000ea   Code   RO         5906    x$fpl$fsub          fz_ws.l(faddsub_clz.o)
    0x08005f96   0x08005f96   0x00000064   Code   RO         6042    x$fpl$retnan        fz_ws.l(retnan.o)
    0x08005ffa   0x08005ffa   0x0000004c   Code   RO         5982    x$fpl$scalbnf       fz_ws.l(scalbnf.o)
    0x08006046   0x08006046   0x00000030   Code   RO         6091    x$fpl$trapveneer    fz_ws.l(trapv.o)
    0x08006076   0x08006076   0x00000000   Code   RO         5984    x$fpl$usenofp       fz_ws.l(usenofp.o)
    0x08006076   0x08006076   0x000016ae   Data   RO         5045    .constdata          gui.o
    0x08007724   0x08007724   0x00000040   Data   RO         5936    .constdata          m_ws.l(log10f.o)
    0x08007764   0x08007764   0x00000140   Data   RO         5946    .constdata          m_ws.l(powf.o)
    0x080078a4   0x080078a4   0x00000139   Data   RO         3227    .conststring        freertos_demo.o
    0x080079dd   0x080079dd   0x00000003   PAD
    0x080079e0   0x080079e0   0x00000020   Data   RO         6168    Region$$Table       anon$$obj.o


    Execution Region RW_IRAM1 (Exec base: 0x20000000, Load base: 0x08007a00, Size: 0x00003cd8, Max: 0x00005000, ABSOLUTE)

    Exec Addr    Load Addr    Size         Type   Attr      Idx    E Section Name        Object

    0x20000000   0x08007a00   0x00000014   Data   RW         1734    .data               stm32f10x_rcc.o
    0x20000014   0x08007a14   0x0000003e   Data   RW         3228    .data               freertos_demo.o
    0x20000052   0x08007a52   0x00000002   PAD
    0x20000054   0x08007a54   0x00000014   Data   RW         3463    .data               system_stm32f10x.o
    0x20000068   0x08007a68   0x00000008   Data   RW         3616    .data               uart.o
    0x20000070   0x08007a70   0x00000040   Data   RW         4359    .data               tasks.o
    0x200000b0   0x08007ab0   0x00000014   Data   RW         4733    .data               timers.o
    0x200000c4   0x08007ac4   0x00000020   Data   RW         4880    .data               heap_4.o
    0x200000e4   0x08007ae4   0x00000004   Data   RW         4935    .data               port.o
    0x200000e8   0x08007ae8   0x00000006   Data   RW         5185    .data               lcd.o
    0x200000ee   0x08007aee   0x00000002   PAD
    0x200000f0   0x08007af0   0x00000008   Data   RW         5312    .data               aht20.o
    0x200000f8   0x08007af8   0x00000008   Data   RW         5467    .data               mq.o
    0x20000100   0x08007b00   0x00000002   Data   RW         5603    .data               esp8266.o
    0x20000102   0x08007b02   0x00000006   Data   RW         5733    .data               onenet.o
    0x20000108        -       0x00000080   Zero   RW         3615    .bss                uart.o
    0x20000188        -       0x00000040   Zero   RW         3921    .bss                queue.o
    0x200001c8        -       0x000002e4   Zero   RW         4358    .bss                tasks.o
    0x200004ac        -       0x00000028   Zero   RW         4732    .bss                timers.o
    0x200004d4        -       0x00002800   Zero   RW         4879    .bss                heap_4.o
    0x20002cd4        -       0x00000010   Zero   RW         5184    .bss                lcd.o
    0x20002ce4        -       0x00000200   Zero   RW         5602    .bss                esp8266.o
    0x20002ee4        -       0x00000790   Zero   RW         5732    .bss                onenet.o
    0x20003674        -       0x00000060   Zero   RW         6030    .bss                c_w.l(libspace.o)
    0x200036d4   0x08007b08   0x00000004   PAD
    0x200036d8        -       0x00000200   Zero   RW         3453    HEAP                startup_stm32f10x_md.o
    0x200038d8        -       0x00000400   Zero   RW         3452    STACK               startup_stm32f10x_md.o


==============================================================================

Image component sizes


      Code (inc. data)   RO Data    RW Data    ZI Data      Debug   Object Name

       632         20          0          8          0       4923   aht20.o
         0          0          0          0          0         32   core_cm3.o
         0          0          0          0          0      14056   croutine.o
        70          0          0          0          0        874   delay.o
      1066        232          0          2        512       9632   esp8266.o
         0          0          0          0          0      12872   event_groups.o
      2946        974        313         62          0     237018   freertos_demo.o
       714         44       5806          0          0       4931   gui.o
        64         10          0          0          0        901   hc_sr501.o
       568         72          0         32      10240       3687   heap_4.o
      1252         86          0          6         16       8241   lcd.o
        84         16          0          0          0       1214   led.o
       148          0          0          0          0       2886   list.o
        68         34          0          0          0       1883   main.o
       112         12          0          0          0     247504   misc.o
       676         90          0          8          0       6686   mq.o
       352         18          0          0          0       5222   myi2c.o
       224         12          0          0          0       1840   myspi.o
      2002        402          0          6       1936       9588   onenet.o
       424         50          0          4          0       8652   port.o
      1102         14          0          0         64      11659   queue.o
        64         26        236          0       1536        764   startup_stm32f10x_md.o
       486         24          0          0          0      18458   stm32f10x_adc.o
       314          0          0          0          0      12152   stm32f10x_gpio.o
        28          0          0          0          0       2775   stm32f10x_it.o
       308         38          0         20          0      13315   stm32f10x_rcc.o
       112          0          0          0          0      10302   stm32f10x_spi.o
       472          6          0          0          0      12219   stm32f10x_usart.o
       328         28          0         20          0       1985   system_stm32f10x.o
      2936        382          0         64        740      30689   tasks.o
       926        110          0         20         40      12380   timers.o
       306         30          0          8        128       4806   uart.o

    ----------------------------------------------------------------------
     18822       2730       6390        264      15212     714146   Object Totals
         0          0         32          0          0          0   (incl. Generated)
        38          0          3          4          0          0   (incl. Padding)

    ----------------------------------------------------------------------

      Code (inc. data)   RO Data    RW Data    ZI Data      Debug   Library Member Name

         8          0          0          0          0         68   __main.o
       104          0          0          0          0         84   __printf.o
         0          0          0          0          0          0   __rtentry.o
        12          0          0          0          0          0   __rtentry2.o
         6          0          0          0          0          0   __rtentry4.o
        52          8          0          0          0          0   __scatter.o
        26          0          0          0          0          0   __scatter_copy.o
        28          0          0          0          0          0   __scatter_zi.o
        44          0          0          0          0        108   _printf_char.o
        48          6          0          0          0         96   _printf_char_common.o
        36          4          0          0          0         80   _printf_char_file.o
         6          0          0          0          0          0   _printf_d.o
       120         16          0          0          0         92   _printf_dec.o
       178          0          0          0          0         88   _printf_intcommon.o
         0          0          0          0          0          0   _printf_percent.o
         4          0          0          0          0          0   _printf_percent_end.o
         6          0          0          0          0          0   _printf_s.o
        82          0          0          0          0         80   _printf_str.o
         6          0          0          0          0          0   _printf_u.o
        22          0          0          0          0        100   _rserrno.o
        16          0          0          0          0         68   _snputc.o
        10          0          0          0          0         68   _sputc.o
        16          0          0          0          0         68   aeabi_memset.o
        18          0          0          0          0         80   exit.o
         8          0          0          0          0         68   ferror.o
         6          0          0          0          0        152   heapauxi.o
         2          0          0          0          0          0   libinit.o
         2          0          0          0          0          0   libinit2.o
         2          0          0          0          0          0   libshutdown.o
         2          0          0          0          0          0   libshutdown2.o
         8          4          0          0         96         68   libspace.o
        24          4          0          0          0         84   noretval__2printf.o
        52          4          0          0          0         84   noretval__2snprintf.o
         8          4          0          0          0         68   rt_errno_addr_intlibspace.o
        68          0          0          0          0         68   rt_memclr.o
        78          0          0          0          0         80   rt_memclr_w.o
       138          0          0          0          0         68   rt_memcpy_v6.o
       100          0          0          0          0         80   rt_memcpy_w.o
         2          0          0          0          0          0   rtexit.o
        10          0          0          0          0          0   rtexit2.o
        62          0          0          0          0         76   strlen.o
        36          0          0          0          0         80   strstr.o
        74          0          0          0          0         80   sys_stackheap_outer.o
         2          0          0          0          0         68   use_no_semi.o
         2          0          0          0          0         68   use_no_semi_2.o
       450          8          0          0          0        236   faddsub_clz.o
        12          4          0          0          0         68   fcheck1.o
        24          0          0          0          0         68   fcmpi.o
       388         76          0          0          0         96   fdiv.o
       136          8          0          0          0        168   ffix.o
        62          4          0          0          0         84   ffixu.o
        86          0          0          0          0        136   fflt_clz.o
       104          4          0          0          0         84   fleqf.o
       258          4          0          0          0         84   fmul.o
       140          4          0          0          0         84   fnaninf.o
        10          0          0          0          0         68   fretinf.o
        98          0          0          0          0         68   frleqf.o
       100          0          0          0          0         68   retnan.o
        76          0          0          0          0         68   scalbnf.o
        48          0          0          0          0         68   trapv.o
         0          0          0          0          0          0   usenofp.o
        38          0          0          0          0         68   fpclassifyf.o
        48          0          0          0          0        408   funder.o
       436         52         64          0          0        132   log10f.o
      1568         80        320          0          0        224   powf.o

    ----------------------------------------------------------------------
      5636        294        384          0        100       4552   Library Totals
        20          0          0          0          4          0   (incl. Padding)

    ----------------------------------------------------------------------

      Code (inc. data)   RO Data    RW Data    ZI Data      Debug   Library Name

      1534         50          0          0         96       2272   c_w.l
      1992        112          0          0          0       1448   fz_ws.l
      2090        132        384          0          0        832   m_ws.l

    ----------------------------------------------------------------------
      5636        294        384          0        100       4552   Library Totals

    ----------------------------------------------------------------------

==============================================================================


      Code (inc. data)   RO Data    RW Data    ZI Data      Debug   

     24458       3024       6774        264      15312     705278   Grand Totals
     24458       3024       6774        264      15312     705278   ELF Image Totals
     24458       3024       6774        264          0          0   ROM Totals

==============================================================================

    Total RO  Size (Code + RO Data)                31232 (  30.50kB)
    Total RW  Size (RW Data + ZI Data)             15576 (  15.21kB)
    Total ROM Size (Code + RO Data + RW Data)      31496 (  30.76kB)

==============================================================================

